[1.793s] Invoking command in '/home/certezas/robotis_ws/build/op3_camera_setting_tool_msgs': CMAKE_PREFIX_PATH=${CMAKE_PREFIX_PATH}:/opt/ros/humble /usr/bin/cmake --build /home/certezas/robotis_ws/build/op3_camera_setting_tool_msgs -- -j12 -l12
[2.700s] -- Found ament_cmake: 1.3.11 (/opt/ros/humble/share/ament_cmake/cmake)
[4.603s] -- Found std_msgs: 4.8.0 (/opt/ros/humble/share/std_msgs/cmake)
[6.626s] -- Found rosidl_generator_c: 3.1.6 (/opt/ros/humble/share/rosidl_generator_c/cmake)
[6.629s] -- Found rosidl_adapter: 3.1.6 (/opt/ros/humble/share/rosidl_adapter/cmake)
[6.758s] -- Found rosidl_generator_cpp: 3.1.6 (/opt/ros/humble/share/rosidl_generator_cpp/cmake)
[7.038s] -- Using all available rosidl_typesupport_c: rosidl_typesupport_fastrtps_c;rosidl_typesupport_introspection_c
[7.072s] -- Using all available rosidl_typesupport_cpp: rosidl_typesupport_fastrtps_cpp;rosidl_typesupport_introspection_cpp
[7.352s] -- Found rosidl_default_generators: 1.2.0 (/opt/ros/humble/share/rosidl_default_generators/cmake)
[8.982s] -- Found ament_cmake_ros: 0.10.0 (/opt/ros/humble/share/ament_cmake_ros/cmake)
[10.483s] -- Using all available rosidl_typesupport_c: rosidl_typesupport_fastrtps_c;rosidl_typesupport_introspection_c
[11.873s] -- Using all available rosidl_typesupport_cpp: rosidl_typesupport_fastrtps_cpp;rosidl_typesupport_introspection_cpp
[12.061s] -- Found python_cmake_module: 0.10.0 (/opt/ros/humble/share/python_cmake_module/cmake)
[12.264s] -- Using PYTHON_EXECUTABLE: /usr/bin/python3
[12.264s] -- Using PYTHON_INCLUDE_DIRS: /usr/include/python3.10
[12.264s] -- Using PYTHON_LIBRARIES: /usr/lib/x86_64-linux-gnu/libpython3.10.so
[17.337s] -- Configuring done
[28.997s] -- Generating done
[29.092s] -- Build files have been written to: /home/certezas/robotis_ws/build/op3_camera_setting_tool_msgs
[29.542s] [  1%] Built target op3_camera_setting_tool_msgs__cpp
[29.821s] [  1%] Built target ament_cmake_python_copy_op3_camera_setting_tool_msgs
[30.004s] [35m[1mConsolidate compiler generated dependencies of target op3_camera_setting_tool_msgs__rosidl_typesupport_cpp[0m
[30.039s] [  3%] [32mBuilding CXX object CMakeFiles/op3_camera_setting_tool_msgs__rosidl_typesupport_cpp.dir/rosidl_typesupport_cpp/op3_camera_setting_tool_msgs/msg/camera_params__type_support.cpp.o[0m
[30.832s] [  4%] [32mBuilding CXX object CMakeFiles/op3_camera_setting_tool_msgs__rosidl_typesupport_cpp.dir/rosidl_typesupport_cpp/op3_camera_setting_tool_msgs/srv/set_parameters__type_support.cpp.o[0m
[31.668s] [  6%] [32mBuilding CXX object CMakeFiles/op3_camera_setting_tool_msgs__rosidl_typesupport_cpp.dir/rosidl_typesupport_cpp/op3_camera_setting_tool_msgs/srv/get_parameters__type_support.cpp.o[0m
[33.338s] [  7%] [32mBuilding CXX object CMakeFiles/op3_camera_setting_tool_msgs__rosidl_typesupport_cpp.dir/rosidl_typesupport_cpp/op3_camera_setting_tool_msgs/msg/v4l_parameters__type_support.cpp.o[0m
[33.956s] [  9%] [32mBuilding CXX object CMakeFiles/op3_camera_setting_tool_msgs__rosidl_typesupport_cpp.dir/rosidl_typesupport_cpp/op3_camera_setting_tool_msgs/msg/v4l_parameter__type_support.cpp.o[0m
[34.620s] [ 11%] [32m[1mLinking CXX shared library libop3_camera_setting_tool_msgs__rosidl_typesupport_cpp.so[0m
[34.737s] [ 12%] Built target op3_camera_setting_tool_msgs__rosidl_typesupport_cpp
[35.635s] running egg_info
[35.638s] writing op3_camera_setting_tool_msgs.egg-info/PKG-INFO
[35.643s] writing dependency_links to op3_camera_setting_tool_msgs.egg-info/dependency_links.txt
[35.643s] writing top-level names to op3_camera_setting_tool_msgs.egg-info/top_level.txt
[35.648s] reading manifest file 'op3_camera_setting_tool_msgs.egg-info/SOURCES.txt'
[35.675s] writing manifest file 'op3_camera_setting_tool_msgs.egg-info/SOURCES.txt'
[35.785s] [ 12%] Built target ament_cmake_python_build_op3_camera_setting_tool_msgs_egg
[36.357s] [35m[1mConsolidate compiler generated dependencies of target op3_camera_setting_tool_msgs__rosidl_typesupport_introspection_cpp[0m
[36.395s] [ 14%] [32mBuilding CXX object CMakeFiles/op3_camera_setting_tool_msgs__rosidl_typesupport_introspection_cpp.dir/rosidl_typesupport_introspection_cpp/op3_camera_setting_tool_msgs/msg/detail/camera_params__type_support.cpp.o[0m
[37.364s] [ 15%] [32mBuilding CXX object CMakeFiles/op3_camera_setting_tool_msgs__rosidl_typesupport_introspection_cpp.dir/rosidl_typesupport_introspection_cpp/op3_camera_setting_tool_msgs/srv/detail/set_parameters__type_support.cpp.o[0m
[38.262s] [ 17%] [32mBuilding CXX object CMakeFiles/op3_camera_setting_tool_msgs__rosidl_typesupport_introspection_cpp.dir/rosidl_typesupport_introspection_cpp/op3_camera_setting_tool_msgs/srv/detail/get_parameters__type_support.cpp.o[0m
[39.078s] [ 19%] [32mBuilding CXX object CMakeFiles/op3_camera_setting_tool_msgs__rosidl_typesupport_introspection_cpp.dir/rosidl_typesupport_introspection_cpp/op3_camera_setting_tool_msgs/msg/detail/v4l_parameters__type_support.cpp.o[0m
[39.738s] [ 20%] [32mBuilding CXX object CMakeFiles/op3_camera_setting_tool_msgs__rosidl_typesupport_introspection_cpp.dir/rosidl_typesupport_introspection_cpp/op3_camera_setting_tool_msgs/msg/detail/v4l_parameter__type_support.cpp.o[0m
[40.579s] [ 22%] [32m[1mLinking CXX shared library libop3_camera_setting_tool_msgs__rosidl_typesupport_introspection_cpp.so[0m
[40.730s] [ 23%] Built target op3_camera_setting_tool_msgs__rosidl_typesupport_introspection_cpp
[42.392s] [35m[1mConsolidate compiler generated dependencies of target op3_camera_setting_tool_msgs__rosidl_typesupport_fastrtps_cpp[0m
[42.424s] [ 25%] [32mBuilding CXX object CMakeFiles/op3_camera_setting_tool_msgs__rosidl_typesupport_fastrtps_cpp.dir/rosidl_typesupport_fastrtps_cpp/op3_camera_setting_tool_msgs/msg/detail/dds_fastrtps/camera_params__type_support.cpp.o[0m
[43.428s] [ 26%] [32mBuilding CXX object CMakeFiles/op3_camera_setting_tool_msgs__rosidl_typesupport_fastrtps_cpp.dir/rosidl_typesupport_fastrtps_cpp/op3_camera_setting_tool_msgs/srv/detail/dds_fastrtps/set_parameters__type_support.cpp.o[0m
[44.137s] [ 28%] [32mBuilding CXX object CMakeFiles/op3_camera_setting_tool_msgs__rosidl_typesupport_fastrtps_cpp.dir/rosidl_typesupport_fastrtps_cpp/op3_camera_setting_tool_msgs/srv/detail/dds_fastrtps/get_parameters__type_support.cpp.o[0m
[44.691s] [ 30%] [32mBuilding CXX object CMakeFiles/op3_camera_setting_tool_msgs__rosidl_typesupport_fastrtps_cpp.dir/rosidl_typesupport_fastrtps_cpp/op3_camera_setting_tool_msgs/msg/detail/dds_fastrtps/v4l_parameters__type_support.cpp.o[0m
[45.276s] [ 31%] [32mBuilding CXX object CMakeFiles/op3_camera_setting_tool_msgs__rosidl_typesupport_fastrtps_cpp.dir/rosidl_typesupport_fastrtps_cpp/op3_camera_setting_tool_msgs/msg/detail/dds_fastrtps/v4l_parameter__type_support.cpp.o[0m
[46.303s] [ 33%] [32m[1mLinking CXX shared library libop3_camera_setting_tool_msgs__rosidl_typesupport_fastrtps_cpp.so[0m
[46.662s] [ 34%] Built target op3_camera_setting_tool_msgs__rosidl_typesupport_fastrtps_cpp
[47.838s] [35m[1mConsolidate compiler generated dependencies of target op3_camera_setting_tool_msgs__rosidl_generator_c[0m
[47.917s] [ 36%] [32mBuilding C object CMakeFiles/op3_camera_setting_tool_msgs__rosidl_generator_c.dir/rosidl_generator_c/op3_camera_setting_tool_msgs/msg/detail/camera_params__functions.c.o[0m
[48.223s] [ 38%] [32mBuilding C object CMakeFiles/op3_camera_setting_tool_msgs__rosidl_generator_c.dir/rosidl_generator_c/op3_camera_setting_tool_msgs/srv/detail/set_parameters__functions.c.o[0m
[48.523s] [ 39%] [32mBuilding C object CMakeFiles/op3_camera_setting_tool_msgs__rosidl_generator_c.dir/rosidl_generator_c/op3_camera_setting_tool_msgs/srv/detail/get_parameters__functions.c.o[0m
[48.752s] [ 41%] [32mBuilding C object CMakeFiles/op3_camera_setting_tool_msgs__rosidl_generator_c.dir/rosidl_generator_c/op3_camera_setting_tool_msgs/msg/detail/v4l_parameters__functions.c.o[0m
[49.088s] [ 42%] [32mBuilding C object CMakeFiles/op3_camera_setting_tool_msgs__rosidl_generator_c.dir/rosidl_generator_c/op3_camera_setting_tool_msgs/msg/detail/v4l_parameter__functions.c.o[0m
[49.247s] [ 44%] [32m[1mLinking C shared library libop3_camera_setting_tool_msgs__rosidl_generator_c.so[0m
[49.496s] [ 46%] Built target op3_camera_setting_tool_msgs__rosidl_generator_c
[49.820s] [35m[1mConsolidate compiler generated dependencies of target op3_camera_setting_tool_msgs__rosidl_typesupport_introspection_c[0m
[49.838s] [ 47%] [32mBuilding C object CMakeFiles/op3_camera_setting_tool_msgs__rosidl_typesupport_introspection_c.dir/rosidl_typesupport_introspection_c/op3_camera_setting_tool_msgs/msg/detail/camera_params__type_support.c.o[0m
[49.992s] [ 49%] [32mBuilding C object CMakeFiles/op3_camera_setting_tool_msgs__rosidl_typesupport_introspection_c.dir/rosidl_typesupport_introspection_c/op3_camera_setting_tool_msgs/srv/detail/set_parameters__type_support.c.o[0m
[50.196s] [ 50%] [32mBuilding C object CMakeFiles/op3_camera_setting_tool_msgs__rosidl_typesupport_introspection_c.dir/rosidl_typesupport_introspection_c/op3_camera_setting_tool_msgs/srv/detail/get_parameters__type_support.c.o[0m
[50.265s] [ 52%] [32mBuilding C object CMakeFiles/op3_camera_setting_tool_msgs__rosidl_typesupport_introspection_c.dir/rosidl_typesupport_introspection_c/op3_camera_setting_tool_msgs/msg/detail/v4l_parameters__type_support.c.o[0m
[50.503s] [ 53%] [32mBuilding C object CMakeFiles/op3_camera_setting_tool_msgs__rosidl_typesupport_introspection_c.dir/rosidl_typesupport_introspection_c/op3_camera_setting_tool_msgs/msg/detail/v4l_parameter__type_support.c.o[0m
[50.541s] [ 55%] [32m[1mLinking C shared library libop3_camera_setting_tool_msgs__rosidl_typesupport_introspection_c.so[0m
[50.639s] [ 57%] Built target op3_camera_setting_tool_msgs__rosidl_typesupport_introspection_c
[50.817s] [35m[1mConsolidate compiler generated dependencies of target op3_camera_setting_tool_msgs__rosidl_typesupport_fastrtps_c[0m
[50.842s] [ 58%] [32mBuilding CXX object CMakeFiles/op3_camera_setting_tool_msgs__rosidl_typesupport_fastrtps_c.dir/rosidl_typesupport_fastrtps_c/op3_camera_setting_tool_msgs/msg/detail/camera_params__type_support_c.cpp.o[0m
[51.483s] [ 60%] [32mBuilding CXX object CMakeFiles/op3_camera_setting_tool_msgs__rosidl_typesupport_fastrtps_c.dir/rosidl_typesupport_fastrtps_c/op3_camera_setting_tool_msgs/srv/detail/set_parameters__type_support_c.cpp.o[0m
[51.967s] [ 61%] [32mBuilding CXX object CMakeFiles/op3_camera_setting_tool_msgs__rosidl_typesupport_fastrtps_c.dir/rosidl_typesupport_fastrtps_c/op3_camera_setting_tool_msgs/srv/detail/get_parameters__type_support_c.cpp.o[0m
[52.768s] [ 63%] [32mBuilding CXX object CMakeFiles/op3_camera_setting_tool_msgs__rosidl_typesupport_fastrtps_c.dir/rosidl_typesupport_fastrtps_c/op3_camera_setting_tool_msgs/msg/detail/v4l_parameters__type_support_c.cpp.o[0m
[53.267s] [ 65%] [32mBuilding CXX object CMakeFiles/op3_camera_setting_tool_msgs__rosidl_typesupport_fastrtps_c.dir/rosidl_typesupport_fastrtps_c/op3_camera_setting_tool_msgs/msg/detail/v4l_parameter__type_support_c.cpp.o[0m
[53.891s] [ 66%] [32m[1mLinking CXX shared library libop3_camera_setting_tool_msgs__rosidl_typesupport_fastrtps_c.so[0m
[54.002s] [ 68%] Built target op3_camera_setting_tool_msgs__rosidl_typesupport_fastrtps_c
[54.291s] [35m[1mConsolidate compiler generated dependencies of target op3_camera_setting_tool_msgs__rosidl_typesupport_c[0m
[54.306s] [ 69%] [32mBuilding CXX object CMakeFiles/op3_camera_setting_tool_msgs__rosidl_typesupport_c.dir/rosidl_typesupport_c/op3_camera_setting_tool_msgs/msg/camera_params__type_support.cpp.o[0m
[54.344s] [ 71%] [32mBuilding CXX object CMakeFiles/op3_camera_setting_tool_msgs__rosidl_typesupport_c.dir/rosidl_typesupport_c/op3_camera_setting_tool_msgs/srv/set_parameters__type_support.cpp.o[0m
[54.382s] [ 73%] [32mBuilding CXX object CMakeFiles/op3_camera_setting_tool_msgs__rosidl_typesupport_c.dir/rosidl_typesupport_c/op3_camera_setting_tool_msgs/srv/get_parameters__type_support.cpp.o[0m
[54.427s] [ 74%] [32mBuilding CXX object CMakeFiles/op3_camera_setting_tool_msgs__rosidl_typesupport_c.dir/rosidl_typesupport_c/op3_camera_setting_tool_msgs/msg/v4l_parameters__type_support.cpp.o[0m
[54.608s] [ 76%] [32mBuilding CXX object CMakeFiles/op3_camera_setting_tool_msgs__rosidl_typesupport_c.dir/rosidl_typesupport_c/op3_camera_setting_tool_msgs/msg/v4l_parameter__type_support.cpp.o[0m
[54.643s] [ 77%] [32m[1mLinking CXX shared library libop3_camera_setting_tool_msgs__rosidl_typesupport_c.so[0m
[54.703s] [ 79%] Built target op3_camera_setting_tool_msgs__rosidl_typesupport_c
[54.900s] [ 79%] Built target op3_camera_setting_tool_msgs
[55.734s] [ 80%] Built target op3_camera_setting_tool_msgs__py
[55.822s] [35m[1mConsolidate compiler generated dependencies of target op3_camera_setting_tool_msgs__rosidl_generator_py[0m
[55.857s] [ 82%] [32mBuilding C object CMakeFiles/op3_camera_setting_tool_msgs__rosidl_generator_py.dir/rosidl_generator_py/op3_camera_setting_tool_msgs/msg/_camera_params_s.c.o[0m
[56.068s] [ 84%] [32mBuilding C object CMakeFiles/op3_camera_setting_tool_msgs__rosidl_generator_py.dir/rosidl_generator_py/op3_camera_setting_tool_msgs/srv/_set_parameters_s.c.o[0m
[56.211s] [ 85%] [32mBuilding C object CMakeFiles/op3_camera_setting_tool_msgs__rosidl_generator_py.dir/rosidl_generator_py/op3_camera_setting_tool_msgs/srv/_get_parameters_s.c.o[0m
[56.384s] [ 87%] [32mBuilding C object CMakeFiles/op3_camera_setting_tool_msgs__rosidl_generator_py.dir/rosidl_generator_py/op3_camera_setting_tool_msgs/msg/_v4l_parameters_s.c.o[0m
[56.538s] [ 88%] [32mBuilding C object CMakeFiles/op3_camera_setting_tool_msgs__rosidl_generator_py.dir/rosidl_generator_py/op3_camera_setting_tool_msgs/msg/_v4l_parameter_s.c.o[0m
[56.677s] [ 90%] [32m[1mLinking C shared library rosidl_generator_py/op3_camera_setting_tool_msgs/libop3_camera_setting_tool_msgs__rosidl_generator_py.so[0m
[57.082s] [ 90%] Built target op3_camera_setting_tool_msgs__rosidl_generator_py
[57.306s] [35m[1mConsolidate compiler generated dependencies of target op3_camera_setting_tool_msgs__rosidl_typesupport_fastrtps_c__pyext[0m
[57.327s] [ 92%] [32mBuilding C object CMakeFiles/op3_camera_setting_tool_msgs__rosidl_typesupport_fastrtps_c__pyext.dir/rosidl_generator_py/op3_camera_setting_tool_msgs/_op3_camera_setting_tool_msgs_s.ep.rosidl_typesupport_fastrtps_c.c.o[0m
[57.552s] [ 93%] [32m[1mLinking C shared library rosidl_generator_py/op3_camera_setting_tool_msgs/op3_camera_setting_tool_msgs_s__rosidl_typesupport_fastrtps_c.cpython-310-x86_64-linux-gnu.so[0m
[57.612s] [ 93%] Built target op3_camera_setting_tool_msgs__rosidl_typesupport_fastrtps_c__pyext
[57.692s] [35m[1mConsolidate compiler generated dependencies of target op3_camera_setting_tool_msgs__rosidl_typesupport_c__pyext[0m
[57.714s] [ 95%] [32mBuilding C object CMakeFiles/op3_camera_setting_tool_msgs__rosidl_typesupport_c__pyext.dir/rosidl_generator_py/op3_camera_setting_tool_msgs/_op3_camera_setting_tool_msgs_s.ep.rosidl_typesupport_c.c.o[0m
[57.893s] [ 96%] [32m[1mLinking C shared library rosidl_generator_py/op3_camera_setting_tool_msgs/op3_camera_setting_tool_msgs_s__rosidl_typesupport_c.cpython-310-x86_64-linux-gnu.so[0m
[58.094s] [ 96%] Built target op3_camera_setting_tool_msgs__rosidl_typesupport_c__pyext
[58.484s] [35m[1mConsolidate compiler generated dependencies of target op3_camera_setting_tool_msgs__rosidl_typesupport_introspection_c__pyext[0m
[58.557s] [ 98%] [32mBuilding C object CMakeFiles/op3_camera_setting_tool_msgs__rosidl_typesupport_introspection_c__pyext.dir/rosidl_generator_py/op3_camera_setting_tool_msgs/_op3_camera_setting_tool_msgs_s.ep.rosidl_typesupport_introspection_c.c.o[0m
[58.723s] [100%] [32m[1mLinking C shared library rosidl_generator_py/op3_camera_setting_tool_msgs/op3_camera_setting_tool_msgs_s__rosidl_typesupport_introspection_c.cpython-310-x86_64-linux-gnu.so[0m
[58.805s] [100%] Built target op3_camera_setting_tool_msgs__rosidl_typesupport_introspection_c__pyext
[58.825s] Invoked command in '/home/certezas/robotis_ws/build/op3_camera_setting_tool_msgs' returned '0': CMAKE_PREFIX_PATH=${CMAKE_PREFIX_PATH}:/opt/ros/humble /usr/bin/cmake --build /home/certezas/robotis_ws/build/op3_camera_setting_tool_msgs -- -j12 -l12
[58.828s] Invoking command in '/home/certezas/robotis_ws/build/op3_camera_setting_tool_msgs': CMAKE_PREFIX_PATH=${CMAKE_PREFIX_PATH}:/opt/ros/humble /usr/bin/cmake --install /home/certezas/robotis_ws/build/op3_camera_setting_tool_msgs
[59.744s] -- Install configuration: ""
[59.744s] -- Installing: /home/certezas/robotis_ws/install/op3_camera_setting_tool_msgs/share/ament_index/resource_index/rosidl_interfaces/op3_camera_setting_tool_msgs
[59.744s] -- Up-to-date: /home/certezas/robotis_ws/install/op3_camera_setting_tool_msgs/include/op3_camera_setting_tool_msgs/op3_camera_setting_tool_msgs
[59.744s] -- Up-to-date: /home/certezas/robotis_ws/install/op3_camera_setting_tool_msgs/include/op3_camera_setting_tool_msgs/op3_camera_setting_tool_msgs/srv
[59.744s] -- Installing: /home/certezas/robotis_ws/install/op3_camera_setting_tool_msgs/include/op3_camera_setting_tool_msgs/op3_camera_setting_tool_msgs/srv/get_parameters.h
[59.744s] -- Installing: /home/certezas/robotis_ws/install/op3_camera_setting_tool_msgs/include/op3_camera_setting_tool_msgs/op3_camera_setting_tool_msgs/srv/set_parameters.h
[59.745s] -- Up-to-date: /home/certezas/robotis_ws/install/op3_camera_setting_tool_msgs/include/op3_camera_setting_tool_msgs/op3_camera_setting_tool_msgs/srv/detail
[59.745s] -- Installing: /home/certezas/robotis_ws/install/op3_camera_setting_tool_msgs/include/op3_camera_setting_tool_msgs/op3_camera_setting_tool_msgs/srv/detail/set_parameters__struct.h
[59.745s] -- Installing: /home/certezas/robotis_ws/install/op3_camera_setting_tool_msgs/include/op3_camera_setting_tool_msgs/op3_camera_setting_tool_msgs/srv/detail/set_parameters__type_support.h
[59.746s] -- Installing: /home/certezas/robotis_ws/install/op3_camera_setting_tool_msgs/include/op3_camera_setting_tool_msgs/op3_camera_setting_tool_msgs/srv/detail/get_parameters__functions.c
[59.746s] -- Installing: /home/certezas/robotis_ws/install/op3_camera_setting_tool_msgs/include/op3_camera_setting_tool_msgs/op3_camera_setting_tool_msgs/srv/detail/set_parameters__functions.h
[59.746s] -- Installing: /home/certezas/robotis_ws/install/op3_camera_setting_tool_msgs/include/op3_camera_setting_tool_msgs/op3_camera_setting_tool_msgs/srv/detail/get_parameters__type_support.h
[59.746s] -- Installing: /home/certezas/robotis_ws/install/op3_camera_setting_tool_msgs/include/op3_camera_setting_tool_msgs/op3_camera_setting_tool_msgs/srv/detail/set_parameters__functions.c
[59.746s] -- Installing: /home/certezas/robotis_ws/install/op3_camera_setting_tool_msgs/include/op3_camera_setting_tool_msgs/op3_camera_setting_tool_msgs/srv/detail/get_parameters__struct.h
[59.746s] -- Installing: /home/certezas/robotis_ws/install/op3_camera_setting_tool_msgs/include/op3_camera_setting_tool_msgs/op3_camera_setting_tool_msgs/srv/detail/get_parameters__functions.h
[59.746s] -- Up-to-date: /home/certezas/robotis_ws/install/op3_camera_setting_tool_msgs/include/op3_camera_setting_tool_msgs/op3_camera_setting_tool_msgs/msg
[59.747s] -- Installing: /home/certezas/robotis_ws/install/op3_camera_setting_tool_msgs/include/op3_camera_setting_tool_msgs/op3_camera_setting_tool_msgs/msg/rosidl_generator_c__visibility_control.h
[59.747s] -- Installing: /home/certezas/robotis_ws/install/op3_camera_setting_tool_msgs/include/op3_camera_setting_tool_msgs/op3_camera_setting_tool_msgs/msg/v4l_parameter.h
[59.747s] -- Installing: /home/certezas/robotis_ws/install/op3_camera_setting_tool_msgs/include/op3_camera_setting_tool_msgs/op3_camera_setting_tool_msgs/msg/v4l_parameters.h
[59.747s] -- Installing: /home/certezas/robotis_ws/install/op3_camera_setting_tool_msgs/include/op3_camera_setting_tool_msgs/op3_camera_setting_tool_msgs/msg/camera_params.h
[59.747s] -- Up-to-date: /home/certezas/robotis_ws/install/op3_camera_setting_tool_msgs/include/op3_camera_setting_tool_msgs/op3_camera_setting_tool_msgs/msg/detail
[59.747s] -- Installing: /home/certezas/robotis_ws/install/op3_camera_setting_tool_msgs/include/op3_camera_setting_tool_msgs/op3_camera_setting_tool_msgs/msg/detail/camera_params__functions.c
[59.748s] -- Installing: /home/certezas/robotis_ws/install/op3_camera_setting_tool_msgs/include/op3_camera_setting_tool_msgs/op3_camera_setting_tool_msgs/msg/detail/camera_params__functions.h
[59.748s] -- Installing: /home/certezas/robotis_ws/install/op3_camera_setting_tool_msgs/include/op3_camera_setting_tool_msgs/op3_camera_setting_tool_msgs/msg/detail/v4l_parameters__functions.h
[59.748s] -- Installing: /home/certezas/robotis_ws/install/op3_camera_setting_tool_msgs/include/op3_camera_setting_tool_msgs/op3_camera_setting_tool_msgs/msg/detail/v4l_parameters__struct.h
[59.749s] -- Installing: /home/certezas/robotis_ws/install/op3_camera_setting_tool_msgs/include/op3_camera_setting_tool_msgs/op3_camera_setting_tool_msgs/msg/detail/v4l_parameters__type_support.h
[59.749s] -- Installing: /home/certezas/robotis_ws/install/op3_camera_setting_tool_msgs/include/op3_camera_setting_tool_msgs/op3_camera_setting_tool_msgs/msg/detail/v4l_parameter__functions.c
[59.749s] -- Installing: /home/certezas/robotis_ws/install/op3_camera_setting_tool_msgs/include/op3_camera_setting_tool_msgs/op3_camera_setting_tool_msgs/msg/detail/camera_params__struct.h
[59.749s] -- Installing: /home/certezas/robotis_ws/install/op3_camera_setting_tool_msgs/include/op3_camera_setting_tool_msgs/op3_camera_setting_tool_msgs/msg/detail/v4l_parameter__type_support.h
[59.749s] -- Installing: /home/certezas/robotis_ws/install/op3_camera_setting_tool_msgs/include/op3_camera_setting_tool_msgs/op3_camera_setting_tool_msgs/msg/detail/camera_params__type_support.h
[59.749s] -- Installing: /home/certezas/robotis_ws/install/op3_camera_setting_tool_msgs/include/op3_camera_setting_tool_msgs/op3_camera_setting_tool_msgs/msg/detail/v4l_parameter__struct.h
[59.749s] -- Installing: /home/certezas/robotis_ws/install/op3_camera_setting_tool_msgs/include/op3_camera_setting_tool_msgs/op3_camera_setting_tool_msgs/msg/detail/v4l_parameters__functions.c
[59.749s] -- Installing: /home/certezas/robotis_ws/install/op3_camera_setting_tool_msgs/include/op3_camera_setting_tool_msgs/op3_camera_setting_tool_msgs/msg/detail/v4l_parameter__functions.h
[59.750s] -- Installing: /home/certezas/robotis_ws/install/op3_camera_setting_tool_msgs/share/op3_camera_setting_tool_msgs/environment/library_path.sh
[59.750s] -- Installing: /home/certezas/robotis_ws/install/op3_camera_setting_tool_msgs/share/op3_camera_setting_tool_msgs/environment/library_path.dsv
[59.750s] -- Installing: /home/certezas/robotis_ws/install/op3_camera_setting_tool_msgs/lib/libop3_camera_setting_tool_msgs__rosidl_generator_c.so
[59.750s] -- Set runtime path of "/home/certezas/robotis_ws/install/op3_camera_setting_tool_msgs/lib/libop3_camera_setting_tool_msgs__rosidl_generator_c.so" to ""
[59.750s] -- Up-to-date: /home/certezas/robotis_ws/install/op3_camera_setting_tool_msgs/include/op3_camera_setting_tool_msgs/op3_camera_setting_tool_msgs
[59.750s] -- Up-to-date: /home/certezas/robotis_ws/install/op3_camera_setting_tool_msgs/include/op3_camera_setting_tool_msgs/op3_camera_setting_tool_msgs/srv
[59.750s] -- Up-to-date: /home/certezas/robotis_ws/install/op3_camera_setting_tool_msgs/include/op3_camera_setting_tool_msgs/op3_camera_setting_tool_msgs/srv/detail
[59.750s] -- Installing: /home/certezas/robotis_ws/install/op3_camera_setting_tool_msgs/include/op3_camera_setting_tool_msgs/op3_camera_setting_tool_msgs/srv/detail/get_parameters__rosidl_typesupport_fastrtps_c.h
[59.751s] -- Installing: /home/certezas/robotis_ws/install/op3_camera_setting_tool_msgs/include/op3_camera_setting_tool_msgs/op3_camera_setting_tool_msgs/srv/detail/set_parameters__rosidl_typesupport_fastrtps_c.h
[59.751s] -- Up-to-date: /home/certezas/robotis_ws/install/op3_camera_setting_tool_msgs/include/op3_camera_setting_tool_msgs/op3_camera_setting_tool_msgs/msg
[59.751s] -- Up-to-date: /home/certezas/robotis_ws/install/op3_camera_setting_tool_msgs/include/op3_camera_setting_tool_msgs/op3_camera_setting_tool_msgs/msg/detail
[59.751s] -- Installing: /home/certezas/robotis_ws/install/op3_camera_setting_tool_msgs/include/op3_camera_setting_tool_msgs/op3_camera_setting_tool_msgs/msg/detail/v4l_parameters__rosidl_typesupport_fastrtps_c.h
[59.751s] -- Installing: /home/certezas/robotis_ws/install/op3_camera_setting_tool_msgs/include/op3_camera_setting_tool_msgs/op3_camera_setting_tool_msgs/msg/detail/v4l_parameter__rosidl_typesupport_fastrtps_c.h
[59.751s] -- Installing: /home/certezas/robotis_ws/install/op3_camera_setting_tool_msgs/include/op3_camera_setting_tool_msgs/op3_camera_setting_tool_msgs/msg/detail/camera_params__rosidl_typesupport_fastrtps_c.h
[59.752s] -- Installing: /home/certezas/robotis_ws/install/op3_camera_setting_tool_msgs/include/op3_camera_setting_tool_msgs/op3_camera_setting_tool_msgs/msg/rosidl_typesupport_fastrtps_c__visibility_control.h
[59.752s] -- Installing: /home/certezas/robotis_ws/install/op3_camera_setting_tool_msgs/lib/libop3_camera_setting_tool_msgs__rosidl_typesupport_fastrtps_c.so
[59.753s] -- Set runtime path of "/home/certezas/robotis_ws/install/op3_camera_setting_tool_msgs/lib/libop3_camera_setting_tool_msgs__rosidl_typesupport_fastrtps_c.so" to ""
[59.753s] -- Up-to-date: /home/certezas/robotis_ws/install/op3_camera_setting_tool_msgs/include/op3_camera_setting_tool_msgs/op3_camera_setting_tool_msgs
[59.753s] -- Up-to-date: /home/certezas/robotis_ws/install/op3_camera_setting_tool_msgs/include/op3_camera_setting_tool_msgs/op3_camera_setting_tool_msgs/srv
[59.753s] -- Installing: /home/certezas/robotis_ws/install/op3_camera_setting_tool_msgs/include/op3_camera_setting_tool_msgs/op3_camera_setting_tool_msgs/srv/set_parameters.hpp
[59.781s] -- Installing: /home/certezas/robotis_ws/install/op3_camera_setting_tool_msgs/include/op3_camera_setting_tool_msgs/op3_camera_setting_tool_msgs/srv/get_parameters.hpp
[59.784s] -- Up-to-date: /home/certezas/robotis_ws/install/op3_camera_setting_tool_msgs/include/op3_camera_setting_tool_msgs/op3_camera_setting_tool_msgs/srv/detail
[59.785s] -- Installing: /home/certezas/robotis_ws/install/op3_camera_setting_tool_msgs/include/op3_camera_setting_tool_msgs/op3_camera_setting_tool_msgs/srv/detail/get_parameters__struct.hpp
[59.785s] -- Installing: /home/certezas/robotis_ws/install/op3_camera_setting_tool_msgs/include/op3_camera_setting_tool_msgs/op3_camera_setting_tool_msgs/srv/detail/set_parameters__type_support.hpp
[59.887s] -- Installing: /home/certezas/robotis_ws/install/op3_camera_setting_tool_msgs/include/op3_camera_setting_tool_msgs/op3_camera_setting_tool_msgs/srv/detail/get_parameters__builder.hpp
[59.997s] -- Installing: /home/certezas/robotis_ws/install/op3_camera_setting_tool_msgs/include/op3_camera_setting_tool_msgs/op3_camera_setting_tool_msgs/srv/detail/set_parameters__traits.hpp
[60.020s] -- Installing: /home/certezas/robotis_ws/install/op3_camera_setting_tool_msgs/include/op3_camera_setting_tool_msgs/op3_camera_setting_tool_msgs/srv/detail/get_parameters__type_support.hpp
[60.064s] -- Installing: /home/certezas/robotis_ws/install/op3_camera_setting_tool_msgs/include/op3_camera_setting_tool_msgs/op3_camera_setting_tool_msgs/srv/detail/get_parameters__traits.hpp
[60.252s] -- Installing: /home/certezas/robotis_ws/install/op3_camera_setting_tool_msgs/include/op3_camera_setting_tool_msgs/op3_camera_setting_tool_msgs/srv/detail/set_parameters__struct.hpp
[60.252s] -- Installing: /home/certezas/robotis_ws/install/op3_camera_setting_tool_msgs/include/op3_camera_setting_tool_msgs/op3_camera_setting_tool_msgs/srv/detail/set_parameters__builder.hpp
[60.262s] -- Up-to-date: /home/certezas/robotis_ws/install/op3_camera_setting_tool_msgs/include/op3_camera_setting_tool_msgs/op3_camera_setting_tool_msgs/msg
[60.262s] -- Installing: /home/certezas/robotis_ws/install/op3_camera_setting_tool_msgs/include/op3_camera_setting_tool_msgs/op3_camera_setting_tool_msgs/msg/camera_params.hpp
[60.286s] -- Installing: /home/certezas/robotis_ws/install/op3_camera_setting_tool_msgs/include/op3_camera_setting_tool_msgs/op3_camera_setting_tool_msgs/msg/v4l_parameter.hpp
[60.286s] -- Installing: /home/certezas/robotis_ws/install/op3_camera_setting_tool_msgs/include/op3_camera_setting_tool_msgs/op3_camera_setting_tool_msgs/msg/v4l_parameters.hpp
[60.286s] -- Installing: /home/certezas/robotis_ws/install/op3_camera_setting_tool_msgs/include/op3_camera_setting_tool_msgs/op3_camera_setting_tool_msgs/msg/rosidl_generator_cpp__visibility_control.hpp
[60.287s] -- Up-to-date: /home/certezas/robotis_ws/install/op3_camera_setting_tool_msgs/include/op3_camera_setting_tool_msgs/op3_camera_setting_tool_msgs/msg/detail
[60.287s] -- Installing: /home/certezas/robotis_ws/install/op3_camera_setting_tool_msgs/include/op3_camera_setting_tool_msgs/op3_camera_setting_tool_msgs/msg/detail/v4l_parameter__struct.hpp
[60.287s] -- Installing: /home/certezas/robotis_ws/install/op3_camera_setting_tool_msgs/include/op3_camera_setting_tool_msgs/op3_camera_setting_tool_msgs/msg/detail/v4l_parameters__traits.hpp
[60.288s] -- Installing: /home/certezas/robotis_ws/install/op3_camera_setting_tool_msgs/include/op3_camera_setting_tool_msgs/op3_camera_setting_tool_msgs/msg/detail/camera_params__traits.hpp
[60.288s] -- Installing: /home/certezas/robotis_ws/install/op3_camera_setting_tool_msgs/include/op3_camera_setting_tool_msgs/op3_camera_setting_tool_msgs/msg/detail/v4l_parameters__type_support.hpp
[60.288s] -- Installing: /home/certezas/robotis_ws/install/op3_camera_setting_tool_msgs/include/op3_camera_setting_tool_msgs/op3_camera_setting_tool_msgs/msg/detail/camera_params__builder.hpp
[60.289s] -- Installing: /home/certezas/robotis_ws/install/op3_camera_setting_tool_msgs/include/op3_camera_setting_tool_msgs/op3_camera_setting_tool_msgs/msg/detail/v4l_parameters__struct.hpp
[60.289s] -- Installing: /home/certezas/robotis_ws/install/op3_camera_setting_tool_msgs/include/op3_camera_setting_tool_msgs/op3_camera_setting_tool_msgs/msg/detail/v4l_parameter__type_support.hpp
[60.289s] -- Installing: /home/certezas/robotis_ws/install/op3_camera_setting_tool_msgs/include/op3_camera_setting_tool_msgs/op3_camera_setting_tool_msgs/msg/detail/camera_params__type_support.hpp
[60.290s] -- Installing: /home/certezas/robotis_ws/install/op3_camera_setting_tool_msgs/include/op3_camera_setting_tool_msgs/op3_camera_setting_tool_msgs/msg/detail/v4l_parameters__builder.hpp
[60.290s] -- Installing: /home/certezas/robotis_ws/install/op3_camera_setting_tool_msgs/include/op3_camera_setting_tool_msgs/op3_camera_setting_tool_msgs/msg/detail/v4l_parameter__builder.hpp
[60.327s] -- Installing: /home/certezas/robotis_ws/install/op3_camera_setting_tool_msgs/include/op3_camera_setting_tool_msgs/op3_camera_setting_tool_msgs/msg/detail/v4l_parameter__traits.hpp
[60.328s] -- Installing: /home/certezas/robotis_ws/install/op3_camera_setting_tool_msgs/include/op3_camera_setting_tool_msgs/op3_camera_setting_tool_msgs/msg/detail/camera_params__struct.hpp
[60.328s] -- Up-to-date: /home/certezas/robotis_ws/install/op3_camera_setting_tool_msgs/include/op3_camera_setting_tool_msgs/op3_camera_setting_tool_msgs
[60.328s] -- Up-to-date: /home/certezas/robotis_ws/install/op3_camera_setting_tool_msgs/include/op3_camera_setting_tool_msgs/op3_camera_setting_tool_msgs/srv
[60.328s] -- Up-to-date: /home/certezas/robotis_ws/install/op3_camera_setting_tool_msgs/include/op3_camera_setting_tool_msgs/op3_camera_setting_tool_msgs/srv/detail
[60.328s] -- Installing: /home/certezas/robotis_ws/install/op3_camera_setting_tool_msgs/include/op3_camera_setting_tool_msgs/op3_camera_setting_tool_msgs/srv/detail/get_parameters__rosidl_typesupport_fastrtps_cpp.hpp
[60.329s] -- Up-to-date: /home/certezas/robotis_ws/install/op3_camera_setting_tool_msgs/include/op3_camera_setting_tool_msgs/op3_camera_setting_tool_msgs/srv/detail/dds_fastrtps
[60.329s] -- Installing: /home/certezas/robotis_ws/install/op3_camera_setting_tool_msgs/include/op3_camera_setting_tool_msgs/op3_camera_setting_tool_msgs/srv/detail/set_parameters__rosidl_typesupport_fastrtps_cpp.hpp
[60.329s] -- Up-to-date: /home/certezas/robotis_ws/install/op3_camera_setting_tool_msgs/include/op3_camera_setting_tool_msgs/op3_camera_setting_tool_msgs/msg
[60.329s] -- Installing: /home/certezas/robotis_ws/install/op3_camera_setting_tool_msgs/include/op3_camera_setting_tool_msgs/op3_camera_setting_tool_msgs/msg/rosidl_typesupport_fastrtps_cpp__visibility_control.h
[60.329s] -- Up-to-date: /home/certezas/robotis_ws/install/op3_camera_setting_tool_msgs/include/op3_camera_setting_tool_msgs/op3_camera_setting_tool_msgs/msg/detail
[60.329s] -- Installing: /home/certezas/robotis_ws/install/op3_camera_setting_tool_msgs/include/op3_camera_setting_tool_msgs/op3_camera_setting_tool_msgs/msg/detail/camera_params__rosidl_typesupport_fastrtps_cpp.hpp
[60.329s] -- Up-to-date: /home/certezas/robotis_ws/install/op3_camera_setting_tool_msgs/include/op3_camera_setting_tool_msgs/op3_camera_setting_tool_msgs/msg/detail/dds_fastrtps
[60.329s] -- Installing: /home/certezas/robotis_ws/install/op3_camera_setting_tool_msgs/include/op3_camera_setting_tool_msgs/op3_camera_setting_tool_msgs/msg/detail/v4l_parameter__rosidl_typesupport_fastrtps_cpp.hpp
[60.329s] -- Installing: /home/certezas/robotis_ws/install/op3_camera_setting_tool_msgs/include/op3_camera_setting_tool_msgs/op3_camera_setting_tool_msgs/msg/detail/v4l_parameters__rosidl_typesupport_fastrtps_cpp.hpp
[60.421s] -- Installing: /home/certezas/robotis_ws/install/op3_camera_setting_tool_msgs/lib/libop3_camera_setting_tool_msgs__rosidl_typesupport_fastrtps_cpp.so
[60.422s] -- Set runtime path of "/home/certezas/robotis_ws/install/op3_camera_setting_tool_msgs/lib/libop3_camera_setting_tool_msgs__rosidl_typesupport_fastrtps_cpp.so" to ""
[60.422s] -- Up-to-date: /home/certezas/robotis_ws/install/op3_camera_setting_tool_msgs/include/op3_camera_setting_tool_msgs/op3_camera_setting_tool_msgs
[60.422s] -- Up-to-date: /home/certezas/robotis_ws/install/op3_camera_setting_tool_msgs/include/op3_camera_setting_tool_msgs/op3_camera_setting_tool_msgs/srv
[60.422s] -- Up-to-date: /home/certezas/robotis_ws/install/op3_camera_setting_tool_msgs/include/op3_camera_setting_tool_msgs/op3_camera_setting_tool_msgs/srv/detail
[60.422s] -- Installing: /home/certezas/robotis_ws/install/op3_camera_setting_tool_msgs/include/op3_camera_setting_tool_msgs/op3_camera_setting_tool_msgs/srv/detail/set_parameters__type_support.c
[60.423s] -- Installing: /home/certezas/robotis_ws/install/op3_camera_setting_tool_msgs/include/op3_camera_setting_tool_msgs/op3_camera_setting_tool_msgs/srv/detail/set_parameters__rosidl_typesupport_introspection_c.h
[60.424s] -- Installing: /home/certezas/robotis_ws/install/op3_camera_setting_tool_msgs/include/op3_camera_setting_tool_msgs/op3_camera_setting_tool_msgs/srv/detail/get_parameters__type_support.c
[60.424s] -- Installing: /home/certezas/robotis_ws/install/op3_camera_setting_tool_msgs/include/op3_camera_setting_tool_msgs/op3_camera_setting_tool_msgs/srv/detail/get_parameters__rosidl_typesupport_introspection_c.h
[60.424s] -- Up-to-date: /home/certezas/robotis_ws/install/op3_camera_setting_tool_msgs/include/op3_camera_setting_tool_msgs/op3_camera_setting_tool_msgs/msg
[60.424s] -- Installing: /home/certezas/robotis_ws/install/op3_camera_setting_tool_msgs/include/op3_camera_setting_tool_msgs/op3_camera_setting_tool_msgs/msg/rosidl_typesupport_introspection_c__visibility_control.h
[60.424s] -- Up-to-date: /home/certezas/robotis_ws/install/op3_camera_setting_tool_msgs/include/op3_camera_setting_tool_msgs/op3_camera_setting_tool_msgs/msg/detail
[60.424s] -- Installing: /home/certezas/robotis_ws/install/op3_camera_setting_tool_msgs/include/op3_camera_setting_tool_msgs/op3_camera_setting_tool_msgs/msg/detail/v4l_parameter__type_support.c
[60.425s] -- Installing: /home/certezas/robotis_ws/install/op3_camera_setting_tool_msgs/include/op3_camera_setting_tool_msgs/op3_camera_setting_tool_msgs/msg/detail/v4l_parameters__rosidl_typesupport_introspection_c.h
[60.425s] -- Installing: /home/certezas/robotis_ws/install/op3_camera_setting_tool_msgs/include/op3_camera_setting_tool_msgs/op3_camera_setting_tool_msgs/msg/detail/camera_params__rosidl_typesupport_introspection_c.h
[60.425s] -- Installing: /home/certezas/robotis_ws/install/op3_camera_setting_tool_msgs/include/op3_camera_setting_tool_msgs/op3_camera_setting_tool_msgs/msg/detail/v4l_parameter__rosidl_typesupport_introspection_c.h
[60.425s] -- Installing: /home/certezas/robotis_ws/install/op3_camera_setting_tool_msgs/include/op3_camera_setting_tool_msgs/op3_camera_setting_tool_msgs/msg/detail/v4l_parameters__type_support.c
[60.425s] -- Installing: /home/certezas/robotis_ws/install/op3_camera_setting_tool_msgs/include/op3_camera_setting_tool_msgs/op3_camera_setting_tool_msgs/msg/detail/camera_params__type_support.c
[60.425s] -- Installing: /home/certezas/robotis_ws/install/op3_camera_setting_tool_msgs/lib/libop3_camera_setting_tool_msgs__rosidl_typesupport_introspection_c.so
[60.425s] -- Set runtime path of "/home/certezas/robotis_ws/install/op3_camera_setting_tool_msgs/lib/libop3_camera_setting_tool_msgs__rosidl_typesupport_introspection_c.so" to ""
[60.426s] -- Installing: /home/certezas/robotis_ws/install/op3_camera_setting_tool_msgs/lib/libop3_camera_setting_tool_msgs__rosidl_typesupport_c.so
[60.427s] -- Set runtime path of "/home/certezas/robotis_ws/install/op3_camera_setting_tool_msgs/lib/libop3_camera_setting_tool_msgs__rosidl_typesupport_c.so" to ""
[60.427s] -- Up-to-date: /home/certezas/robotis_ws/install/op3_camera_setting_tool_msgs/include/op3_camera_setting_tool_msgs/op3_camera_setting_tool_msgs
[60.427s] -- Up-to-date: /home/certezas/robotis_ws/install/op3_camera_setting_tool_msgs/include/op3_camera_setting_tool_msgs/op3_camera_setting_tool_msgs/srv
[60.427s] -- Up-to-date: /home/certezas/robotis_ws/install/op3_camera_setting_tool_msgs/include/op3_camera_setting_tool_msgs/op3_camera_setting_tool_msgs/srv/detail
[60.427s] -- Installing: /home/certezas/robotis_ws/install/op3_camera_setting_tool_msgs/include/op3_camera_setting_tool_msgs/op3_camera_setting_tool_msgs/srv/detail/set_parameters__type_support.cpp
[60.427s] -- Installing: /home/certezas/robotis_ws/install/op3_camera_setting_tool_msgs/include/op3_camera_setting_tool_msgs/op3_camera_setting_tool_msgs/srv/detail/get_parameters__type_support.cpp
[60.427s] -- Installing: /home/certezas/robotis_ws/install/op3_camera_setting_tool_msgs/include/op3_camera_setting_tool_msgs/op3_camera_setting_tool_msgs/srv/detail/get_parameters__rosidl_typesupport_introspection_cpp.hpp
[60.565s] -- Installing: /home/certezas/robotis_ws/install/op3_camera_setting_tool_msgs/include/op3_camera_setting_tool_msgs/op3_camera_setting_tool_msgs/srv/detail/set_parameters__rosidl_typesupport_introspection_cpp.hpp
[60.575s] -- Up-to-date: /home/certezas/robotis_ws/install/op3_camera_setting_tool_msgs/include/op3_camera_setting_tool_msgs/op3_camera_setting_tool_msgs/msg
[60.576s] -- Up-to-date: /home/certezas/robotis_ws/install/op3_camera_setting_tool_msgs/include/op3_camera_setting_tool_msgs/op3_camera_setting_tool_msgs/msg/detail
[60.576s] -- Installing: /home/certezas/robotis_ws/install/op3_camera_setting_tool_msgs/include/op3_camera_setting_tool_msgs/op3_camera_setting_tool_msgs/msg/detail/v4l_parameters__rosidl_typesupport_introspection_cpp.hpp
[60.588s] -- Installing: /home/certezas/robotis_ws/install/op3_camera_setting_tool_msgs/include/op3_camera_setting_tool_msgs/op3_camera_setting_tool_msgs/msg/detail/v4l_parameter__type_support.cpp
[60.588s] -- Installing: /home/certezas/robotis_ws/install/op3_camera_setting_tool_msgs/include/op3_camera_setting_tool_msgs/op3_camera_setting_tool_msgs/msg/detail/camera_params__rosidl_typesupport_introspection_cpp.hpp
[60.590s] -- Installing: /home/certezas/robotis_ws/install/op3_camera_setting_tool_msgs/include/op3_camera_setting_tool_msgs/op3_camera_setting_tool_msgs/msg/detail/v4l_parameters__type_support.cpp
[60.590s] -- Installing: /home/certezas/robotis_ws/install/op3_camera_setting_tool_msgs/include/op3_camera_setting_tool_msgs/op3_camera_setting_tool_msgs/msg/detail/v4l_parameter__rosidl_typesupport_introspection_cpp.hpp
[60.591s] -- Installing: /home/certezas/robotis_ws/install/op3_camera_setting_tool_msgs/include/op3_camera_setting_tool_msgs/op3_camera_setting_tool_msgs/msg/detail/camera_params__type_support.cpp
[60.890s] -- Installing: /home/certezas/robotis_ws/install/op3_camera_setting_tool_msgs/lib/libop3_camera_setting_tool_msgs__rosidl_typesupport_introspection_cpp.so
[60.891s] -- Set runtime path of "/home/certezas/robotis_ws/install/op3_camera_setting_tool_msgs/lib/libop3_camera_setting_tool_msgs__rosidl_typesupport_introspection_cpp.so" to ""
[60.900s] -- Installing: /home/certezas/robotis_ws/install/op3_camera_setting_tool_msgs/lib/libop3_camera_setting_tool_msgs__rosidl_typesupport_cpp.so
[60.900s] -- Set runtime path of "/home/certezas/robotis_ws/install/op3_camera_setting_tool_msgs/lib/libop3_camera_setting_tool_msgs__rosidl_typesupport_cpp.so" to ""
[60.900s] -- Installing: /home/certezas/robotis_ws/install/op3_camera_setting_tool_msgs/share/op3_camera_setting_tool_msgs/environment/pythonpath.sh
[60.900s] -- Installing: /home/certezas/robotis_ws/install/op3_camera_setting_tool_msgs/share/op3_camera_setting_tool_msgs/environment/pythonpath.dsv
[60.901s] -- Up-to-date: /home/certezas/robotis_ws/install/op3_camera_setting_tool_msgs/local/lib/python3.10/dist-packages/op3_camera_setting_tool_msgs-0.1.0-py3.10.egg-info
[60.901s] -- Installing: /home/certezas/robotis_ws/install/op3_camera_setting_tool_msgs/local/lib/python3.10/dist-packages/op3_camera_setting_tool_msgs-0.1.0-py3.10.egg-info/PKG-INFO
[60.901s] -- Installing: /home/certezas/robotis_ws/install/op3_camera_setting_tool_msgs/local/lib/python3.10/dist-packages/op3_camera_setting_tool_msgs-0.1.0-py3.10.egg-info/dependency_links.txt
[60.902s] -- Installing: /home/certezas/robotis_ws/install/op3_camera_setting_tool_msgs/local/lib/python3.10/dist-packages/op3_camera_setting_tool_msgs-0.1.0-py3.10.egg-info/top_level.txt
[60.903s] -- Installing: /home/certezas/robotis_ws/install/op3_camera_setting_tool_msgs/local/lib/python3.10/dist-packages/op3_camera_setting_tool_msgs-0.1.0-py3.10.egg-info/SOURCES.txt
[60.903s] -- Up-to-date: /home/certezas/robotis_ws/install/op3_camera_setting_tool_msgs/local/lib/python3.10/dist-packages/op3_camera_setting_tool_msgs
[60.903s] -- Installing: /home/certezas/robotis_ws/install/op3_camera_setting_tool_msgs/local/lib/python3.10/dist-packages/op3_camera_setting_tool_msgs/op3_camera_setting_tool_msgs_s__rosidl_typesupport_c.cpython-310-x86_64-linux-gnu.so
[60.903s] -- Installing: /home/certezas/robotis_ws/install/op3_camera_setting_tool_msgs/local/lib/python3.10/dist-packages/op3_camera_setting_tool_msgs/_op3_camera_setting_tool_msgs_s.ep.rosidl_typesupport_fastrtps_c.c
[60.903s] -- Installing: /home/certezas/robotis_ws/install/op3_camera_setting_tool_msgs/local/lib/python3.10/dist-packages/op3_camera_setting_tool_msgs/op3_camera_setting_tool_msgs_s__rosidl_typesupport_introspection_c.cpython-310-x86_64-linux-gnu.so
[60.903s] -- Installing: /home/certezas/robotis_ws/install/op3_camera_setting_tool_msgs/local/lib/python3.10/dist-packages/op3_camera_setting_tool_msgs/__init__.py
[60.903s] -- Up-to-date: /home/certezas/robotis_ws/install/op3_camera_setting_tool_msgs/local/lib/python3.10/dist-packages/op3_camera_setting_tool_msgs/srv
[60.903s] -- Installing: /home/certezas/robotis_ws/install/op3_camera_setting_tool_msgs/local/lib/python3.10/dist-packages/op3_camera_setting_tool_msgs/srv/_set_parameters_s.c
[60.904s] -- Installing: /home/certezas/robotis_ws/install/op3_camera_setting_tool_msgs/local/lib/python3.10/dist-packages/op3_camera_setting_tool_msgs/srv/_set_parameters.py
[60.904s] -- Installing: /home/certezas/robotis_ws/install/op3_camera_setting_tool_msgs/local/lib/python3.10/dist-packages/op3_camera_setting_tool_msgs/srv/__init__.py
[60.906s] -- Installing: /home/certezas/robotis_ws/install/op3_camera_setting_tool_msgs/local/lib/python3.10/dist-packages/op3_camera_setting_tool_msgs/srv/_get_parameters_s.c
[60.907s] -- Installing: /home/certezas/robotis_ws/install/op3_camera_setting_tool_msgs/local/lib/python3.10/dist-packages/op3_camera_setting_tool_msgs/srv/_get_parameters.py
[60.907s] -- Installing: /home/certezas/robotis_ws/install/op3_camera_setting_tool_msgs/local/lib/python3.10/dist-packages/op3_camera_setting_tool_msgs/_op3_camera_setting_tool_msgs_s.ep.rosidl_typesupport_c.c
[60.907s] -- Installing: /home/certezas/robotis_ws/install/op3_camera_setting_tool_msgs/local/lib/python3.10/dist-packages/op3_camera_setting_tool_msgs/_op3_camera_setting_tool_msgs_s.ep.rosidl_typesupport_introspection_c.c
[60.907s] -- Installing: /home/certezas/robotis_ws/install/op3_camera_setting_tool_msgs/local/lib/python3.10/dist-packages/op3_camera_setting_tool_msgs/op3_camera_setting_tool_msgs_s__rosidl_typesupport_fastrtps_c.cpython-310-x86_64-linux-gnu.so
[60.907s] -- Installing: /home/certezas/robotis_ws/install/op3_camera_setting_tool_msgs/local/lib/python3.10/dist-packages/op3_camera_setting_tool_msgs/libop3_camera_setting_tool_msgs__rosidl_generator_py.so
[60.911s] -- Up-to-date: /home/certezas/robotis_ws/install/op3_camera_setting_tool_msgs/local/lib/python3.10/dist-packages/op3_camera_setting_tool_msgs/msg
[60.911s] -- Installing: /home/certezas/robotis_ws/install/op3_camera_setting_tool_msgs/local/lib/python3.10/dist-packages/op3_camera_setting_tool_msgs/msg/_v4l_parameters.py
[60.911s] -- Installing: /home/certezas/robotis_ws/install/op3_camera_setting_tool_msgs/local/lib/python3.10/dist-packages/op3_camera_setting_tool_msgs/msg/_v4l_parameter.py
[60.911s] -- Installing: /home/certezas/robotis_ws/install/op3_camera_setting_tool_msgs/local/lib/python3.10/dist-packages/op3_camera_setting_tool_msgs/msg/_camera_params.py
[60.911s] -- Installing: /home/certezas/robotis_ws/install/op3_camera_setting_tool_msgs/local/lib/python3.10/dist-packages/op3_camera_setting_tool_msgs/msg/_camera_params_s.c
[60.912s] -- Installing: /home/certezas/robotis_ws/install/op3_camera_setting_tool_msgs/local/lib/python3.10/dist-packages/op3_camera_setting_tool_msgs/msg/__init__.py
[60.912s] -- Installing: /home/certezas/robotis_ws/install/op3_camera_setting_tool_msgs/local/lib/python3.10/dist-packages/op3_camera_setting_tool_msgs/msg/_v4l_parameter_s.c
[60.912s] -- Installing: /home/certezas/robotis_ws/install/op3_camera_setting_tool_msgs/local/lib/python3.10/dist-packages/op3_camera_setting_tool_msgs/msg/_v4l_parameters_s.c
[62.102s] Listing '/home/certezas/robotis_ws/install/op3_camera_setting_tool_msgs/local/lib/python3.10/dist-packages/op3_camera_setting_tool_msgs'...
[62.102s] Compiling '/home/certezas/robotis_ws/install/op3_camera_setting_tool_msgs/local/lib/python3.10/dist-packages/op3_camera_setting_tool_msgs/__init__.py'...
[62.102s] Listing '/home/certezas/robotis_ws/install/op3_camera_setting_tool_msgs/local/lib/python3.10/dist-packages/op3_camera_setting_tool_msgs/msg'...
[62.102s] Compiling '/home/certezas/robotis_ws/install/op3_camera_setting_tool_msgs/local/lib/python3.10/dist-packages/op3_camera_setting_tool_msgs/msg/__init__.py'...
[62.102s] Compiling '/home/certezas/robotis_ws/install/op3_camera_setting_tool_msgs/local/lib/python3.10/dist-packages/op3_camera_setting_tool_msgs/msg/_camera_params.py'...
[62.102s] Compiling '/home/certezas/robotis_ws/install/op3_camera_setting_tool_msgs/local/lib/python3.10/dist-packages/op3_camera_setting_tool_msgs/msg/_v4l_parameter.py'...
[62.102s] Compiling '/home/certezas/robotis_ws/install/op3_camera_setting_tool_msgs/local/lib/python3.10/dist-packages/op3_camera_setting_tool_msgs/msg/_v4l_parameters.py'...
[62.102s] Listing '/home/certezas/robotis_ws/install/op3_camera_setting_tool_msgs/local/lib/python3.10/dist-packages/op3_camera_setting_tool_msgs/srv'...
[62.102s] Compiling '/home/certezas/robotis_ws/install/op3_camera_setting_tool_msgs/local/lib/python3.10/dist-packages/op3_camera_setting_tool_msgs/srv/__init__.py'...
[62.103s] Compiling '/home/certezas/robotis_ws/install/op3_camera_setting_tool_msgs/local/lib/python3.10/dist-packages/op3_camera_setting_tool_msgs/srv/_get_parameters.py'...
[62.103s] Compiling '/home/certezas/robotis_ws/install/op3_camera_setting_tool_msgs/local/lib/python3.10/dist-packages/op3_camera_setting_tool_msgs/srv/_set_parameters.py'...
[62.109s] -- Installing: /home/certezas/robotis_ws/install/op3_camera_setting_tool_msgs/local/lib/python3.10/dist-packages/op3_camera_setting_tool_msgs/op3_camera_setting_tool_msgs_s__rosidl_typesupport_fastrtps_c.cpython-310-x86_64-linux-gnu.so
[62.109s] -- Set runtime path of "/home/certezas/robotis_ws/install/op3_camera_setting_tool_msgs/local/lib/python3.10/dist-packages/op3_camera_setting_tool_msgs/op3_camera_setting_tool_msgs_s__rosidl_typesupport_fastrtps_c.cpython-310-x86_64-linux-gnu.so" to ""
[62.109s] -- Installing: /home/certezas/robotis_ws/install/op3_camera_setting_tool_msgs/local/lib/python3.10/dist-packages/op3_camera_setting_tool_msgs/op3_camera_setting_tool_msgs_s__rosidl_typesupport_introspection_c.cpython-310-x86_64-linux-gnu.so
[62.110s] -- Set runtime path of "/home/certezas/robotis_ws/install/op3_camera_setting_tool_msgs/local/lib/python3.10/dist-packages/op3_camera_setting_tool_msgs/op3_camera_setting_tool_msgs_s__rosidl_typesupport_introspection_c.cpython-310-x86_64-linux-gnu.so" to ""
[62.110s] -- Installing: /home/certezas/robotis_ws/install/op3_camera_setting_tool_msgs/local/lib/python3.10/dist-packages/op3_camera_setting_tool_msgs/op3_camera_setting_tool_msgs_s__rosidl_typesupport_c.cpython-310-x86_64-linux-gnu.so
[62.110s] -- Set runtime path of "/home/certezas/robotis_ws/install/op3_camera_setting_tool_msgs/local/lib/python3.10/dist-packages/op3_camera_setting_tool_msgs/op3_camera_setting_tool_msgs_s__rosidl_typesupport_c.cpython-310-x86_64-linux-gnu.so" to ""
[62.284s] -- Installing: /home/certezas/robotis_ws/install/op3_camera_setting_tool_msgs/lib/libop3_camera_setting_tool_msgs__rosidl_generator_py.so
[62.284s] -- Set runtime path of "/home/certezas/robotis_ws/install/op3_camera_setting_tool_msgs/lib/libop3_camera_setting_tool_msgs__rosidl_generator_py.so" to ""
[62.316s] -- Installing: /home/certezas/robotis_ws/install/op3_camera_setting_tool_msgs/share/op3_camera_setting_tool_msgs/msg/CameraParams.idl
[62.317s] -- Installing: /home/certezas/robotis_ws/install/op3_camera_setting_tool_msgs/share/op3_camera_setting_tool_msgs/msg/V4lParameter.idl
[62.317s] -- Installing: /home/certezas/robotis_ws/install/op3_camera_setting_tool_msgs/share/op3_camera_setting_tool_msgs/msg/V4lParameters.idl
[62.349s] -- Installing: /home/certezas/robotis_ws/install/op3_camera_setting_tool_msgs/share/op3_camera_setting_tool_msgs/srv/GetParameters.idl
[62.350s] -- Installing: /home/certezas/robotis_ws/install/op3_camera_setting_tool_msgs/share/op3_camera_setting_tool_msgs/srv/SetParameters.idl
[62.352s] -- Installing: /home/certezas/robotis_ws/install/op3_camera_setting_tool_msgs/share/op3_camera_setting_tool_msgs/msg/CameraParams.msg
[62.352s] -- Installing: /home/certezas/robotis_ws/install/op3_camera_setting_tool_msgs/share/op3_camera_setting_tool_msgs/msg/V4lParameter.msg
[62.352s] -- Installing: /home/certezas/robotis_ws/install/op3_camera_setting_tool_msgs/share/op3_camera_setting_tool_msgs/msg/V4lParameters.msg
[62.352s] -- Installing: /home/certezas/robotis_ws/install/op3_camera_setting_tool_msgs/share/op3_camera_setting_tool_msgs/srv/GetParameters.srv
[62.352s] -- Installing: /home/certezas/robotis_ws/install/op3_camera_setting_tool_msgs/share/op3_camera_setting_tool_msgs/srv/GetParameters_Request.msg
[62.353s] -- Installing: /home/certezas/robotis_ws/install/op3_camera_setting_tool_msgs/share/op3_camera_setting_tool_msgs/srv/GetParameters_Response.msg
[62.353s] -- Installing: /home/certezas/robotis_ws/install/op3_camera_setting_tool_msgs/share/op3_camera_setting_tool_msgs/srv/SetParameters.srv
[62.353s] -- Installing: /home/certezas/robotis_ws/install/op3_camera_setting_tool_msgs/share/op3_camera_setting_tool_msgs/srv/SetParameters_Request.msg
[62.353s] -- Installing: /home/certezas/robotis_ws/install/op3_camera_setting_tool_msgs/share/op3_camera_setting_tool_msgs/srv/SetParameters_Response.msg
[62.353s] -- Installing: /home/certezas/robotis_ws/install/op3_camera_setting_tool_msgs/share/ament_index/resource_index/package_run_dependencies/op3_camera_setting_tool_msgs
[62.380s] -- Installing: /home/certezas/robotis_ws/install/op3_camera_setting_tool_msgs/share/ament_index/resource_index/parent_prefix_path/op3_camera_setting_tool_msgs
[62.381s] -- Installing: /home/certezas/robotis_ws/install/op3_camera_setting_tool_msgs/share/op3_camera_setting_tool_msgs/environment/ament_prefix_path.sh
[62.381s] -- Installing: /home/certezas/robotis_ws/install/op3_camera_setting_tool_msgs/share/op3_camera_setting_tool_msgs/environment/ament_prefix_path.dsv
[62.381s] -- Installing: /home/certezas/robotis_ws/install/op3_camera_setting_tool_msgs/share/op3_camera_setting_tool_msgs/environment/path.sh
[62.381s] -- Installing: /home/certezas/robotis_ws/install/op3_camera_setting_tool_msgs/share/op3_camera_setting_tool_msgs/environment/path.dsv
[62.381s] -- Installing: /home/certezas/robotis_ws/install/op3_camera_setting_tool_msgs/share/op3_camera_setting_tool_msgs/local_setup.bash
[62.382s] -- Installing: /home/certezas/robotis_ws/install/op3_camera_setting_tool_msgs/share/op3_camera_setting_tool_msgs/local_setup.sh
[62.382s] -- Installing: /home/certezas/robotis_ws/install/op3_camera_setting_tool_msgs/share/op3_camera_setting_tool_msgs/local_setup.zsh
[62.382s] -- Installing: /home/certezas/robotis_ws/install/op3_camera_setting_tool_msgs/share/op3_camera_setting_tool_msgs/local_setup.dsv
[62.382s] -- Installing: /home/certezas/robotis_ws/install/op3_camera_setting_tool_msgs/share/op3_camera_setting_tool_msgs/package.dsv
[62.428s] -- Installing: /home/certezas/robotis_ws/install/op3_camera_setting_tool_msgs/share/ament_index/resource_index/packages/op3_camera_setting_tool_msgs
[62.429s] -- Installing: /home/certezas/robotis_ws/install/op3_camera_setting_tool_msgs/share/op3_camera_setting_tool_msgs/cmake/export_op3_camera_setting_tool_msgs__rosidl_generator_cExport.cmake
[62.432s] -- Installing: /home/certezas/robotis_ws/install/op3_camera_setting_tool_msgs/share/op3_camera_setting_tool_msgs/cmake/export_op3_camera_setting_tool_msgs__rosidl_generator_cExport-noconfig.cmake
[62.432s] -- Installing: /home/certezas/robotis_ws/install/op3_camera_setting_tool_msgs/share/op3_camera_setting_tool_msgs/cmake/export_op3_camera_setting_tool_msgs__rosidl_typesupport_fastrtps_cExport.cmake
[62.433s] -- Installing: /home/certezas/robotis_ws/install/op3_camera_setting_tool_msgs/share/op3_camera_setting_tool_msgs/cmake/export_op3_camera_setting_tool_msgs__rosidl_typesupport_fastrtps_cExport-noconfig.cmake
[62.433s] -- Installing: /home/certezas/robotis_ws/install/op3_camera_setting_tool_msgs/share/op3_camera_setting_tool_msgs/cmake/export_op3_camera_setting_tool_msgs__rosidl_generator_cppExport.cmake
[62.435s] -- Installing: /home/certezas/robotis_ws/install/op3_camera_setting_tool_msgs/share/op3_camera_setting_tool_msgs/cmake/export_op3_camera_setting_tool_msgs__rosidl_typesupport_fastrtps_cppExport.cmake
[62.435s] -- Installing: /home/certezas/robotis_ws/install/op3_camera_setting_tool_msgs/share/op3_camera_setting_tool_msgs/cmake/export_op3_camera_setting_tool_msgs__rosidl_typesupport_fastrtps_cppExport-noconfig.cmake
[62.435s] -- Installing: /home/certezas/robotis_ws/install/op3_camera_setting_tool_msgs/share/op3_camera_setting_tool_msgs/cmake/op3_camera_setting_tool_msgs__rosidl_typesupport_introspection_cExport.cmake
[62.435s] -- Installing: /home/certezas/robotis_ws/install/op3_camera_setting_tool_msgs/share/op3_camera_setting_tool_msgs/cmake/op3_camera_setting_tool_msgs__rosidl_typesupport_introspection_cExport-noconfig.cmake
[62.442s] -- Installing: /home/certezas/robotis_ws/install/op3_camera_setting_tool_msgs/share/op3_camera_setting_tool_msgs/cmake/op3_camera_setting_tool_msgs__rosidl_typesupport_cExport.cmake
[62.443s] -- Installing: /home/certezas/robotis_ws/install/op3_camera_setting_tool_msgs/share/op3_camera_setting_tool_msgs/cmake/op3_camera_setting_tool_msgs__rosidl_typesupport_cExport-noconfig.cmake
[62.463s] -- Installing: /home/certezas/robotis_ws/install/op3_camera_setting_tool_msgs/share/op3_camera_setting_tool_msgs/cmake/op3_camera_setting_tool_msgs__rosidl_typesupport_introspection_cppExport.cmake
[62.463s] -- Installing: /home/certezas/robotis_ws/install/op3_camera_setting_tool_msgs/share/op3_camera_setting_tool_msgs/cmake/op3_camera_setting_tool_msgs__rosidl_typesupport_introspection_cppExport-noconfig.cmake
[62.476s] -- Installing: /home/certezas/robotis_ws/install/op3_camera_setting_tool_msgs/share/op3_camera_setting_tool_msgs/cmake/op3_camera_setting_tool_msgs__rosidl_typesupport_cppExport.cmake
[62.476s] -- Installing: /home/certezas/robotis_ws/install/op3_camera_setting_tool_msgs/share/op3_camera_setting_tool_msgs/cmake/op3_camera_setting_tool_msgs__rosidl_typesupport_cppExport-noconfig.cmake
[62.477s] -- Installing: /home/certezas/robotis_ws/install/op3_camera_setting_tool_msgs/share/op3_camera_setting_tool_msgs/cmake/export_op3_camera_setting_tool_msgs__rosidl_generator_pyExport.cmake
[62.478s] -- Installing: /home/certezas/robotis_ws/install/op3_camera_setting_tool_msgs/share/op3_camera_setting_tool_msgs/cmake/export_op3_camera_setting_tool_msgs__rosidl_generator_pyExport-noconfig.cmake
[62.478s] -- Installing: /home/certezas/robotis_ws/install/op3_camera_setting_tool_msgs/share/op3_camera_setting_tool_msgs/cmake/rosidl_cmake-extras.cmake
[62.478s] -- Installing: /home/certezas/robotis_ws/install/op3_camera_setting_tool_msgs/share/op3_camera_setting_tool_msgs/cmake/ament_cmake_export_dependencies-extras.cmake
[62.478s] -- Installing: /home/certezas/robotis_ws/install/op3_camera_setting_tool_msgs/share/op3_camera_setting_tool_msgs/cmake/ament_cmake_export_include_directories-extras.cmake
[62.478s] -- Installing: /home/certezas/robotis_ws/install/op3_camera_setting_tool_msgs/share/op3_camera_setting_tool_msgs/cmake/ament_cmake_export_libraries-extras.cmake
[62.479s] -- Installing: /home/certezas/robotis_ws/install/op3_camera_setting_tool_msgs/share/op3_camera_setting_tool_msgs/cmake/ament_cmake_export_targets-extras.cmake
[62.479s] -- Installing: /home/certezas/robotis_ws/install/op3_camera_setting_tool_msgs/share/op3_camera_setting_tool_msgs/cmake/rosidl_cmake_export_typesupport_targets-extras.cmake
[62.481s] -- Installing: /home/certezas/robotis_ws/install/op3_camera_setting_tool_msgs/share/op3_camera_setting_tool_msgs/cmake/rosidl_cmake_export_typesupport_libraries-extras.cmake
[62.481s] -- Installing: /home/certezas/robotis_ws/install/op3_camera_setting_tool_msgs/share/op3_camera_setting_tool_msgs/cmake/op3_camera_setting_tool_msgsConfig.cmake
[62.481s] -- Installing: /home/certezas/robotis_ws/install/op3_camera_setting_tool_msgs/share/op3_camera_setting_tool_msgs/cmake/op3_camera_setting_tool_msgsConfig-version.cmake
[62.481s] -- Installing: /home/certezas/robotis_ws/install/op3_camera_setting_tool_msgs/share/op3_camera_setting_tool_msgs/package.xml
[62.773s] Invoked command in '/home/certezas/robotis_ws/build/op3_camera_setting_tool_msgs' returned '0': CMAKE_PREFIX_PATH=${CMAKE_PREFIX_PATH}:/opt/ros/humble /usr/bin/cmake --install /home/certezas/robotis_ws/build/op3_camera_setting_tool_msgs
