[35m[1mConsolidate compiler generated dependencies of target kajita_walking_node[0m
[ 33%] [32mBuilding CXX object CMakeFiles/kajita_walking_node.dir/src/kajita_walking_controller.cpp.o[0m
[01m[K/home/certezas/robotis_ws/src/ROBOTIS-OP3/op3_kajita_walking_module/src/kajita_walking_controller.cpp:[m[K In member function ‘[01m[Kvoid KajitaWalkingController::process()[m[K’:
[01m[K/home/certezas/robotis_ws/src/ROBOTIS-OP3/op3_kajita_walking_module/src/kajita_walking_controller.cpp:458:13:[m[K [01;35m[Kwarning: [m[Kunused variable ‘[01m[Ktotal_ticks[m[K’ [[01;35m[K]8;;https://gcc.gnu.org/onlinedocs/gcc/Warning-Options.html#index-Wunused-variable-Wunused-variable]8;;[m[K]
  458 |         int [01;35m[Ktotal_ticks[m[K = static_cast<int>(initial_pose_duration_ / dt_);
      |             [01;35m[K^~~~~~~~~~~[m[K
[ 66%] [32m[1mLinking CXX executable kajita_walking_node[0m
[100%] Built target kajita_walking_node
-- Install configuration: ""
-- Installing: /home/certezas/robotis_ws/install/op3_kajita_walking_module/lib/op3_kajita_walking_module/kajita_walking_node
-- Set runtime path of "/home/certezas/robotis_ws/install/op3_kajita_walking_module/lib/op3_kajita_walking_module/kajita_walking_node" to ""
-- Up-to-date: /home/certezas/robotis_ws/install/op3_kajita_walking_module/share/op3_kajita_walking_module/launch
-- Up-to-date: /home/certezas/robotis_ws/install/op3_kajita_walking_module/share/op3_kajita_walking_module/launch/kajita_walk_webots.launch.py
-- Up-to-date: /home/certezas/robotis_ws/install/op3_kajita_walking_module/share/op3_kajita_walking_module/launch/visualize_walk.launch.py
-- Up-to-date: /home/certezas/robotis_ws/install/op3_kajita_walking_module/share/ament_index/resource_index/package_run_dependencies/op3_kajita_walking_module
-- Up-to-date: /home/certezas/robotis_ws/install/op3_kajita_walking_module/share/ament_index/resource_index/parent_prefix_path/op3_kajita_walking_module
-- Up-to-date: /home/certezas/robotis_ws/install/op3_kajita_walking_module/share/op3_kajita_walking_module/environment/ament_prefix_path.sh
-- Up-to-date: /home/certezas/robotis_ws/install/op3_kajita_walking_module/share/op3_kajita_walking_module/environment/ament_prefix_path.dsv
-- Up-to-date: /home/certezas/robotis_ws/install/op3_kajita_walking_module/share/op3_kajita_walking_module/environment/path.sh
-- Up-to-date: /home/certezas/robotis_ws/install/op3_kajita_walking_module/share/op3_kajita_walking_module/environment/path.dsv
-- Up-to-date: /home/certezas/robotis_ws/install/op3_kajita_walking_module/share/op3_kajita_walking_module/local_setup.bash
-- Up-to-date: /home/certezas/robotis_ws/install/op3_kajita_walking_module/share/op3_kajita_walking_module/local_setup.sh
-- Up-to-date: /home/certezas/robotis_ws/install/op3_kajita_walking_module/share/op3_kajita_walking_module/local_setup.zsh
-- Up-to-date: /home/certezas/robotis_ws/install/op3_kajita_walking_module/share/op3_kajita_walking_module/local_setup.dsv
-- Installing: /home/certezas/robotis_ws/install/op3_kajita_walking_module/share/op3_kajita_walking_module/package.dsv
-- Up-to-date: /home/certezas/robotis_ws/install/op3_kajita_walking_module/share/ament_index/resource_index/packages/op3_kajita_walking_module
-- Up-to-date: /home/certezas/robotis_ws/install/op3_kajita_walking_module/share/op3_kajita_walking_module/cmake/op3_kajita_walking_moduleConfig.cmake
-- Up-to-date: /home/certezas/robotis_ws/install/op3_kajita_walking_module/share/op3_kajita_walking_module/cmake/op3_kajita_walking_moduleConfig-version.cmake
-- Up-to-date: /home/certezas/robotis_ws/install/op3_kajita_walking_module/share/op3_kajita_walking_module/package.xml
