-- Found ament_cmake: 1.3.11 (/opt/ros/humble/share/ament_cmake/cmake)
-- Found ament_index_cpp: 1.4.0 (/opt/ros/humble/share/ament_index_cpp/cmake)
-- Found rclcpp: 16.0.12 (/opt/ros/humble/share/rclcpp/cmake)
-- Found rosidl_generator_c: 3.1.6 (/opt/ros/humble/share/rosidl_generator_c/cmake)
-- Found rosidl_adapter: 3.1.6 (/opt/ros/humble/share/rosidl_adapter/cmake)
-- Found rosidl_generator_cpp: 3.1.6 (/opt/ros/humble/share/rosidl_generator_cpp/cmake)
-- Using all available rosidl_typesupport_c: rosidl_typesupport_fastrtps_c;rosidl_typesupport_introspection_c
-- Using all available rosidl_typesupport_cpp: rosidl_typesupport_fastrtps_cpp;rosidl_typesupport_introspection_cpp
-- Found rmw_implementation_cmake: 6.1.2 (/opt/ros/humble/share/rmw_implementation_cmake/cmake)
-- Found rmw_fastrtps_cpp: 6.2.7 (/opt/ros/humble/share/rmw_fastrtps_cpp/cmake)
-- Using RMW implementation 'rmw_fastrtps_cpp' as default
-- Found sensor_msgs: 4.8.0 (/opt/ros/humble/share/sensor_msgs/cmake)
-- Found robotis_controller_msgs: 0.1.4 (/home/certezas/robotis_ws/install/robotis_controller_msgs/share/robotis_controller_msgs/cmake)
-- Found op3_online_walking_module_msgs: 0.1.1 (/home/certezas/robotis_ws/install/op3_online_walking_module_msgs/share/op3_online_walking_module_msgs/cmake)
-- Found dynamixel_sdk: 3.8.3 (/home/certezas/robotis_ws/install/dynamixel_sdk/share/dynamixel_sdk/cmake)
-- Found robotis_framework_common: 0.2.9 (/home/certezas/robotis_ws/install/robotis_framework_common/share/robotis_framework_common/cmake)
-- Found robotis_device: 0.2.9 (/home/certezas/robotis_ws/install/robotis_device/share/robotis_device/cmake)
-- Found robotis_math: 0.2.6 (/home/certezas/robotis_ws/install/robotis_math/share/robotis_math/cmake)
-- Found op3_balance_control: 0.2.1 (/home/certezas/robotis_ws/install/op3_balance_control/share/op3_balance_control/cmake)
-- Configuring done
-- Generating done
-- Build files have been written to: /home/certezas/robotis_ws/build/op3_online_walking_module
[35m[1mConsolidate compiler generated dependencies of target op3_online_walking_module[0m
[ 16%] [32mBuilding CXX object CMakeFiles/op3_online_walking_module.dir/src/online_walking_module.cpp.o[0m
[ 33%] [32mBuilding CXX object CMakeFiles/op3_online_walking_module.dir/src/op3_kdl.cpp.o[0m
[ 50%] [32mBuilding CXX object CMakeFiles/op3_online_walking_module.dir/src/wholebody_control.cpp.o[0m
[ 66%] [32mBuilding CXX object CMakeFiles/op3_online_walking_module.dir/src/walking_control.cpp.o[0m
[ 83%] [32mBuilding CXX object CMakeFiles/op3_online_walking_module.dir/src/joint_control.cpp.o[0m
[100%] [32m[1mLinking CXX shared library libop3_online_walking_module.so[0m
[100%] Built target op3_online_walking_module
-- Install configuration: ""
-- Installing: /home/certezas/robotis_ws/install/op3_online_walking_module/lib/libop3_online_walking_module.so
-- Set runtime path of "/home/certezas/robotis_ws/install/op3_online_walking_module/lib/libop3_online_walking_module.so" to ""
-- Up-to-date: /home/certezas/robotis_ws/install/op3_online_walking_module/include/op3_online_walking_module
-- Installing: /home/certezas/robotis_ws/install/op3_online_walking_module/include/op3_online_walking_module/joint_control.h
-- Installing: /home/certezas/robotis_ws/install/op3_online_walking_module/include/op3_online_walking_module/walking_control.h
-- Installing: /home/certezas/robotis_ws/install/op3_online_walking_module/include/op3_online_walking_module/op3_kdl.h
-- Installing: /home/certezas/robotis_ws/install/op3_online_walking_module/include/op3_online_walking_module/online_walking_module.h
-- Installing: /home/certezas/robotis_ws/install/op3_online_walking_module/include/op3_online_walking_module/wholebody_control.h
-- Up-to-date: /home/certezas/robotis_ws/install/op3_online_walking_module/share/op3_online_walking_module/config
-- Installing: /home/certezas/robotis_ws/install/op3_online_walking_module/share/op3_online_walking_module/config/joint_feedforward_gain.yaml
-- Installing: /home/certezas/robotis_ws/install/op3_online_walking_module/share/op3_online_walking_module/config/walking_parm.yaml
-- Installing: /home/certezas/robotis_ws/install/op3_online_walking_module/share/op3_online_walking_module/config/balance_gain.yaml
-- Installing: /home/certezas/robotis_ws/install/op3_online_walking_module/share/op3_online_walking_module/config/joint_feedback_gain.yaml
-- Installing: /home/certezas/robotis_ws/install/op3_online_walking_module/share/op3_online_walking_module/environment/library_path.sh
-- Installing: /home/certezas/robotis_ws/install/op3_online_walking_module/share/op3_online_walking_module/environment/library_path.dsv
-- Installing: /home/certezas/robotis_ws/install/op3_online_walking_module/share/ament_index/resource_index/package_run_dependencies/op3_online_walking_module
-- Installing: /home/certezas/robotis_ws/install/op3_online_walking_module/share/ament_index/resource_index/parent_prefix_path/op3_online_walking_module
-- Installing: /home/certezas/robotis_ws/install/op3_online_walking_module/share/op3_online_walking_module/environment/ament_prefix_path.sh
-- Installing: /home/certezas/robotis_ws/install/op3_online_walking_module/share/op3_online_walking_module/environment/ament_prefix_path.dsv
-- Installing: /home/certezas/robotis_ws/install/op3_online_walking_module/share/op3_online_walking_module/environment/path.sh
-- Installing: /home/certezas/robotis_ws/install/op3_online_walking_module/share/op3_online_walking_module/environment/path.dsv
-- Installing: /home/certezas/robotis_ws/install/op3_online_walking_module/share/op3_online_walking_module/local_setup.bash
-- Installing: /home/certezas/robotis_ws/install/op3_online_walking_module/share/op3_online_walking_module/local_setup.sh
-- Installing: /home/certezas/robotis_ws/install/op3_online_walking_module/share/op3_online_walking_module/local_setup.zsh
-- Installing: /home/certezas/robotis_ws/install/op3_online_walking_module/share/op3_online_walking_module/local_setup.dsv
-- Installing: /home/certezas/robotis_ws/install/op3_online_walking_module/share/op3_online_walking_module/package.dsv
-- Installing: /home/certezas/robotis_ws/install/op3_online_walking_module/share/ament_index/resource_index/packages/op3_online_walking_module
-- Installing: /home/certezas/robotis_ws/install/op3_online_walking_module/share/op3_online_walking_module/cmake/ament_cmake_export_include_directories-extras.cmake
-- Installing: /home/certezas/robotis_ws/install/op3_online_walking_module/share/op3_online_walking_module/cmake/ament_cmake_export_libraries-extras.cmake
-- Installing: /home/certezas/robotis_ws/install/op3_online_walking_module/share/op3_online_walking_module/cmake/ament_cmake_export_dependencies-extras.cmake
-- Installing: /home/certezas/robotis_ws/install/op3_online_walking_module/share/op3_online_walking_module/cmake/op3_online_walking_moduleConfig.cmake
-- Installing: /home/certezas/robotis_ws/install/op3_online_walking_module/share/op3_online_walking_module/cmake/op3_online_walking_moduleConfig-version.cmake
-- Installing: /home/certezas/robotis_ws/install/op3_online_walking_module/share/op3_online_walking_module/package.xml
