[2.908s] Invoking command in '/home/certezas/robotis_ws/build/op3_navigation': CMAKE_PREFIX_PATH=${CMAKE_PREFIX_PATH}:/opt/ros/humble /usr/bin/cmake --build /home/certezas/robotis_ws/build/op3_navigation -- -j12 -l12
[4.054s] -- Found ament_cmake: 1.3.11 (/opt/ros/humble/share/ament_cmake/cmake)
[4.587s] -- Configuring done
[4.635s] -- Generating done
[4.795s] -- Build files have been written to: /home/certezas/robotis_ws/build/op3_navigation
[5.072s] Invoked command in '/home/certezas/robotis_ws/build/op3_navigation' returned '0': CMAKE_PREFIX_PATH=${CMAKE_PREFIX_PATH}:/opt/ros/humble /usr/bin/cmake --build /home/certezas/robotis_ws/build/op3_navigation -- -j12 -l12
[5.084s] Invoking command in '/home/certezas/robotis_ws/build/op3_navigation': CMAKE_PREFIX_PATH=${CMAKE_PREFIX_PATH}:/opt/ros/humble /usr/bin/cmake --install /home/certezas/robotis_ws/build/op3_navigation
[19.252s] -- Install configuration: ""
[19.252s] -- Installing: /home/certezas/robotis_ws/install/op3_navigation/share/ament_index/resource_index/package_run_dependencies/op3_navigation
[19.252s] -- Installing: /home/certezas/robotis_ws/install/op3_navigation/share/ament_index/resource_index/parent_prefix_path/op3_navigation
[19.252s] -- Installing: /home/certezas/robotis_ws/install/op3_navigation/share/op3_navigation/environment/ament_prefix_path.sh
[19.252s] -- Installing: /home/certezas/robotis_ws/install/op3_navigation/share/op3_navigation/environment/ament_prefix_path.dsv
[19.252s] -- Installing: /home/certezas/robotis_ws/install/op3_navigation/share/op3_navigation/environment/path.sh
[19.252s] -- Installing: /home/certezas/robotis_ws/install/op3_navigation/share/op3_navigation/environment/path.dsv
[19.252s] -- Installing: /home/certezas/robotis_ws/install/op3_navigation/share/op3_navigation/local_setup.bash
[19.252s] -- Installing: /home/certezas/robotis_ws/install/op3_navigation/share/op3_navigation/local_setup.sh
[19.252s] -- Installing: /home/certezas/robotis_ws/install/op3_navigation/share/op3_navigation/local_setup.zsh
[19.252s] -- Installing: /home/certezas/robotis_ws/install/op3_navigation/share/op3_navigation/local_setup.dsv
[19.253s] -- Installing: /home/certezas/robotis_ws/install/op3_navigation/share/op3_navigation/package.dsv
[19.253s] -- Installing: /home/certezas/robotis_ws/install/op3_navigation/share/ament_index/resource_index/packages/op3_navigation
[19.253s] -- Installing: /home/certezas/robotis_ws/install/op3_navigation/share/op3_navigation/cmake/op3_navigationConfig.cmake
[19.253s] -- Installing: /home/certezas/robotis_ws/install/op3_navigation/share/op3_navigation/cmake/op3_navigationConfig-version.cmake
[19.253s] -- Installing: /home/certezas/robotis_ws/install/op3_navigation/share/op3_navigation/package.xml
[19.253s] -- Up-to-date: /home/certezas/robotis_ws/install/op3_navigation/share/op3_navigation/config
[19.253s] -- Installing: /home/certezas/robotis_ws/install/op3_navigation/share/op3_navigation/config/footsteps_thormang3.yaml
[19.253s] -- Installing: /home/certezas/robotis_ws/install/op3_navigation/share/op3_navigation/config/navigation_params.yaml
[19.253s] -- Installing: /home/certezas/robotis_ws/install/op3_navigation/share/op3_navigation/config/footsteps_robotis_op3.yaml
[19.253s] -- Installing: /home/certezas/robotis_ws/install/op3_navigation/share/op3_navigation/config/planning_params.yaml
[19.254s] -- Installing: /home/certezas/robotis_ws/install/op3_navigation/share/op3_navigation/config/planning_params_thormang3.yaml
[19.254s] -- Installing: /home/certezas/robotis_ws/install/op3_navigation/share/op3_navigation/config/planning_params_robotis_op3.yaml
[19.254s] -- Up-to-date: /home/certezas/robotis_ws/install/op3_navigation/share/op3_navigation/launch
[19.254s] -- Installing: /home/certezas/robotis_ws/install/op3_navigation/share/op3_navigation/launch/map_server_empty.launch.xml
[19.254s] -- Installing: /home/certezas/robotis_ws/install/op3_navigation/share/op3_navigation/launch/op3_footstep_planner.launch.xml
[19.254s] -- Up-to-date: /home/certezas/robotis_ws/install/op3_navigation/share/op3_navigation/maps
[19.254s] -- Installing: /home/certezas/robotis_ws/install/op3_navigation/share/op3_navigation/maps/empty.gif
[19.254s] -- Installing: /home/certezas/robotis_ws/install/op3_navigation/share/op3_navigation/maps/nao_map.yaml
[19.254s] -- Installing: /home/certezas/robotis_ws/install/op3_navigation/share/op3_navigation/maps/sample2.yaml
[19.254s] -- Installing: /home/certezas/robotis_ws/install/op3_navigation/share/op3_navigation/maps/empty.yaml
[19.255s] -- Installing: /home/certezas/robotis_ws/install/op3_navigation/share/op3_navigation/maps/nao_map.gif
[19.255s] -- Installing: /home/certezas/robotis_ws/install/op3_navigation/share/op3_navigation/maps/sample.yaml
[19.255s] -- Installing: /home/certezas/robotis_ws/install/op3_navigation/share/op3_navigation/maps/thor.yaml
[19.255s] -- Installing: /home/certezas/robotis_ws/install/op3_navigation/share/op3_navigation/maps/sample.gif
[19.255s] -- Installing: /home/certezas/robotis_ws/install/op3_navigation/share/op3_navigation/maps/sample2.gif
[19.255s] -- Installing: /home/certezas/robotis_ws/install/op3_navigation/share/op3_navigation/maps/thor.gif
[19.357s] Invoked command in '/home/certezas/robotis_ws/build/op3_navigation' returned '0': CMAKE_PREFIX_PATH=${CMAKE_PREFIX_PATH}:/opt/ros/humble /usr/bin/cmake --install /home/certezas/robotis_ws/build/op3_navigation
