-- Found ament_cmake: 1.3.11 (/opt/ros/humble/share/ament_cmake/cmake)
-- Found ament_index_cpp: 1.4.0 (/opt/ros/humble/share/ament_index_cpp/cmake)
-- Found rclcpp: 16.0.12 (/opt/ros/humble/share/rclcpp/cmake)
-- Found rosidl_generator_c: 3.1.6 (/opt/ros/humble/share/rosidl_generator_c/cmake)
-- Found rosidl_adapter: 3.1.6 (/opt/ros/humble/share/rosidl_adapter/cmake)
-- Found rosidl_generator_cpp: 3.1.6 (/opt/ros/humble/share/rosidl_generator_cpp/cmake)
-- Using all available rosidl_typesupport_c: rosidl_typesupport_fastrtps_c;rosidl_typesupport_introspection_c
-- Using all available rosidl_typesupport_cpp: rosidl_typesupport_fastrtps_cpp;rosidl_typesupport_introspection_cpp
-- Found rmw_implementation_cmake: 6.1.2 (/opt/ros/humble/share/rmw_implementation_cmake/cmake)
-- Found rmw_fastrtps_cpp: 6.2.7 (/opt/ros/humble/share/rmw_fastrtps_cpp/cmake)
-- Using RMW implementation 'rmw_fastrtps_cpp' as default
-- Found sensor_msgs: 4.8.0 (/opt/ros/humble/share/sensor_msgs/cmake)
-- Found robotis_controller_msgs: 0.1.4 (/home/certezas/robotis_ws/install/robotis_controller_msgs/share/robotis_controller_msgs/cmake)
-- Found op3_walking_module_msgs: 0.1.1 (/home/certezas/robotis_ws/install/op3_walking_module_msgs/share/op3_walking_module_msgs/cmake)
-- Found op3_action_module_msgs: 0.1.1 (/home/certezas/robotis_ws/install/op3_action_module_msgs/share/op3_action_module_msgs/cmake)
-- Found robotis_math: 0.2.6 (/home/certezas/robotis_ws/install/robotis_math/share/robotis_math/cmake)
-- Found op3_ball_detector_msgs: 0.1.0 (/home/certezas/robotis_ws/install/op3_ball_detector_msgs/share/op3_ball_detector_msgs/cmake)
-- Configuring done
-- Generating done
-- Build files have been written to: /home/certezas/robotis_ws/build/op3_demo
[35m[1mConsolidate compiler generated dependencies of target op_demo_node[0m
[  5%] [32mBuilding CXX object CMakeFiles/op_demo_node.dir/src/demo_node.cpp.o[0m
[ 11%] [32mBuilding CXX object CMakeFiles/op_demo_node.dir/src/soccer/soccer_demo.cpp.o[0m
[ 22%] [32mBuilding CXX object CMakeFiles/op_demo_node.dir/src/vision/face_tracker.cpp.o[0m
[ 22%] [32mBuilding CXX object CMakeFiles/op_demo_node.dir/src/action/action_demo.cpp.o[0m
[ 27%] [32mBuilding CXX object CMakeFiles/op_demo_node.dir/src/vision/vision_demo.cpp.o[0m
[ 38%] [32mBuilding CXX object CMakeFiles/op_demo_node.dir/src/soccer/ball_follower.cpp.o[0m
[ 38%] [32mBuilding CXX object CMakeFiles/op_demo_node.dir/src/soccer/ball_tracker.cpp.o[0m
[ 44%] [32m[1mLinking CXX executable op_demo_node[0m
[ 44%] Built target op_demo_node
[35m[1mConsolidate compiler generated dependencies of target self_test_node[0m
[ 50%] [32mBuilding CXX object CMakeFiles/self_test_node.dir/src/test_node.cpp.o[0m
[ 55%] [32mBuilding CXX object CMakeFiles/self_test_node.dir/src/test/mic_test.cpp.o[0m
[ 61%] [32mBuilding CXX object CMakeFiles/self_test_node.dir/src/test/button_test.cpp.o[0m
[ 88%] [32mBuilding CXX object CMakeFiles/self_test_node.dir/src/soccer/ball_tracker.cpp.o[0m
[ 88%] [32mBuilding CXX object CMakeFiles/self_test_node.dir/src/vision/face_tracker.cpp.o[0m
[ 88%] [32mBuilding CXX object CMakeFiles/self_test_node.dir/src/vision/vision_demo.cpp.o[0m
[ 88%] [32mBuilding CXX object CMakeFiles/self_test_node.dir/src/soccer/ball_follower.cpp.o[0m
[ 88%] [32mBuilding CXX object CMakeFiles/self_test_node.dir/src/action/action_demo.cpp.o[0m
[ 94%] [32mBuilding CXX object CMakeFiles/self_test_node.dir/src/soccer/soccer_demo.cpp.o[0m
[100%] [32m[1mLinking CXX executable self_test_node[0m
[100%] Built target self_test_node
-- Install configuration: ""
-- Installing: /home/certezas/robotis_ws/install/op3_demo/lib/op3_demo/op_demo_node
-- Set runtime path of "/home/certezas/robotis_ws/install/op3_demo/lib/op3_demo/op_demo_node" to ""
-- Installing: /home/certezas/robotis_ws/install/op3_demo/lib/op3_demo/self_test_node
-- Set runtime path of "/home/certezas/robotis_ws/install/op3_demo/lib/op3_demo/self_test_node" to ""
-- Up-to-date: /home/certezas/robotis_ws/install/op3_demo/include/op3_demo
-- Installing: /home/certezas/robotis_ws/install/op3_demo/include/op3_demo/vision_demo.h
-- Installing: /home/certezas/robotis_ws/install/op3_demo/include/op3_demo/face_tracker.h
-- Installing: /home/certezas/robotis_ws/install/op3_demo/include/op3_demo/button_test.h
-- Installing: /home/certezas/robotis_ws/install/op3_demo/include/op3_demo/soccer_demo.h
-- Installing: /home/certezas/robotis_ws/install/op3_demo/include/op3_demo/ball_tracker.h
-- Installing: /home/certezas/robotis_ws/install/op3_demo/include/op3_demo/action_demo.h
-- Installing: /home/certezas/robotis_ws/install/op3_demo/include/op3_demo/mic_test.h
-- Installing: /home/certezas/robotis_ws/install/op3_demo/include/op3_demo/ball_follower.h
-- Installing: /home/certezas/robotis_ws/install/op3_demo/include/op3_demo/op_demo.h
-- Up-to-date: /home/certezas/robotis_ws/install/op3_demo/share/op3_demo/data
-- Up-to-date: /home/certezas/robotis_ws/install/op3_demo/share/op3_demo/data/mp3
-- Installing: /home/certezas/robotis_ws/install/op3_demo/share/op3_demo/data/mp3/No.mp3
-- Installing: /home/certezas/robotis_ws/install/op3_demo/share/op3_demo/data/mp3/Introduction.mp3
-- Installing: /home/certezas/robotis_ws/install/op3_demo/share/op3_demo/data/mp3/Headstand.mp3
-- Installing: /home/certezas/robotis_ws/install/op3_demo/share/op3_demo/data/mp3/Intro01.mp3
-- Installing: /home/certezas/robotis_ws/install/op3_demo/share/op3_demo/data/mp3/Oops.mp3
-- Installing: /home/certezas/robotis_ws/install/op3_demo/share/op3_demo/data/mp3/Start soccer demonstration.mp3
-- Installing: /home/certezas/robotis_ws/install/op3_demo/share/op3_demo/data/mp3/Yes.mp3
-- Installing: /home/certezas/robotis_ws/install/op3_demo/share/op3_demo/data/mp3/Demonstration ready mode.mp3
-- Installing: /home/certezas/robotis_ws/install/op3_demo/share/op3_demo/data/mp3/Intro02.mp3
-- Installing: /home/certezas/robotis_ws/install/op3_demo/share/op3_demo/data/mp3/Clap please.mp3
-- Installing: /home/certezas/robotis_ws/install/op3_demo/share/op3_demo/data/mp3/Vision processing mode.mp3
-- Installing: /home/certezas/robotis_ws/install/op3_demo/share/op3_demo/data/mp3/Interactive motion mode.mp3
-- Installing: /home/certezas/robotis_ws/install/op3_demo/share/op3_demo/data/mp3/Sensor calibration fail.mp3
-- Installing: /home/certezas/robotis_ws/install/op3_demo/share/op3_demo/data/mp3/Shoot.mp3
-- Up-to-date: /home/certezas/robotis_ws/install/op3_demo/share/op3_demo/data/mp3/test
-- Installing: /home/certezas/robotis_ws/install/op3_demo/share/op3_demo/data/mp3/test/Announce mic test.mp3
-- Installing: /home/certezas/robotis_ws/install/op3_demo/share/op3_demo/data/mp3/test/Mode button long pressed.mp3
-- Installing: /home/certezas/robotis_ws/install/op3_demo/share/op3_demo/data/mp3/test/User button long pressed.mp3
-- Installing: /home/certezas/robotis_ws/install/op3_demo/share/op3_demo/data/mp3/test/Start button long pressed.mp3
-- Installing: /home/certezas/robotis_ws/install/op3_demo/share/op3_demo/data/mp3/test/Start button pressed.mp3
-- Installing: /home/certezas/robotis_ws/install/op3_demo/share/op3_demo/data/mp3/test/Start recording.mp3
-- Installing: /home/certezas/robotis_ws/install/op3_demo/share/op3_demo/data/mp3/test/Start button test mode.mp3
-- Installing: /home/certezas/robotis_ws/install/op3_demo/share/op3_demo/data/mp3/test/Self test ready mode.mp3
-- Installing: /home/certezas/robotis_ws/install/op3_demo/share/op3_demo/data/mp3/test/Button test mode.mp3
-- Installing: /home/certezas/robotis_ws/install/op3_demo/share/op3_demo/data/mp3/test/Start playing.mp3
-- Installing: /home/certezas/robotis_ws/install/op3_demo/share/op3_demo/data/mp3/test/User button pressed.mp3
-- Installing: /home/certezas/robotis_ws/install/op3_demo/share/op3_demo/data/mp3/test/Mode button pressed.mp3
-- Installing: /home/certezas/robotis_ws/install/op3_demo/share/op3_demo/data/mp3/test/Start mic test mode.mp3
-- Installing: /home/certezas/robotis_ws/install/op3_demo/share/op3_demo/data/mp3/test/Mic test mode.mp3
-- Installing: /home/certezas/robotis_ws/install/op3_demo/share/op3_demo/data/mp3/intro_test.mp3
-- Installing: /home/certezas/robotis_ws/install/op3_demo/share/op3_demo/data/mp3/System shutdown.mp3
-- Installing: /home/certezas/robotis_ws/install/op3_demo/share/op3_demo/data/mp3/Wow.mp3
-- Installing: /home/certezas/robotis_ws/install/op3_demo/share/op3_demo/data/mp3/Intro03.mp3
-- Installing: /home/certezas/robotis_ws/install/op3_demo/share/op3_demo/data/mp3/Thank you.mp3
-- Installing: /home/certezas/robotis_ws/install/op3_demo/share/op3_demo/data/mp3/Sensor calibration complete.mp3
-- Installing: /home/certezas/robotis_ws/install/op3_demo/share/op3_demo/data/mp3/Right kick.mp3
-- Installing: /home/certezas/robotis_ws/install/op3_demo/share/op3_demo/data/mp3/Autonomous soccer mode.mp3
-- Installing: /home/certezas/robotis_ws/install/op3_demo/share/op3_demo/data/mp3/Start vision processing demonstration.mp3
-- Installing: /home/certezas/robotis_ws/install/op3_demo/share/op3_demo/data/mp3/Left kick.mp3
-- Installing: /home/certezas/robotis_ws/install/op3_demo/share/op3_demo/data/mp3/Bye bye.mp3
-- Installing: /home/certezas/robotis_ws/install/op3_demo/share/op3_demo/data/mp3/Sit down.mp3
-- Installing: /home/certezas/robotis_ws/install/op3_demo/share/op3_demo/data/mp3/Yes go.mp3
-- Installing: /home/certezas/robotis_ws/install/op3_demo/share/op3_demo/data/mp3/Start motion demonstration.mp3
-- Installing: /home/certezas/robotis_ws/install/op3_demo/share/op3_demo/data/mp3/Stand up.mp3
-- Up-to-date: /home/certezas/robotis_ws/install/op3_demo/share/op3_demo/launch
-- Installing: /home/certezas/robotis_ws/install/op3_demo/share/op3_demo/launch/self_test.launch.xml
-- Installing: /home/certezas/robotis_ws/install/op3_demo/share/op3_demo/launch/demo.launch.xml
-- Installing: /home/certezas/robotis_ws/install/op3_demo/share/op3_demo/launch/face_detection_op3.launch.xml
-- Up-to-date: /home/certezas/robotis_ws/install/op3_demo/share/op3_demo/list
-- Installing: /home/certezas/robotis_ws/install/op3_demo/share/op3_demo/list/action_script.yaml
-- Installing: /home/certezas/robotis_ws/install/op3_demo/share/op3_demo/list/action_script_bk.yaml
-- Installing: /home/certezas/robotis_ws/install/op3_demo/share/ament_index/resource_index/package_run_dependencies/op3_demo
-- Installing: /home/certezas/robotis_ws/install/op3_demo/share/ament_index/resource_index/parent_prefix_path/op3_demo
-- Installing: /home/certezas/robotis_ws/install/op3_demo/share/op3_demo/environment/ament_prefix_path.sh
-- Installing: /home/certezas/robotis_ws/install/op3_demo/share/op3_demo/environment/ament_prefix_path.dsv
-- Installing: /home/certezas/robotis_ws/install/op3_demo/share/op3_demo/environment/path.sh
-- Installing: /home/certezas/robotis_ws/install/op3_demo/share/op3_demo/environment/path.dsv
-- Installing: /home/certezas/robotis_ws/install/op3_demo/share/op3_demo/local_setup.bash
-- Installing: /home/certezas/robotis_ws/install/op3_demo/share/op3_demo/local_setup.sh
-- Installing: /home/certezas/robotis_ws/install/op3_demo/share/op3_demo/local_setup.zsh
-- Installing: /home/certezas/robotis_ws/install/op3_demo/share/op3_demo/local_setup.dsv
-- Installing: /home/certezas/robotis_ws/install/op3_demo/share/op3_demo/package.dsv
-- Installing: /home/certezas/robotis_ws/install/op3_demo/share/ament_index/resource_index/packages/op3_demo
-- Installing: /home/certezas/robotis_ws/install/op3_demo/share/op3_demo/cmake/op3_demoConfig.cmake
-- Installing: /home/certezas/robotis_ws/install/op3_demo/share/op3_demo/cmake/op3_demoConfig-version.cmake
-- Installing: /home/certezas/robotis_ws/install/op3_demo/share/op3_demo/package.xml
