[1.407s] Invoking command in '/home/certezas/robotis_ws/build/op3_demo': CMAKE_PREFIX_PATH=/home/certezas/robotis_ws/install/op3_manager:/home/certezas/robotis_ws/install/robotis_controller:/home/certezas/robotis_ws/install/open_cr_module:/home/certezas/robotis_ws/install/op3_walking_module:/home/certezas/robotis_ws/install/op3_tuning_module:/home/certezas/robotis_ws/install/op3_online_walking_module:/home/certezas/robotis_ws/install/op3_head_control_module:/home/certezas/robotis_ws/install/op3_direct_control_module:/home/certezas/robotis_ws/install/op3_base_module:/home/certezas/robotis_ws/install/op3_action_module:/home/certezas/robotis_ws/install/robotis_framework_common:/home/certezas/robotis_ws/install/robotis_device:/home/certezas/robotis_ws/install/op3_localization:/home/certezas/robotis_ws/install/op3_kinematics_dynamics:/home/certezas/robotis_ws/install/op3_camera_setting_tool:/home/certezas/robotis_ws/install/op3_balance_control:/home/certezas/robotis_ws/install/ros_madplay_player:/home/certezas/robotis_ws/install/robotis_math:/home/certezas/robotis_ws/install/robotis_controller_msgs:/home/certezas/robotis_ws/install/op3_web_setting_tool:/home/certezas/robotis_ws/install/op3_walking_module_msgs:/home/certezas/robotis_ws/install/op3_tuning_module_msgs:/home/certezas/robotis_ws/install/op3_online_walking_module_msgs:/home/certezas/robotis_ws/install/op3_camera_setting_tool_msgs:/home/certezas/robotis_ws/install/op3_ball_detector_msgs:/home/certezas/robotis_ws/install/op3_action_module_msgs:/home/certezas/robotis_ws/install/dynamixel_sdk:/home/certezas/robotis_ws/install/op3_action_editor:/home/certezas/robotis_ws/install/ros_mpg321_player:/home/certezas/robotis_ws/install/op3_demo:/home/certezas/robotis_ws/install/op3_read_write_demo:/home/certezas/robotis_ws/install/op3_bringup:/home/certezas/robotis_ws/install/op3_offset_tuner_server:/home/certezas/robotis_ws/install/op3_kajita_walking_module:/home/certezas/robotis_ws/install/op3_gui_demo:/home/certezas/robotis_ws/install/rf_gz_bridge:/home/certezas/robotis_ws/install/op3_webots_ros2:/home/certezas/robotis_ws/install/op3_tuner_client:/home/certezas/robotis_ws/install/op3_offset_tuner_client:/home/certezas/robotis_ws/install/op3_offset_tuner_msgs:/home/certezas/robotis_ws/install/op3_navigation:/home/certezas/robotis_ws/install/op3_gazebo_ros2:/home/certezas/robotis_ws/install/op3_description:/home/certezas/robotis_ws/install/dynamixel_sdk_examples:/home/certezas/robotis_ws/install/dynamixel_sdk_custom_interfaces:/opt/ros/humble LD_LIBRARY_PATH=/home/certezas/robotis_ws/install/robotis_controller/lib:/home/certezas/robotis_ws/install/open_cr_module/lib:/home/certezas/robotis_ws/install/op3_walking_module/lib:/home/certezas/robotis_ws/install/op3_online_walking_module/lib:/home/certezas/robotis_ws/install/op3_action_module/lib:/home/certezas/robotis_ws/install/robotis_device/lib:/home/certezas/robotis_ws/install/op3_kinematics_dynamics/lib:/home/certezas/robotis_ws/install/op3_balance_control/lib:/home/certezas/robotis_ws/install/robotis_controller_msgs/lib:/home/certezas/robotis_ws/install/op3_walking_module_msgs/lib:/home/certezas/robotis_ws/install/op3_tuning_module_msgs/lib:/home/certezas/robotis_ws/install/op3_online_walking_module_msgs/lib:/home/certezas/robotis_ws/install/op3_camera_setting_tool_msgs/lib:/home/certezas/robotis_ws/install/op3_ball_detector_msgs/lib:/home/certezas/robotis_ws/install/op3_action_module_msgs/lib:/home/certezas/robotis_ws/install/dynamixel_sdk/lib:/home/certezas/robotis_ws/install/op3_tuning_module/lib:/home/certezas/robotis_ws/install/op3_direct_control_module/lib:/home/certezas/robotis_ws/install/op3_base_module/lib:/home/certezas/robotis_ws/install/op3_head_control_module/lib:/home/certezas/robotis_ws/install/robotis_math/lib:/home/certezas/robotis_ws/install/op3_offset_tuner_msgs/lib:/home/certezas/robotis_ws/install/dynamixel_sdk_custom_interfaces/lib:/opt/ros/humble/opt/rviz_ogre_vendor/lib:/opt/ros/humble/lib/x86_64-linux-gnu:/opt/ros/humble/lib:/usr/local/webots/lib/controller /usr/bin/cmake --build /home/certezas/robotis_ws/build/op3_demo -- -j12 -l12
[2.147s] -- Found ament_cmake: 1.3.11 (/opt/ros/humble/share/ament_cmake/cmake)
[2.319s] -- Found ament_index_cpp: 1.4.0 (/opt/ros/humble/share/ament_index_cpp/cmake)
[2.319s] -- Found rclcpp: 16.0.12 (/opt/ros/humble/share/rclcpp/cmake)
[2.346s] -- Found rosidl_generator_c: 3.1.6 (/opt/ros/humble/share/rosidl_generator_c/cmake)
[2.348s] -- Found rosidl_adapter: 3.1.6 (/opt/ros/humble/share/rosidl_adapter/cmake)
[2.353s] -- Found rosidl_generator_cpp: 3.1.6 (/opt/ros/humble/share/rosidl_generator_cpp/cmake)
[2.363s] -- Using all available rosidl_typesupport_c: rosidl_typesupport_fastrtps_c;rosidl_typesupport_introspection_c
[2.376s] -- Using all available rosidl_typesupport_cpp: rosidl_typesupport_fastrtps_cpp;rosidl_typesupport_introspection_cpp
[2.409s] -- Found rmw_implementation_cmake: 6.1.2 (/opt/ros/humble/share/rmw_implementation_cmake/cmake)
[2.412s] -- Found rmw_fastrtps_cpp: 6.2.7 (/opt/ros/humble/share/rmw_fastrtps_cpp/cmake)
[2.523s] -- Using RMW implementation 'rmw_fastrtps_cpp' as default
[2.572s] -- Found sensor_msgs: 4.8.0 (/opt/ros/humble/share/sensor_msgs/cmake)
[2.600s] -- Found robotis_controller_msgs: 0.1.4 (/home/certezas/robotis_ws/install/robotis_controller_msgs/share/robotis_controller_msgs/cmake)
[2.618s] -- Found op3_walking_module_msgs: 0.1.1 (/home/certezas/robotis_ws/install/op3_walking_module_msgs/share/op3_walking_module_msgs/cmake)
[2.632s] -- Found op3_action_module_msgs: 0.1.1 (/home/certezas/robotis_ws/install/op3_action_module_msgs/share/op3_action_module_msgs/cmake)
[2.644s] -- Found robotis_math: 0.2.6 (/home/certezas/robotis_ws/install/robotis_math/share/robotis_math/cmake)
[2.706s] -- Found op3_ball_detector_msgs: 0.1.0 (/home/certezas/robotis_ws/install/op3_ball_detector_msgs/share/op3_ball_detector_msgs/cmake)
[3.963s] -- Configuring done
[4.651s] -- Generating done
[4.657s] -- Build files have been written to: /home/certezas/robotis_ws/build/op3_demo
[5.305s] [35m[1mConsolidate compiler generated dependencies of target op_demo_node[0m
[5.395s] [  5%] [32mBuilding CXX object CMakeFiles/op_demo_node.dir/src/demo_node.cpp.o[0m
[5.397s] [ 11%] [32mBuilding CXX object CMakeFiles/op_demo_node.dir/src/soccer/soccer_demo.cpp.o[0m
[25.335s] [ 22%] [32mBuilding CXX object CMakeFiles/op_demo_node.dir/src/vision/face_tracker.cpp.o[0m
[25.335s] [ 22%] [32mBuilding CXX object CMakeFiles/op_demo_node.dir/src/action/action_demo.cpp.o[0m
[25.338s] [ 27%] [32mBuilding CXX object CMakeFiles/op_demo_node.dir/src/vision/vision_demo.cpp.o[0m
[27.336s] [ 38%] [32mBuilding CXX object CMakeFiles/op_demo_node.dir/src/soccer/ball_follower.cpp.o[0m
[27.336s] [ 38%] [32mBuilding CXX object CMakeFiles/op_demo_node.dir/src/soccer/ball_tracker.cpp.o[0m
[59.793s] [ 44%] [32m[1mLinking CXX executable op_demo_node[0m
[63.932s] [ 44%] Built target op_demo_node
[66.694s] [35m[1mConsolidate compiler generated dependencies of target self_test_node[0m
[66.755s] [ 50%] [32mBuilding CXX object CMakeFiles/self_test_node.dir/src/test_node.cpp.o[0m
[82.956s] [ 55%] [32mBuilding CXX object CMakeFiles/self_test_node.dir/src/test/mic_test.cpp.o[0m
[93.828s] [ 61%] [32mBuilding CXX object CMakeFiles/self_test_node.dir/src/test/button_test.cpp.o[0m
[104.758s] [ 88%] [32mBuilding CXX object CMakeFiles/self_test_node.dir/src/soccer/ball_tracker.cpp.o[0m
[104.758s] [ 88%] [32mBuilding CXX object CMakeFiles/self_test_node.dir/src/vision/face_tracker.cpp.o[0m
[104.758s] [ 88%] [32mBuilding CXX object CMakeFiles/self_test_node.dir/src/vision/vision_demo.cpp.o[0m
[104.759s] [ 88%] [32mBuilding CXX object CMakeFiles/self_test_node.dir/src/soccer/ball_follower.cpp.o[0m
[104.759s] [ 88%] [32mBuilding CXX object CMakeFiles/self_test_node.dir/src/action/action_demo.cpp.o[0m
[116.699s] [ 94%] [32mBuilding CXX object CMakeFiles/self_test_node.dir/src/soccer/soccer_demo.cpp.o[0m
[133.863s] [100%] [32m[1mLinking CXX executable self_test_node[0m
[138.544s] [100%] Built target self_test_node
[138.561s] Invoked command in '/home/certezas/robotis_ws/build/op3_demo' returned '0': CMAKE_PREFIX_PATH=/home/certezas/robotis_ws/install/op3_manager:/home/certezas/robotis_ws/install/robotis_controller:/home/certezas/robotis_ws/install/open_cr_module:/home/certezas/robotis_ws/install/op3_walking_module:/home/certezas/robotis_ws/install/op3_tuning_module:/home/certezas/robotis_ws/install/op3_online_walking_module:/home/certezas/robotis_ws/install/op3_head_control_module:/home/certezas/robotis_ws/install/op3_direct_control_module:/home/certezas/robotis_ws/install/op3_base_module:/home/certezas/robotis_ws/install/op3_action_module:/home/certezas/robotis_ws/install/robotis_framework_common:/home/certezas/robotis_ws/install/robotis_device:/home/certezas/robotis_ws/install/op3_localization:/home/certezas/robotis_ws/install/op3_kinematics_dynamics:/home/certezas/robotis_ws/install/op3_camera_setting_tool:/home/certezas/robotis_ws/install/op3_balance_control:/home/certezas/robotis_ws/install/ros_madplay_player:/home/certezas/robotis_ws/install/robotis_math:/home/certezas/robotis_ws/install/robotis_controller_msgs:/home/certezas/robotis_ws/install/op3_web_setting_tool:/home/certezas/robotis_ws/install/op3_walking_module_msgs:/home/certezas/robotis_ws/install/op3_tuning_module_msgs:/home/certezas/robotis_ws/install/op3_online_walking_module_msgs:/home/certezas/robotis_ws/install/op3_camera_setting_tool_msgs:/home/certezas/robotis_ws/install/op3_ball_detector_msgs:/home/certezas/robotis_ws/install/op3_action_module_msgs:/home/certezas/robotis_ws/install/dynamixel_sdk:/home/certezas/robotis_ws/install/op3_action_editor:/home/certezas/robotis_ws/install/ros_mpg321_player:/home/certezas/robotis_ws/install/op3_demo:/home/certezas/robotis_ws/install/op3_read_write_demo:/home/certezas/robotis_ws/install/op3_bringup:/home/certezas/robotis_ws/install/op3_offset_tuner_server:/home/certezas/robotis_ws/install/op3_kajita_walking_module:/home/certezas/robotis_ws/install/op3_gui_demo:/home/certezas/robotis_ws/install/rf_gz_bridge:/home/certezas/robotis_ws/install/op3_webots_ros2:/home/certezas/robotis_ws/install/op3_tuner_client:/home/certezas/robotis_ws/install/op3_offset_tuner_client:/home/certezas/robotis_ws/install/op3_offset_tuner_msgs:/home/certezas/robotis_ws/install/op3_navigation:/home/certezas/robotis_ws/install/op3_gazebo_ros2:/home/certezas/robotis_ws/install/op3_description:/home/certezas/robotis_ws/install/dynamixel_sdk_examples:/home/certezas/robotis_ws/install/dynamixel_sdk_custom_interfaces:/opt/ros/humble LD_LIBRARY_PATH=/home/certezas/robotis_ws/install/robotis_controller/lib:/home/certezas/robotis_ws/install/open_cr_module/lib:/home/certezas/robotis_ws/install/op3_walking_module/lib:/home/certezas/robotis_ws/install/op3_online_walking_module/lib:/home/certezas/robotis_ws/install/op3_action_module/lib:/home/certezas/robotis_ws/install/robotis_device/lib:/home/certezas/robotis_ws/install/op3_kinematics_dynamics/lib:/home/certezas/robotis_ws/install/op3_balance_control/lib:/home/certezas/robotis_ws/install/robotis_controller_msgs/lib:/home/certezas/robotis_ws/install/op3_walking_module_msgs/lib:/home/certezas/robotis_ws/install/op3_tuning_module_msgs/lib:/home/certezas/robotis_ws/install/op3_online_walking_module_msgs/lib:/home/certezas/robotis_ws/install/op3_camera_setting_tool_msgs/lib:/home/certezas/robotis_ws/install/op3_ball_detector_msgs/lib:/home/certezas/robotis_ws/install/op3_action_module_msgs/lib:/home/certezas/robotis_ws/install/dynamixel_sdk/lib:/home/certezas/robotis_ws/install/op3_tuning_module/lib:/home/certezas/robotis_ws/install/op3_direct_control_module/lib:/home/certezas/robotis_ws/install/op3_base_module/lib:/home/certezas/robotis_ws/install/op3_head_control_module/lib:/home/certezas/robotis_ws/install/robotis_math/lib:/home/certezas/robotis_ws/install/op3_offset_tuner_msgs/lib:/home/certezas/robotis_ws/install/dynamixel_sdk_custom_interfaces/lib:/opt/ros/humble/opt/rviz_ogre_vendor/lib:/opt/ros/humble/lib/x86_64-linux-gnu:/opt/ros/humble/lib:/usr/local/webots/lib/controller /usr/bin/cmake --build /home/certezas/robotis_ws/build/op3_demo -- -j12 -l12
[138.562s] Invoking command in '/home/certezas/robotis_ws/build/op3_demo': CMAKE_PREFIX_PATH=/home/certezas/robotis_ws/install/op3_manager:/home/certezas/robotis_ws/install/robotis_controller:/home/certezas/robotis_ws/install/open_cr_module:/home/certezas/robotis_ws/install/op3_walking_module:/home/certezas/robotis_ws/install/op3_tuning_module:/home/certezas/robotis_ws/install/op3_online_walking_module:/home/certezas/robotis_ws/install/op3_head_control_module:/home/certezas/robotis_ws/install/op3_direct_control_module:/home/certezas/robotis_ws/install/op3_base_module:/home/certezas/robotis_ws/install/op3_action_module:/home/certezas/robotis_ws/install/robotis_framework_common:/home/certezas/robotis_ws/install/robotis_device:/home/certezas/robotis_ws/install/op3_localization:/home/certezas/robotis_ws/install/op3_kinematics_dynamics:/home/certezas/robotis_ws/install/op3_camera_setting_tool:/home/certezas/robotis_ws/install/op3_balance_control:/home/certezas/robotis_ws/install/ros_madplay_player:/home/certezas/robotis_ws/install/robotis_math:/home/certezas/robotis_ws/install/robotis_controller_msgs:/home/certezas/robotis_ws/install/op3_web_setting_tool:/home/certezas/robotis_ws/install/op3_walking_module_msgs:/home/certezas/robotis_ws/install/op3_tuning_module_msgs:/home/certezas/robotis_ws/install/op3_online_walking_module_msgs:/home/certezas/robotis_ws/install/op3_camera_setting_tool_msgs:/home/certezas/robotis_ws/install/op3_ball_detector_msgs:/home/certezas/robotis_ws/install/op3_action_module_msgs:/home/certezas/robotis_ws/install/dynamixel_sdk:/home/certezas/robotis_ws/install/op3_action_editor:/home/certezas/robotis_ws/install/ros_mpg321_player:/home/certezas/robotis_ws/install/op3_demo:/home/certezas/robotis_ws/install/op3_read_write_demo:/home/certezas/robotis_ws/install/op3_bringup:/home/certezas/robotis_ws/install/op3_offset_tuner_server:/home/certezas/robotis_ws/install/op3_kajita_walking_module:/home/certezas/robotis_ws/install/op3_gui_demo:/home/certezas/robotis_ws/install/rf_gz_bridge:/home/certezas/robotis_ws/install/op3_webots_ros2:/home/certezas/robotis_ws/install/op3_tuner_client:/home/certezas/robotis_ws/install/op3_offset_tuner_client:/home/certezas/robotis_ws/install/op3_offset_tuner_msgs:/home/certezas/robotis_ws/install/op3_navigation:/home/certezas/robotis_ws/install/op3_gazebo_ros2:/home/certezas/robotis_ws/install/op3_description:/home/certezas/robotis_ws/install/dynamixel_sdk_examples:/home/certezas/robotis_ws/install/dynamixel_sdk_custom_interfaces:/opt/ros/humble LD_LIBRARY_PATH=/home/certezas/robotis_ws/install/robotis_controller/lib:/home/certezas/robotis_ws/install/open_cr_module/lib:/home/certezas/robotis_ws/install/op3_walking_module/lib:/home/certezas/robotis_ws/install/op3_online_walking_module/lib:/home/certezas/robotis_ws/install/op3_action_module/lib:/home/certezas/robotis_ws/install/robotis_device/lib:/home/certezas/robotis_ws/install/op3_kinematics_dynamics/lib:/home/certezas/robotis_ws/install/op3_balance_control/lib:/home/certezas/robotis_ws/install/robotis_controller_msgs/lib:/home/certezas/robotis_ws/install/op3_walking_module_msgs/lib:/home/certezas/robotis_ws/install/op3_tuning_module_msgs/lib:/home/certezas/robotis_ws/install/op3_online_walking_module_msgs/lib:/home/certezas/robotis_ws/install/op3_camera_setting_tool_msgs/lib:/home/certezas/robotis_ws/install/op3_ball_detector_msgs/lib:/home/certezas/robotis_ws/install/op3_action_module_msgs/lib:/home/certezas/robotis_ws/install/dynamixel_sdk/lib:/home/certezas/robotis_ws/install/op3_tuning_module/lib:/home/certezas/robotis_ws/install/op3_direct_control_module/lib:/home/certezas/robotis_ws/install/op3_base_module/lib:/home/certezas/robotis_ws/install/op3_head_control_module/lib:/home/certezas/robotis_ws/install/robotis_math/lib:/home/certezas/robotis_ws/install/op3_offset_tuner_msgs/lib:/home/certezas/robotis_ws/install/dynamixel_sdk_custom_interfaces/lib:/opt/ros/humble/opt/rviz_ogre_vendor/lib:/opt/ros/humble/lib/x86_64-linux-gnu:/opt/ros/humble/lib:/usr/local/webots/lib/controller /usr/bin/cmake --install /home/certezas/robotis_ws/build/op3_demo
[138.571s] -- Install configuration: ""
[138.716s] -- Installing: /home/certezas/robotis_ws/install/op3_demo/lib/op3_demo/op_demo_node
[138.733s] -- Set runtime path of "/home/certezas/robotis_ws/install/op3_demo/lib/op3_demo/op_demo_node" to ""
[138.874s] -- Installing: /home/certezas/robotis_ws/install/op3_demo/lib/op3_demo/self_test_node
[138.887s] -- Set runtime path of "/home/certezas/robotis_ws/install/op3_demo/lib/op3_demo/self_test_node" to ""
[138.917s] -- Up-to-date: /home/certezas/robotis_ws/install/op3_demo/include/op3_demo
[138.917s] -- Installing: /home/certezas/robotis_ws/install/op3_demo/include/op3_demo/vision_demo.h
[138.918s] -- Installing: /home/certezas/robotis_ws/install/op3_demo/include/op3_demo/face_tracker.h
[138.918s] -- Installing: /home/certezas/robotis_ws/install/op3_demo/include/op3_demo/button_test.h
[138.918s] -- Installing: /home/certezas/robotis_ws/install/op3_demo/include/op3_demo/soccer_demo.h
[138.918s] -- Installing: /home/certezas/robotis_ws/install/op3_demo/include/op3_demo/ball_tracker.h
[138.918s] -- Installing: /home/certezas/robotis_ws/install/op3_demo/include/op3_demo/action_demo.h
[138.918s] -- Installing: /home/certezas/robotis_ws/install/op3_demo/include/op3_demo/mic_test.h
[138.918s] -- Installing: /home/certezas/robotis_ws/install/op3_demo/include/op3_demo/ball_follower.h
[138.918s] -- Installing: /home/certezas/robotis_ws/install/op3_demo/include/op3_demo/op_demo.h
[138.948s] -- Up-to-date: /home/certezas/robotis_ws/install/op3_demo/share/op3_demo/data
[138.981s] -- Up-to-date: /home/certezas/robotis_ws/install/op3_demo/share/op3_demo/data/mp3
[138.981s] -- Installing: /home/certezas/robotis_ws/install/op3_demo/share/op3_demo/data/mp3/No.mp3
[139.014s] -- Installing: /home/certezas/robotis_ws/install/op3_demo/share/op3_demo/data/mp3/Introduction.mp3
[139.042s] -- Installing: /home/certezas/robotis_ws/install/op3_demo/share/op3_demo/data/mp3/Headstand.mp3
[139.043s] -- Installing: /home/certezas/robotis_ws/install/op3_demo/share/op3_demo/data/mp3/Intro01.mp3
[139.052s] -- Installing: /home/certezas/robotis_ws/install/op3_demo/share/op3_demo/data/mp3/Oops.mp3
[139.081s] -- Installing: /home/certezas/robotis_ws/install/op3_demo/share/op3_demo/data/mp3/Start soccer demonstration.mp3
[139.082s] -- Installing: /home/certezas/robotis_ws/install/op3_demo/share/op3_demo/data/mp3/Yes.mp3
[139.082s] -- Installing: /home/certezas/robotis_ws/install/op3_demo/share/op3_demo/data/mp3/Demonstration ready mode.mp3
[139.083s] -- Installing: /home/certezas/robotis_ws/install/op3_demo/share/op3_demo/data/mp3/Intro02.mp3
[139.114s] -- Installing: /home/certezas/robotis_ws/install/op3_demo/share/op3_demo/data/mp3/Clap please.mp3
[139.126s] -- Installing: /home/certezas/robotis_ws/install/op3_demo/share/op3_demo/data/mp3/Vision processing mode.mp3
[139.141s] -- Installing: /home/certezas/robotis_ws/install/op3_demo/share/op3_demo/data/mp3/Interactive motion mode.mp3
[139.141s] -- Installing: /home/certezas/robotis_ws/install/op3_demo/share/op3_demo/data/mp3/Sensor calibration fail.mp3
[139.158s] -- Installing: /home/certezas/robotis_ws/install/op3_demo/share/op3_demo/data/mp3/Shoot.mp3
[139.160s] -- Up-to-date: /home/certezas/robotis_ws/install/op3_demo/share/op3_demo/data/mp3/test
[139.160s] -- Installing: /home/certezas/robotis_ws/install/op3_demo/share/op3_demo/data/mp3/test/Announce mic test.mp3
[139.182s] -- Installing: /home/certezas/robotis_ws/install/op3_demo/share/op3_demo/data/mp3/test/Mode button long pressed.mp3
[139.182s] -- Installing: /home/certezas/robotis_ws/install/op3_demo/share/op3_demo/data/mp3/test/User button long pressed.mp3
[139.281s] -- Installing: /home/certezas/robotis_ws/install/op3_demo/share/op3_demo/data/mp3/test/Start button long pressed.mp3
[139.282s] -- Installing: /home/certezas/robotis_ws/install/op3_demo/share/op3_demo/data/mp3/test/Start button pressed.mp3
[139.282s] -- Installing: /home/certezas/robotis_ws/install/op3_demo/share/op3_demo/data/mp3/test/Start recording.mp3
[139.282s] -- Installing: /home/certezas/robotis_ws/install/op3_demo/share/op3_demo/data/mp3/test/Start button test mode.mp3
[139.282s] -- Installing: /home/certezas/robotis_ws/install/op3_demo/share/op3_demo/data/mp3/test/Self test ready mode.mp3
[139.368s] -- Installing: /home/certezas/robotis_ws/install/op3_demo/share/op3_demo/data/mp3/test/Button test mode.mp3
[139.368s] -- Installing: /home/certezas/robotis_ws/install/op3_demo/share/op3_demo/data/mp3/test/Start playing.mp3
[139.369s] -- Installing: /home/certezas/robotis_ws/install/op3_demo/share/op3_demo/data/mp3/test/User button pressed.mp3
[139.369s] -- Installing: /home/certezas/robotis_ws/install/op3_demo/share/op3_demo/data/mp3/test/Mode button pressed.mp3
[139.369s] -- Installing: /home/certezas/robotis_ws/install/op3_demo/share/op3_demo/data/mp3/test/Start mic test mode.mp3
[139.370s] -- Installing: /home/certezas/robotis_ws/install/op3_demo/share/op3_demo/data/mp3/test/Mic test mode.mp3
[139.370s] -- Installing: /home/certezas/robotis_ws/install/op3_demo/share/op3_demo/data/mp3/intro_test.mp3
[139.371s] -- Installing: /home/certezas/robotis_ws/install/op3_demo/share/op3_demo/data/mp3/System shutdown.mp3
[139.371s] -- Installing: /home/certezas/robotis_ws/install/op3_demo/share/op3_demo/data/mp3/Wow.mp3
[139.371s] -- Installing: /home/certezas/robotis_ws/install/op3_demo/share/op3_demo/data/mp3/Intro03.mp3
[139.416s] -- Installing: /home/certezas/robotis_ws/install/op3_demo/share/op3_demo/data/mp3/Thank you.mp3
[139.430s] -- Installing: /home/certezas/robotis_ws/install/op3_demo/share/op3_demo/data/mp3/Sensor calibration complete.mp3
[139.472s] -- Installing: /home/certezas/robotis_ws/install/op3_demo/share/op3_demo/data/mp3/Right kick.mp3
[139.494s] -- Installing: /home/certezas/robotis_ws/install/op3_demo/share/op3_demo/data/mp3/Autonomous soccer mode.mp3
[139.494s] -- Installing: /home/certezas/robotis_ws/install/op3_demo/share/op3_demo/data/mp3/Start vision processing demonstration.mp3
[139.495s] -- Installing: /home/certezas/robotis_ws/install/op3_demo/share/op3_demo/data/mp3/Left kick.mp3
[139.495s] -- Installing: /home/certezas/robotis_ws/install/op3_demo/share/op3_demo/data/mp3/Bye bye.mp3
[139.495s] -- Installing: /home/certezas/robotis_ws/install/op3_demo/share/op3_demo/data/mp3/Sit down.mp3
[139.496s] -- Installing: /home/certezas/robotis_ws/install/op3_demo/share/op3_demo/data/mp3/Yes go.mp3
[139.496s] -- Installing: /home/certezas/robotis_ws/install/op3_demo/share/op3_demo/data/mp3/Start motion demonstration.mp3
[139.496s] -- Installing: /home/certezas/robotis_ws/install/op3_demo/share/op3_demo/data/mp3/Stand up.mp3
[139.496s] -- Up-to-date: /home/certezas/robotis_ws/install/op3_demo/share/op3_demo/launch
[139.497s] -- Installing: /home/certezas/robotis_ws/install/op3_demo/share/op3_demo/launch/self_test.launch.xml
[139.497s] -- Installing: /home/certezas/robotis_ws/install/op3_demo/share/op3_demo/launch/demo.launch.xml
[139.498s] -- Installing: /home/certezas/robotis_ws/install/op3_demo/share/op3_demo/launch/face_detection_op3.launch.xml
[139.498s] -- Up-to-date: /home/certezas/robotis_ws/install/op3_demo/share/op3_demo/list
[139.499s] -- Installing: /home/certezas/robotis_ws/install/op3_demo/share/op3_demo/list/action_script.yaml
[139.499s] -- Installing: /home/certezas/robotis_ws/install/op3_demo/share/op3_demo/list/action_script_bk.yaml
[139.499s] -- Installing: /home/certezas/robotis_ws/install/op3_demo/share/ament_index/resource_index/package_run_dependencies/op3_demo
[139.499s] -- Installing: /home/certezas/robotis_ws/install/op3_demo/share/ament_index/resource_index/parent_prefix_path/op3_demo
[139.500s] -- Installing: /home/certezas/robotis_ws/install/op3_demo/share/op3_demo/environment/ament_prefix_path.sh
[139.500s] -- Installing: /home/certezas/robotis_ws/install/op3_demo/share/op3_demo/environment/ament_prefix_path.dsv
[139.500s] -- Installing: /home/certezas/robotis_ws/install/op3_demo/share/op3_demo/environment/path.sh
[139.500s] -- Installing: /home/certezas/robotis_ws/install/op3_demo/share/op3_demo/environment/path.dsv
[139.501s] -- Installing: /home/certezas/robotis_ws/install/op3_demo/share/op3_demo/local_setup.bash
[139.518s] -- Installing: /home/certezas/robotis_ws/install/op3_demo/share/op3_demo/local_setup.sh
[139.518s] -- Installing: /home/certezas/robotis_ws/install/op3_demo/share/op3_demo/local_setup.zsh
[139.518s] -- Installing: /home/certezas/robotis_ws/install/op3_demo/share/op3_demo/local_setup.dsv
[139.518s] -- Installing: /home/certezas/robotis_ws/install/op3_demo/share/op3_demo/package.dsv
[139.543s] -- Installing: /home/certezas/robotis_ws/install/op3_demo/share/ament_index/resource_index/packages/op3_demo
[139.544s] -- Installing: /home/certezas/robotis_ws/install/op3_demo/share/op3_demo/cmake/op3_demoConfig.cmake
[139.544s] -- Installing: /home/certezas/robotis_ws/install/op3_demo/share/op3_demo/cmake/op3_demoConfig-version.cmake
[139.544s] -- Installing: /home/certezas/robotis_ws/install/op3_demo/share/op3_demo/package.xml
[139.549s] Invoked command in '/home/certezas/robotis_ws/build/op3_demo' returned '0': CMAKE_PREFIX_PATH=/home/certezas/robotis_ws/install/op3_manager:/home/certezas/robotis_ws/install/robotis_controller:/home/certezas/robotis_ws/install/open_cr_module:/home/certezas/robotis_ws/install/op3_walking_module:/home/certezas/robotis_ws/install/op3_tuning_module:/home/certezas/robotis_ws/install/op3_online_walking_module:/home/certezas/robotis_ws/install/op3_head_control_module:/home/certezas/robotis_ws/install/op3_direct_control_module:/home/certezas/robotis_ws/install/op3_base_module:/home/certezas/robotis_ws/install/op3_action_module:/home/certezas/robotis_ws/install/robotis_framework_common:/home/certezas/robotis_ws/install/robotis_device:/home/certezas/robotis_ws/install/op3_localization:/home/certezas/robotis_ws/install/op3_kinematics_dynamics:/home/certezas/robotis_ws/install/op3_camera_setting_tool:/home/certezas/robotis_ws/install/op3_balance_control:/home/certezas/robotis_ws/install/ros_madplay_player:/home/certezas/robotis_ws/install/robotis_math:/home/certezas/robotis_ws/install/robotis_controller_msgs:/home/certezas/robotis_ws/install/op3_web_setting_tool:/home/certezas/robotis_ws/install/op3_walking_module_msgs:/home/certezas/robotis_ws/install/op3_tuning_module_msgs:/home/certezas/robotis_ws/install/op3_online_walking_module_msgs:/home/certezas/robotis_ws/install/op3_camera_setting_tool_msgs:/home/certezas/robotis_ws/install/op3_ball_detector_msgs:/home/certezas/robotis_ws/install/op3_action_module_msgs:/home/certezas/robotis_ws/install/dynamixel_sdk:/home/certezas/robotis_ws/install/op3_action_editor:/home/certezas/robotis_ws/install/ros_mpg321_player:/home/certezas/robotis_ws/install/op3_demo:/home/certezas/robotis_ws/install/op3_read_write_demo:/home/certezas/robotis_ws/install/op3_bringup:/home/certezas/robotis_ws/install/op3_offset_tuner_server:/home/certezas/robotis_ws/install/op3_kajita_walking_module:/home/certezas/robotis_ws/install/op3_gui_demo:/home/certezas/robotis_ws/install/rf_gz_bridge:/home/certezas/robotis_ws/install/op3_webots_ros2:/home/certezas/robotis_ws/install/op3_tuner_client:/home/certezas/robotis_ws/install/op3_offset_tuner_client:/home/certezas/robotis_ws/install/op3_offset_tuner_msgs:/home/certezas/robotis_ws/install/op3_navigation:/home/certezas/robotis_ws/install/op3_gazebo_ros2:/home/certezas/robotis_ws/install/op3_description:/home/certezas/robotis_ws/install/dynamixel_sdk_examples:/home/certezas/robotis_ws/install/dynamixel_sdk_custom_interfaces:/opt/ros/humble LD_LIBRARY_PATH=/home/certezas/robotis_ws/install/robotis_controller/lib:/home/certezas/robotis_ws/install/open_cr_module/lib:/home/certezas/robotis_ws/install/op3_walking_module/lib:/home/certezas/robotis_ws/install/op3_online_walking_module/lib:/home/certezas/robotis_ws/install/op3_action_module/lib:/home/certezas/robotis_ws/install/robotis_device/lib:/home/certezas/robotis_ws/install/op3_kinematics_dynamics/lib:/home/certezas/robotis_ws/install/op3_balance_control/lib:/home/certezas/robotis_ws/install/robotis_controller_msgs/lib:/home/certezas/robotis_ws/install/op3_walking_module_msgs/lib:/home/certezas/robotis_ws/install/op3_tuning_module_msgs/lib:/home/certezas/robotis_ws/install/op3_online_walking_module_msgs/lib:/home/certezas/robotis_ws/install/op3_camera_setting_tool_msgs/lib:/home/certezas/robotis_ws/install/op3_ball_detector_msgs/lib:/home/certezas/robotis_ws/install/op3_action_module_msgs/lib:/home/certezas/robotis_ws/install/dynamixel_sdk/lib:/home/certezas/robotis_ws/install/op3_tuning_module/lib:/home/certezas/robotis_ws/install/op3_direct_control_module/lib:/home/certezas/robotis_ws/install/op3_base_module/lib:/home/certezas/robotis_ws/install/op3_head_control_module/lib:/home/certezas/robotis_ws/install/robotis_math/lib:/home/certezas/robotis_ws/install/op3_offset_tuner_msgs/lib:/home/certezas/robotis_ws/install/dynamixel_sdk_custom_interfaces/lib:/opt/ros/humble/opt/rviz_ogre_vendor/lib:/opt/ros/humble/lib/x86_64-linux-gnu:/opt/ros/humble/lib:/usr/local/webots/lib/controller /usr/bin/cmake --install /home/certezas/robotis_ws/build/op3_demo
