-- Found ament_cmake: 1.3.11 (/opt/ros/humble/share/ament_cmake/cmake)
-- Found rclcpp: 16.0.12 (/opt/ros/humble/share/rclcpp/cmake)
-- Found rosidl_generator_c: 3.1.6 (/opt/ros/humble/share/rosidl_generator_c/cmake)
-- Found rosidl_adapter: 3.1.6 (/opt/ros/humble/share/rosidl_adapter/cmake)
-- Found rosidl_generator_cpp: 3.1.6 (/opt/ros/humble/share/rosidl_generator_cpp/cmake)
-- Using all available rosidl_typesupport_c: rosidl_typesupport_fastrtps_c;rosidl_typesupport_introspection_c
-- Using all available rosidl_typesupport_cpp: rosidl_typesupport_fastrtps_cpp;rosidl_typesupport_introspection_cpp
-- Found rmw_implementation_cmake: 6.1.2 (/opt/ros/humble/share/rmw_implementation_cmake/cmake)
-- Found rmw_fastrtps_cpp: 6.2.7 (/opt/ros/humble/share/rmw_fastrtps_cpp/cmake)
-- Using RMW implementation 'rmw_fastrtps_cpp' as default
-- Found ament_lint_auto: 0.12.12 (/opt/ros/humble/share/ament_lint_auto/cmake)
-- Added test 'cppcheck' to perform static code analysis on C / C++ code
-- Configured cppcheck include dirs: /home/certezas/robotis_ws/src/ROBOTIS-OP3-Simulations/rf_gz_bridge/include
-- Configured cppcheck exclude dirs and/or files: 
-- Added test 'lint_cmake' to check CMake code style
-- Added test 'uncrustify' to check C / C++ code style
-- Configured uncrustify additional arguments: 
-- Added test 'xmllint' to check XML markup files
-- Configuring done
-- Generating done
-- Build files have been written to: /home/certezas/robotis_ws/build/rf_gz_bridge
[35m[1mConsolidate compiler generated dependencies of target rf_gz_bridge_node[0m
[ 33%] [32mBuilding CXX object CMakeFiles/rf_gz_bridge_node.dir/src/main.cpp.o[0m
[ 66%] [32mBuilding CXX object CMakeFiles/rf_gz_bridge_node.dir/src/rf_gz_bridge.cpp.o[0m
[100%] [32m[1mLinking CXX executable rf_gz_bridge_node[0m
[100%] Built target rf_gz_bridge_node
-- Install configuration: ""
-- Installing: /home/certezas/robotis_ws/install/rf_gz_bridge/lib/rf_gz_bridge/rf_gz_bridge_node
-- Set runtime path of "/home/certezas/robotis_ws/install/rf_gz_bridge/lib/rf_gz_bridge/rf_gz_bridge_node" to ""
-- Up-to-date: /home/certezas/robotis_ws/install/rf_gz_bridge/include/rf_gz_bridge
-- Installing: /home/certezas/robotis_ws/install/rf_gz_bridge/include/rf_gz_bridge/rf_gz_bridge.hpp
-- Up-to-date: /home/certezas/robotis_ws/install/rf_gz_bridge/share/rf_gz_bridge/config
-- Installing: /home/certezas/robotis_ws/install/rf_gz_bridge/share/rf_gz_bridge/config/op3_joint_list.yaml
-- Installing: /home/certezas/robotis_ws/install/rf_gz_bridge/share/ament_index/resource_index/package_run_dependencies/rf_gz_bridge
-- Installing: /home/certezas/robotis_ws/install/rf_gz_bridge/share/ament_index/resource_index/parent_prefix_path/rf_gz_bridge
-- Installing: /home/certezas/robotis_ws/install/rf_gz_bridge/share/rf_gz_bridge/environment/ament_prefix_path.sh
-- Installing: /home/certezas/robotis_ws/install/rf_gz_bridge/share/rf_gz_bridge/environment/ament_prefix_path.dsv
-- Installing: /home/certezas/robotis_ws/install/rf_gz_bridge/share/rf_gz_bridge/environment/path.sh
-- Installing: /home/certezas/robotis_ws/install/rf_gz_bridge/share/rf_gz_bridge/environment/path.dsv
-- Installing: /home/certezas/robotis_ws/install/rf_gz_bridge/share/rf_gz_bridge/local_setup.bash
-- Installing: /home/certezas/robotis_ws/install/rf_gz_bridge/share/rf_gz_bridge/local_setup.sh
-- Installing: /home/certezas/robotis_ws/install/rf_gz_bridge/share/rf_gz_bridge/local_setup.zsh
-- Installing: /home/certezas/robotis_ws/install/rf_gz_bridge/share/rf_gz_bridge/local_setup.dsv
-- Installing: /home/certezas/robotis_ws/install/rf_gz_bridge/share/rf_gz_bridge/package.dsv
-- Installing: /home/certezas/robotis_ws/install/rf_gz_bridge/share/ament_index/resource_index/packages/rf_gz_bridge
-- Installing: /home/certezas/robotis_ws/install/rf_gz_bridge/share/rf_gz_bridge/cmake/rf_gz_bridgeConfig.cmake
-- Installing: /home/certezas/robotis_ws/install/rf_gz_bridge/share/rf_gz_bridge/cmake/rf_gz_bridgeConfig-version.cmake
-- Installing: /home/certezas/robotis_ws/install/rf_gz_bridge/share/rf_gz_bridge/package.xml
