[1.995s] Invoking command in '/home/certezas/robotis_ws/build/rf_gz_bridge': CMAKE_PREFIX_PATH=${CMAKE_PREFIX_PATH}:/opt/ros/humble /usr/bin/cmake --build /home/certezas/robotis_ws/build/rf_gz_bridge -- -j12 -l12
[3.952s] -- Found ament_cmake: 1.3.11 (/opt/ros/humble/share/ament_cmake/cmake)
[4.843s] -- Found rclcpp: 16.0.12 (/opt/ros/humble/share/rclcpp/cmake)
[4.899s] -- Found rosidl_generator_c: 3.1.6 (/opt/ros/humble/share/rosidl_generator_c/cmake)
[4.903s] -- Found rosidl_adapter: 3.1.6 (/opt/ros/humble/share/rosidl_adapter/cmake)
[4.915s] -- Found rosidl_generator_cpp: 3.1.6 (/opt/ros/humble/share/rosidl_generator_cpp/cmake)
[4.937s] -- Using all available rosidl_typesupport_c: rosidl_typesupport_fastrtps_c;rosidl_typesupport_introspection_c
[4.966s] -- Using all available rosidl_typesupport_cpp: rosidl_typesupport_fastrtps_cpp;rosidl_typesupport_introspection_cpp
[5.033s] -- Found rmw_implementation_cmake: 6.1.2 (/opt/ros/humble/share/rmw_implementation_cmake/cmake)
[5.037s] -- Found rmw_fastrtps_cpp: 6.2.7 (/opt/ros/humble/share/rmw_fastrtps_cpp/cmake)
[5.248s] -- Using RMW implementation 'rmw_fastrtps_cpp' as default
[5.363s] -- Found ament_lint_auto: 0.12.12 (/opt/ros/humble/share/ament_lint_auto/cmake)
[8.770s] -- Added test 'cppcheck' to perform static code analysis on C / C++ code
[8.771s] -- Configured cppcheck include dirs: /home/certezas/robotis_ws/src/ROBOTIS-OP3-Simulations/rf_gz_bridge/include
[8.771s] -- Configured cppcheck exclude dirs and/or files: 
[9.322s] -- Added test 'lint_cmake' to check CMake code style
[9.463s] -- Added test 'uncrustify' to check C / C++ code style
[9.463s] -- Configured uncrustify additional arguments: 
[9.510s] -- Added test 'xmllint' to check XML markup files
[12.115s] -- Configuring done
[13.173s] -- Generating done
[13.444s] -- Build files have been written to: /home/certezas/robotis_ws/build/rf_gz_bridge
[13.681s] [35m[1mConsolidate compiler generated dependencies of target rf_gz_bridge_node[0m
[13.715s] [ 33%] [32mBuilding CXX object CMakeFiles/rf_gz_bridge_node.dir/src/main.cpp.o[0m
[18.739s] [ 66%] [32mBuilding CXX object CMakeFiles/rf_gz_bridge_node.dir/src/rf_gz_bridge.cpp.o[0m
[38.418s] [100%] [32m[1mLinking CXX executable rf_gz_bridge_node[0m
[42.823s] [100%] Built target rf_gz_bridge_node
[43.298s] Invoked command in '/home/certezas/robotis_ws/build/rf_gz_bridge' returned '0': CMAKE_PREFIX_PATH=${CMAKE_PREFIX_PATH}:/opt/ros/humble /usr/bin/cmake --build /home/certezas/robotis_ws/build/rf_gz_bridge -- -j12 -l12
[43.618s] Invoking command in '/home/certezas/robotis_ws/build/rf_gz_bridge': CMAKE_PREFIX_PATH=${CMAKE_PREFIX_PATH}:/opt/ros/humble /usr/bin/cmake --install /home/certezas/robotis_ws/build/rf_gz_bridge
[52.992s] -- Install configuration: ""
[52.992s] -- Installing: /home/certezas/robotis_ws/install/rf_gz_bridge/lib/rf_gz_bridge/rf_gz_bridge_node
[52.992s] -- Set runtime path of "/home/certezas/robotis_ws/install/rf_gz_bridge/lib/rf_gz_bridge/rf_gz_bridge_node" to ""
[52.992s] -- Up-to-date: /home/certezas/robotis_ws/install/rf_gz_bridge/include/rf_gz_bridge
[52.992s] -- Installing: /home/certezas/robotis_ws/install/rf_gz_bridge/include/rf_gz_bridge/rf_gz_bridge.hpp
[52.992s] -- Up-to-date: /home/certezas/robotis_ws/install/rf_gz_bridge/share/rf_gz_bridge/config
[52.992s] -- Installing: /home/certezas/robotis_ws/install/rf_gz_bridge/share/rf_gz_bridge/config/op3_joint_list.yaml
[52.992s] -- Installing: /home/certezas/robotis_ws/install/rf_gz_bridge/share/ament_index/resource_index/package_run_dependencies/rf_gz_bridge
[52.992s] -- Installing: /home/certezas/robotis_ws/install/rf_gz_bridge/share/ament_index/resource_index/parent_prefix_path/rf_gz_bridge
[52.992s] -- Installing: /home/certezas/robotis_ws/install/rf_gz_bridge/share/rf_gz_bridge/environment/ament_prefix_path.sh
[52.992s] -- Installing: /home/certezas/robotis_ws/install/rf_gz_bridge/share/rf_gz_bridge/environment/ament_prefix_path.dsv
[52.992s] -- Installing: /home/certezas/robotis_ws/install/rf_gz_bridge/share/rf_gz_bridge/environment/path.sh
[52.992s] -- Installing: /home/certezas/robotis_ws/install/rf_gz_bridge/share/rf_gz_bridge/environment/path.dsv
[52.992s] -- Installing: /home/certezas/robotis_ws/install/rf_gz_bridge/share/rf_gz_bridge/local_setup.bash
[52.992s] -- Installing: /home/certezas/robotis_ws/install/rf_gz_bridge/share/rf_gz_bridge/local_setup.sh
[52.992s] -- Installing: /home/certezas/robotis_ws/install/rf_gz_bridge/share/rf_gz_bridge/local_setup.zsh
[52.993s] -- Installing: /home/certezas/robotis_ws/install/rf_gz_bridge/share/rf_gz_bridge/local_setup.dsv
[52.993s] -- Installing: /home/certezas/robotis_ws/install/rf_gz_bridge/share/rf_gz_bridge/package.dsv
[52.993s] -- Installing: /home/certezas/robotis_ws/install/rf_gz_bridge/share/ament_index/resource_index/packages/rf_gz_bridge
[52.993s] -- Installing: /home/certezas/robotis_ws/install/rf_gz_bridge/share/rf_gz_bridge/cmake/rf_gz_bridgeConfig.cmake
[52.993s] -- Installing: /home/certezas/robotis_ws/install/rf_gz_bridge/share/rf_gz_bridge/cmake/rf_gz_bridgeConfig-version.cmake
[52.993s] -- Installing: /home/certezas/robotis_ws/install/rf_gz_bridge/share/rf_gz_bridge/package.xml
[54.401s] Invoked command in '/home/certezas/robotis_ws/build/rf_gz_bridge' returned '0': CMAKE_PREFIX_PATH=${CMAKE_PREFIX_PATH}:/opt/ros/humble /usr/bin/cmake --install /home/certezas/robotis_ws/build/rf_gz_bridge
