[1.991s] Invoking command in '/home/certezas/robotis_ws/build/op3_offset_tuner_msgs': CMAKE_PREFIX_PATH=${CMAKE_PREFIX_PATH}:/opt/ros/humble /usr/bin/cmake --build /home/certezas/robotis_ws/build/op3_offset_tuner_msgs -- -j12 -l12
[15.696s] -- Found ament_cmake: 1.3.11 (/opt/ros/humble/share/ament_cmake/cmake)
[15.697s] -- Found rosidl_default_generators: 1.2.0 (/opt/ros/humble/share/rosidl_default_generators/cmake)
[15.697s] -- Using all available rosidl_typesupport_c: rosidl_typesupport_fastrtps_c;rosidl_typesupport_introspection_c
[15.697s] -- Found rosidl_adapter: 3.1.6 (/opt/ros/humble/share/rosidl_adapter/cmake)
[15.697s] -- Using all available rosidl_typesupport_cpp: rosidl_typesupport_fastrtps_cpp;rosidl_typesupport_introspection_cpp
[15.697s] -- Found std_msgs: 4.8.0 (/opt/ros/humble/share/std_msgs/cmake)
[15.697s] -- Found ament_cmake_ros: 0.10.0 (/opt/ros/humble/share/ament_cmake_ros/cmake)
[15.697s] -- Using all available rosidl_typesupport_c: rosidl_typesupport_fastrtps_c;rosidl_typesupport_introspection_c
[15.697s] -- Using all available rosidl_typesupport_cpp: rosidl_typesupport_fastrtps_cpp;rosidl_typesupport_introspection_cpp
[15.697s] -- Found python_cmake_module: 0.10.0 (/opt/ros/humble/share/python_cmake_module/cmake)
[15.697s] -- Using PYTHON_EXECUTABLE: /usr/bin/python3
[15.698s] -- Using PYTHON_INCLUDE_DIRS: /usr/include/python3.10
[15.698s] -- Using PYTHON_LIBRARIES: /usr/lib/x86_64-linux-gnu/libpython3.10.so
[15.698s] -- Configuring done
[25.872s] -- Generating done
[26.216s] -- Build files have been written to: /home/certezas/robotis_ws/build/op3_offset_tuner_msgs
[27.134s] [  1%] Built target op3_offset_tuner_msgs__cpp
[28.799s] [  1%] Built target ament_cmake_python_copy_op3_offset_tuner_msgs
[29.069s] [35m[1mConsolidate compiler generated dependencies of target op3_offset_tuner_msgs__rosidl_typesupport_introspection_cpp[0m
[29.123s] [  3%] [32mBuilding CXX object CMakeFiles/op3_offset_tuner_msgs__rosidl_typesupport_introspection_cpp.dir/rosidl_typesupport_introspection_cpp/op3_offset_tuner_msgs/msg/detail/joint_offset_data__type_support.cpp.o[0m
[30.078s] [  4%] [32mBuilding CXX object CMakeFiles/op3_offset_tuner_msgs__rosidl_typesupport_introspection_cpp.dir/rosidl_typesupport_introspection_cpp/op3_offset_tuner_msgs/srv/detail/get_present_joint_offset_data__type_support.cpp.o[0m
[31.307s] [  6%] [32mBuilding CXX object CMakeFiles/op3_offset_tuner_msgs__rosidl_typesupport_introspection_cpp.dir/rosidl_typesupport_introspection_cpp/op3_offset_tuner_msgs/msg/detail/joint_torque_on_off_array__type_support.cpp.o[0m
[32.803s] [  7%] [32mBuilding CXX object CMakeFiles/op3_offset_tuner_msgs__rosidl_typesupport_introspection_cpp.dir/rosidl_typesupport_introspection_cpp/op3_offset_tuner_msgs/msg/detail/joint_torque_on_off__type_support.cpp.o[0m
[33.581s] [  9%] [32mBuilding CXX object CMakeFiles/op3_offset_tuner_msgs__rosidl_typesupport_introspection_cpp.dir/rosidl_typesupport_introspection_cpp/op3_offset_tuner_msgs/msg/detail/joint_offset_position_data__type_support.cpp.o[0m
[34.286s] [ 11%] [32m[1mLinking CXX shared library libop3_offset_tuner_msgs__rosidl_typesupport_introspection_cpp.so[0m
[34.524s] [ 12%] Built target op3_offset_tuner_msgs__rosidl_typesupport_introspection_cpp
[35.508s] running egg_info
[35.511s] writing op3_offset_tuner_msgs.egg-info/PKG-INFO
[35.512s] writing dependency_links to op3_offset_tuner_msgs.egg-info/dependency_links.txt
[35.513s] writing top-level names to op3_offset_tuner_msgs.egg-info/top_level.txt
[35.520s] reading manifest file 'op3_offset_tuner_msgs.egg-info/SOURCES.txt'
[35.630s] writing manifest file 'op3_offset_tuner_msgs.egg-info/SOURCES.txt'
[35.735s] [ 12%] Built target ament_cmake_python_build_op3_offset_tuner_msgs_egg
[36.272s] [35m[1mConsolidate compiler generated dependencies of target op3_offset_tuner_msgs__rosidl_typesupport_fastrtps_cpp[0m
[36.323s] [ 14%] [32mBuilding CXX object CMakeFiles/op3_offset_tuner_msgs__rosidl_typesupport_fastrtps_cpp.dir/rosidl_typesupport_fastrtps_cpp/op3_offset_tuner_msgs/msg/detail/dds_fastrtps/joint_offset_data__type_support.cpp.o[0m
[37.404s] [ 15%] [32mBuilding CXX object CMakeFiles/op3_offset_tuner_msgs__rosidl_typesupport_fastrtps_cpp.dir/rosidl_typesupport_fastrtps_cpp/op3_offset_tuner_msgs/srv/detail/dds_fastrtps/get_present_joint_offset_data__type_support.cpp.o[0m
[38.428s] [ 17%] [32mBuilding CXX object CMakeFiles/op3_offset_tuner_msgs__rosidl_typesupport_fastrtps_cpp.dir/rosidl_typesupport_fastrtps_cpp/op3_offset_tuner_msgs/msg/detail/dds_fastrtps/joint_torque_on_off_array__type_support.cpp.o[0m
[39.353s] [ 19%] [32mBuilding CXX object CMakeFiles/op3_offset_tuner_msgs__rosidl_typesupport_fastrtps_cpp.dir/rosidl_typesupport_fastrtps_cpp/op3_offset_tuner_msgs/msg/detail/dds_fastrtps/joint_torque_on_off__type_support.cpp.o[0m
[40.116s] [ 20%] [32mBuilding CXX object CMakeFiles/op3_offset_tuner_msgs__rosidl_typesupport_fastrtps_cpp.dir/rosidl_typesupport_fastrtps_cpp/op3_offset_tuner_msgs/msg/detail/dds_fastrtps/joint_offset_position_data__type_support.cpp.o[0m
[41.095s] [ 22%] [32m[1mLinking CXX shared library libop3_offset_tuner_msgs__rosidl_typesupport_fastrtps_cpp.so[0m
[41.261s] [ 23%] Built target op3_offset_tuner_msgs__rosidl_typesupport_fastrtps_cpp
[42.132s] [35m[1mConsolidate compiler generated dependencies of target op3_offset_tuner_msgs__rosidl_typesupport_cpp[0m
[42.158s] [ 25%] [32mBuilding CXX object CMakeFiles/op3_offset_tuner_msgs__rosidl_typesupport_cpp.dir/rosidl_typesupport_cpp/op3_offset_tuner_msgs/msg/joint_offset_data__type_support.cpp.o[0m
[42.746s] [ 26%] [32mBuilding CXX object CMakeFiles/op3_offset_tuner_msgs__rosidl_typesupport_cpp.dir/rosidl_typesupport_cpp/op3_offset_tuner_msgs/srv/get_present_joint_offset_data__type_support.cpp.o[0m
[43.167s] [ 28%] [32mBuilding CXX object CMakeFiles/op3_offset_tuner_msgs__rosidl_typesupport_cpp.dir/rosidl_typesupport_cpp/op3_offset_tuner_msgs/msg/joint_torque_on_off_array__type_support.cpp.o[0m
[43.566s] [ 30%] [32mBuilding CXX object CMakeFiles/op3_offset_tuner_msgs__rosidl_typesupport_cpp.dir/rosidl_typesupport_cpp/op3_offset_tuner_msgs/msg/joint_torque_on_off__type_support.cpp.o[0m
[44.043s] [ 31%] [32mBuilding CXX object CMakeFiles/op3_offset_tuner_msgs__rosidl_typesupport_cpp.dir/rosidl_typesupport_cpp/op3_offset_tuner_msgs/msg/joint_offset_position_data__type_support.cpp.o[0m
[44.428s] [ 33%] [32m[1mLinking CXX shared library libop3_offset_tuner_msgs__rosidl_typesupport_cpp.so[0m
[44.481s] [ 34%] Built target op3_offset_tuner_msgs__rosidl_typesupport_cpp
[45.285s] [35m[1mConsolidate compiler generated dependencies of target op3_offset_tuner_msgs__rosidl_generator_c[0m
[45.321s] [ 36%] [32mBuilding C object CMakeFiles/op3_offset_tuner_msgs__rosidl_generator_c.dir/rosidl_generator_c/op3_offset_tuner_msgs/msg/detail/joint_offset_data__functions.c.o[0m
[45.433s] [ 38%] [32mBuilding C object CMakeFiles/op3_offset_tuner_msgs__rosidl_generator_c.dir/rosidl_generator_c/op3_offset_tuner_msgs/srv/detail/get_present_joint_offset_data__functions.c.o[0m
[45.687s] [ 39%] [32mBuilding C object CMakeFiles/op3_offset_tuner_msgs__rosidl_generator_c.dir/rosidl_generator_c/op3_offset_tuner_msgs/msg/detail/joint_torque_on_off_array__functions.c.o[0m
[45.956s] [ 41%] [32mBuilding C object CMakeFiles/op3_offset_tuner_msgs__rosidl_generator_c.dir/rosidl_generator_c/op3_offset_tuner_msgs/msg/detail/joint_torque_on_off__functions.c.o[0m
[46.102s] [ 42%] [32mBuilding C object CMakeFiles/op3_offset_tuner_msgs__rosidl_generator_c.dir/rosidl_generator_c/op3_offset_tuner_msgs/msg/detail/joint_offset_position_data__functions.c.o[0m
[46.255s] [ 44%] [32m[1mLinking C shared library libop3_offset_tuner_msgs__rosidl_generator_c.so[0m
[46.616s] [ 46%] Built target op3_offset_tuner_msgs__rosidl_generator_c
[47.708s] [35m[1mConsolidate compiler generated dependencies of target op3_offset_tuner_msgs__rosidl_typesupport_fastrtps_c[0m
[47.808s] [ 47%] [32mBuilding CXX object CMakeFiles/op3_offset_tuner_msgs__rosidl_typesupport_fastrtps_c.dir/rosidl_typesupport_fastrtps_c/op3_offset_tuner_msgs/msg/detail/joint_offset_data__type_support_c.cpp.o[0m
[48.389s] [ 49%] [32mBuilding CXX object CMakeFiles/op3_offset_tuner_msgs__rosidl_typesupport_fastrtps_c.dir/rosidl_typesupport_fastrtps_c/op3_offset_tuner_msgs/srv/detail/get_present_joint_offset_data__type_support_c.cpp.o[0m
[48.997s] [ 50%] [32mBuilding CXX object CMakeFiles/op3_offset_tuner_msgs__rosidl_typesupport_fastrtps_c.dir/rosidl_typesupport_fastrtps_c/op3_offset_tuner_msgs/msg/detail/joint_torque_on_off_array__type_support_c.cpp.o[0m
[49.476s] [ 52%] [32mBuilding CXX object CMakeFiles/op3_offset_tuner_msgs__rosidl_typesupport_fastrtps_c.dir/rosidl_typesupport_fastrtps_c/op3_offset_tuner_msgs/msg/detail/joint_torque_on_off__type_support_c.cpp.o[0m
[49.922s] [ 53%] [32mBuilding CXX object CMakeFiles/op3_offset_tuner_msgs__rosidl_typesupport_fastrtps_c.dir/rosidl_typesupport_fastrtps_c/op3_offset_tuner_msgs/msg/detail/joint_offset_position_data__type_support_c.cpp.o[0m
[50.340s] [ 55%] [32m[1mLinking CXX shared library libop3_offset_tuner_msgs__rosidl_typesupport_fastrtps_c.so[0m
[50.443s] [ 57%] Built target op3_offset_tuner_msgs__rosidl_typesupport_fastrtps_c
[50.780s] [35m[1mConsolidate compiler generated dependencies of target op3_offset_tuner_msgs__rosidl_typesupport_c[0m
[50.804s] [ 58%] [32mBuilding CXX object CMakeFiles/op3_offset_tuner_msgs__rosidl_typesupport_c.dir/rosidl_typesupport_c/op3_offset_tuner_msgs/msg/joint_offset_data__type_support.cpp.o[0m
[51.016s] [ 60%] [32mBuilding CXX object CMakeFiles/op3_offset_tuner_msgs__rosidl_typesupport_c.dir/rosidl_typesupport_c/op3_offset_tuner_msgs/srv/get_present_joint_offset_data__type_support.cpp.o[0m
[51.075s] [ 61%] [32mBuilding CXX object CMakeFiles/op3_offset_tuner_msgs__rosidl_typesupport_c.dir/rosidl_typesupport_c/op3_offset_tuner_msgs/msg/joint_torque_on_off_array__type_support.cpp.o[0m
[51.179s] [ 63%] [32mBuilding CXX object CMakeFiles/op3_offset_tuner_msgs__rosidl_typesupport_c.dir/rosidl_typesupport_c/op3_offset_tuner_msgs/msg/joint_torque_on_off__type_support.cpp.o[0m
[51.232s] [ 65%] [32mBuilding CXX object CMakeFiles/op3_offset_tuner_msgs__rosidl_typesupport_c.dir/rosidl_typesupport_c/op3_offset_tuner_msgs/msg/joint_offset_position_data__type_support.cpp.o[0m
[51.284s] [ 66%] [32m[1mLinking CXX shared library libop3_offset_tuner_msgs__rosidl_typesupport_c.so[0m
[51.342s] [ 68%] Built target op3_offset_tuner_msgs__rosidl_typesupport_c
[51.581s] [35m[1mConsolidate compiler generated dependencies of target op3_offset_tuner_msgs__rosidl_typesupport_introspection_c[0m
[51.604s] [ 69%] [32mBuilding C object CMakeFiles/op3_offset_tuner_msgs__rosidl_typesupport_introspection_c.dir/rosidl_typesupport_introspection_c/op3_offset_tuner_msgs/msg/detail/joint_offset_data__type_support.c.o[0m
[52.149s] [ 71%] [32mBuilding C object CMakeFiles/op3_offset_tuner_msgs__rosidl_typesupport_introspection_c.dir/rosidl_typesupport_introspection_c/op3_offset_tuner_msgs/srv/detail/get_present_joint_offset_data__type_support.c.o[0m
[52.223s] [ 73%] [32mBuilding C object CMakeFiles/op3_offset_tuner_msgs__rosidl_typesupport_introspection_c.dir/rosidl_typesupport_introspection_c/op3_offset_tuner_msgs/msg/detail/joint_torque_on_off_array__type_support.c.o[0m
[52.346s] [ 74%] [32mBuilding C object CMakeFiles/op3_offset_tuner_msgs__rosidl_typesupport_introspection_c.dir/rosidl_typesupport_introspection_c/op3_offset_tuner_msgs/msg/detail/joint_torque_on_off__type_support.c.o[0m
[52.388s] [ 76%] [32mBuilding C object CMakeFiles/op3_offset_tuner_msgs__rosidl_typesupport_introspection_c.dir/rosidl_typesupport_introspection_c/op3_offset_tuner_msgs/msg/detail/joint_offset_position_data__type_support.c.o[0m
[52.452s] [ 77%] [32m[1mLinking C shared library libop3_offset_tuner_msgs__rosidl_typesupport_introspection_c.so[0m
[52.553s] [ 79%] Built target op3_offset_tuner_msgs__rosidl_typesupport_introspection_c
[52.614s] [ 79%] Built target op3_offset_tuner_msgs
[52.662s] [ 80%] Built target op3_offset_tuner_msgs__py
[52.854s] [35m[1mConsolidate compiler generated dependencies of target op3_offset_tuner_msgs__rosidl_generator_py[0m
[52.874s] [ 82%] [32mBuilding C object CMakeFiles/op3_offset_tuner_msgs__rosidl_generator_py.dir/rosidl_generator_py/op3_offset_tuner_msgs/msg/_joint_offset_data_s.c.o[0m
[53.026s] [ 84%] [32mBuilding C object CMakeFiles/op3_offset_tuner_msgs__rosidl_generator_py.dir/rosidl_generator_py/op3_offset_tuner_msgs/srv/_get_present_joint_offset_data_s.c.o[0m
[53.182s] [ 85%] [32mBuilding C object CMakeFiles/op3_offset_tuner_msgs__rosidl_generator_py.dir/rosidl_generator_py/op3_offset_tuner_msgs/msg/_joint_torque_on_off_array_s.c.o[0m
[53.303s] [ 87%] [32mBuilding C object CMakeFiles/op3_offset_tuner_msgs__rosidl_generator_py.dir/rosidl_generator_py/op3_offset_tuner_msgs/msg/_joint_torque_on_off_s.c.o[0m
[53.445s] [ 88%] [32mBuilding C object CMakeFiles/op3_offset_tuner_msgs__rosidl_generator_py.dir/rosidl_generator_py/op3_offset_tuner_msgs/msg/_joint_offset_position_data_s.c.o[0m
[53.580s] [ 90%] [32m[1mLinking C shared library rosidl_generator_py/op3_offset_tuner_msgs/libop3_offset_tuner_msgs__rosidl_generator_py.so[0m
[53.656s] [ 90%] Built target op3_offset_tuner_msgs__rosidl_generator_py
[53.739s] [35m[1mConsolidate compiler generated dependencies of target op3_offset_tuner_msgs__rosidl_typesupport_fastrtps_c__pyext[0m
[53.756s] [ 92%] [32mBuilding C object CMakeFiles/op3_offset_tuner_msgs__rosidl_typesupport_fastrtps_c__pyext.dir/rosidl_generator_py/op3_offset_tuner_msgs/_op3_offset_tuner_msgs_s.ep.rosidl_typesupport_fastrtps_c.c.o[0m
[53.897s] [ 93%] [32m[1mLinking C shared library rosidl_generator_py/op3_offset_tuner_msgs/op3_offset_tuner_msgs_s__rosidl_typesupport_fastrtps_c.cpython-310-x86_64-linux-gnu.so[0m
[53.950s] [ 93%] Built target op3_offset_tuner_msgs__rosidl_typesupport_fastrtps_c__pyext
[54.004s] [35m[1mConsolidate compiler generated dependencies of target op3_offset_tuner_msgs__rosidl_typesupport_c__pyext[0m
[54.033s] [ 95%] [32mBuilding C object CMakeFiles/op3_offset_tuner_msgs__rosidl_typesupport_c__pyext.dir/rosidl_generator_py/op3_offset_tuner_msgs/_op3_offset_tuner_msgs_s.ep.rosidl_typesupport_c.c.o[0m
[54.157s] [ 96%] [32m[1mLinking C shared library rosidl_generator_py/op3_offset_tuner_msgs/op3_offset_tuner_msgs_s__rosidl_typesupport_c.cpython-310-x86_64-linux-gnu.so[0m
[54.202s] [ 96%] Built target op3_offset_tuner_msgs__rosidl_typesupport_c__pyext
[54.482s] [35m[1mConsolidate compiler generated dependencies of target op3_offset_tuner_msgs__rosidl_typesupport_introspection_c__pyext[0m
[54.497s] [ 98%] [32mBuilding C object CMakeFiles/op3_offset_tuner_msgs__rosidl_typesupport_introspection_c__pyext.dir/rosidl_generator_py/op3_offset_tuner_msgs/_op3_offset_tuner_msgs_s.ep.rosidl_typesupport_introspection_c.c.o[0m
[54.633s] [100%] [32m[1mLinking C shared library rosidl_generator_py/op3_offset_tuner_msgs/op3_offset_tuner_msgs_s__rosidl_typesupport_introspection_c.cpython-310-x86_64-linux-gnu.so[0m
[54.680s] [100%] Built target op3_offset_tuner_msgs__rosidl_typesupport_introspection_c__pyext
[54.707s] Invoked command in '/home/certezas/robotis_ws/build/op3_offset_tuner_msgs' returned '0': CMAKE_PREFIX_PATH=${CMAKE_PREFIX_PATH}:/opt/ros/humble /usr/bin/cmake --build /home/certezas/robotis_ws/build/op3_offset_tuner_msgs -- -j12 -l12
[54.790s] Invoking command in '/home/certezas/robotis_ws/build/op3_offset_tuner_msgs': CMAKE_PREFIX_PATH=${CMAKE_PREFIX_PATH}:/opt/ros/humble /usr/bin/cmake --install /home/certezas/robotis_ws/build/op3_offset_tuner_msgs
[57.218s] -- Install configuration: ""
[57.218s] -- Installing: /home/certezas/robotis_ws/install/op3_offset_tuner_msgs/share/ament_index/resource_index/rosidl_interfaces/op3_offset_tuner_msgs
[57.218s] -- Up-to-date: /home/certezas/robotis_ws/install/op3_offset_tuner_msgs/include/op3_offset_tuner_msgs/op3_offset_tuner_msgs
[57.218s] -- Up-to-date: /home/certezas/robotis_ws/install/op3_offset_tuner_msgs/include/op3_offset_tuner_msgs/op3_offset_tuner_msgs/srv
[57.218s] -- Installing: /home/certezas/robotis_ws/install/op3_offset_tuner_msgs/include/op3_offset_tuner_msgs/op3_offset_tuner_msgs/srv/get_present_joint_offset_data.h
[57.218s] -- Up-to-date: /home/certezas/robotis_ws/install/op3_offset_tuner_msgs/include/op3_offset_tuner_msgs/op3_offset_tuner_msgs/srv/detail
[57.219s] -- Installing: /home/certezas/robotis_ws/install/op3_offset_tuner_msgs/include/op3_offset_tuner_msgs/op3_offset_tuner_msgs/srv/detail/get_present_joint_offset_data__type_support.h
[57.219s] -- Installing: /home/certezas/robotis_ws/install/op3_offset_tuner_msgs/include/op3_offset_tuner_msgs/op3_offset_tuner_msgs/srv/detail/get_present_joint_offset_data__struct.h
[57.219s] -- Installing: /home/certezas/robotis_ws/install/op3_offset_tuner_msgs/include/op3_offset_tuner_msgs/op3_offset_tuner_msgs/srv/detail/get_present_joint_offset_data__functions.h
[57.219s] -- Installing: /home/certezas/robotis_ws/install/op3_offset_tuner_msgs/include/op3_offset_tuner_msgs/op3_offset_tuner_msgs/srv/detail/get_present_joint_offset_data__functions.c
[57.219s] -- Up-to-date: /home/certezas/robotis_ws/install/op3_offset_tuner_msgs/include/op3_offset_tuner_msgs/op3_offset_tuner_msgs/msg
[57.219s] -- Installing: /home/certezas/robotis_ws/install/op3_offset_tuner_msgs/include/op3_offset_tuner_msgs/op3_offset_tuner_msgs/msg/rosidl_generator_c__visibility_control.h
[57.219s] -- Installing: /home/certezas/robotis_ws/install/op3_offset_tuner_msgs/include/op3_offset_tuner_msgs/op3_offset_tuner_msgs/msg/joint_torque_on_off_array.h
[57.220s] -- Installing: /home/certezas/robotis_ws/install/op3_offset_tuner_msgs/include/op3_offset_tuner_msgs/op3_offset_tuner_msgs/msg/joint_torque_on_off.h
[57.220s] -- Installing: /home/certezas/robotis_ws/install/op3_offset_tuner_msgs/include/op3_offset_tuner_msgs/op3_offset_tuner_msgs/msg/joint_offset_position_data.h
[57.220s] -- Installing: /home/certezas/robotis_ws/install/op3_offset_tuner_msgs/include/op3_offset_tuner_msgs/op3_offset_tuner_msgs/msg/joint_offset_data.h
[57.220s] -- Up-to-date: /home/certezas/robotis_ws/install/op3_offset_tuner_msgs/include/op3_offset_tuner_msgs/op3_offset_tuner_msgs/msg/detail
[57.220s] -- Installing: /home/certezas/robotis_ws/install/op3_offset_tuner_msgs/include/op3_offset_tuner_msgs/op3_offset_tuner_msgs/msg/detail/joint_torque_on_off__functions.h
[57.220s] -- Installing: /home/certezas/robotis_ws/install/op3_offset_tuner_msgs/include/op3_offset_tuner_msgs/op3_offset_tuner_msgs/msg/detail/joint_offset_position_data__functions.c
[57.221s] -- Installing: /home/certezas/robotis_ws/install/op3_offset_tuner_msgs/include/op3_offset_tuner_msgs/op3_offset_tuner_msgs/msg/detail/joint_torque_on_off_array__functions.c
[57.221s] -- Installing: /home/certezas/robotis_ws/install/op3_offset_tuner_msgs/include/op3_offset_tuner_msgs/op3_offset_tuner_msgs/msg/detail/joint_offset_position_data__type_support.h
[57.221s] -- Installing: /home/certezas/robotis_ws/install/op3_offset_tuner_msgs/include/op3_offset_tuner_msgs/op3_offset_tuner_msgs/msg/detail/joint_torque_on_off_array__struct.h
[57.221s] -- Installing: /home/certezas/robotis_ws/install/op3_offset_tuner_msgs/include/op3_offset_tuner_msgs/op3_offset_tuner_msgs/msg/detail/joint_offset_data__functions.h
[57.221s] -- Installing: /home/certezas/robotis_ws/install/op3_offset_tuner_msgs/include/op3_offset_tuner_msgs/op3_offset_tuner_msgs/msg/detail/joint_torque_on_off_array__functions.h
[57.221s] -- Installing: /home/certezas/robotis_ws/install/op3_offset_tuner_msgs/include/op3_offset_tuner_msgs/op3_offset_tuner_msgs/msg/detail/joint_offset_data__functions.c
[57.221s] -- Installing: /home/certezas/robotis_ws/install/op3_offset_tuner_msgs/include/op3_offset_tuner_msgs/op3_offset_tuner_msgs/msg/detail/joint_torque_on_off_array__type_support.h
[57.221s] -- Installing: /home/certezas/robotis_ws/install/op3_offset_tuner_msgs/include/op3_offset_tuner_msgs/op3_offset_tuner_msgs/msg/detail/joint_offset_position_data__functions.h
[57.221s] -- Installing: /home/certezas/robotis_ws/install/op3_offset_tuner_msgs/include/op3_offset_tuner_msgs/op3_offset_tuner_msgs/msg/detail/joint_torque_on_off__functions.c
[57.222s] -- Installing: /home/certezas/robotis_ws/install/op3_offset_tuner_msgs/include/op3_offset_tuner_msgs/op3_offset_tuner_msgs/msg/detail/joint_torque_on_off__type_support.h
[57.222s] -- Installing: /home/certezas/robotis_ws/install/op3_offset_tuner_msgs/include/op3_offset_tuner_msgs/op3_offset_tuner_msgs/msg/detail/joint_offset_data__struct.h
[57.222s] -- Installing: /home/certezas/robotis_ws/install/op3_offset_tuner_msgs/include/op3_offset_tuner_msgs/op3_offset_tuner_msgs/msg/detail/joint_offset_data__type_support.h
[57.222s] -- Installing: /home/certezas/robotis_ws/install/op3_offset_tuner_msgs/include/op3_offset_tuner_msgs/op3_offset_tuner_msgs/msg/detail/joint_offset_position_data__struct.h
[57.222s] -- Installing: /home/certezas/robotis_ws/install/op3_offset_tuner_msgs/include/op3_offset_tuner_msgs/op3_offset_tuner_msgs/msg/detail/joint_torque_on_off__struct.h
[57.223s] -- Installing: /home/certezas/robotis_ws/install/op3_offset_tuner_msgs/share/op3_offset_tuner_msgs/environment/library_path.sh
[57.223s] -- Installing: /home/certezas/robotis_ws/install/op3_offset_tuner_msgs/share/op3_offset_tuner_msgs/environment/library_path.dsv
[57.223s] -- Installing: /home/certezas/robotis_ws/install/op3_offset_tuner_msgs/lib/libop3_offset_tuner_msgs__rosidl_generator_c.so
[57.223s] -- Set runtime path of "/home/certezas/robotis_ws/install/op3_offset_tuner_msgs/lib/libop3_offset_tuner_msgs__rosidl_generator_c.so" to ""
[57.223s] -- Up-to-date: /home/certezas/robotis_ws/install/op3_offset_tuner_msgs/include/op3_offset_tuner_msgs/op3_offset_tuner_msgs
[57.223s] -- Up-to-date: /home/certezas/robotis_ws/install/op3_offset_tuner_msgs/include/op3_offset_tuner_msgs/op3_offset_tuner_msgs/srv
[57.223s] -- Up-to-date: /home/certezas/robotis_ws/install/op3_offset_tuner_msgs/include/op3_offset_tuner_msgs/op3_offset_tuner_msgs/srv/detail
[57.223s] -- Installing: /home/certezas/robotis_ws/install/op3_offset_tuner_msgs/include/op3_offset_tuner_msgs/op3_offset_tuner_msgs/srv/detail/get_present_joint_offset_data__rosidl_typesupport_fastrtps_c.h
[57.224s] -- Up-to-date: /home/certezas/robotis_ws/install/op3_offset_tuner_msgs/include/op3_offset_tuner_msgs/op3_offset_tuner_msgs/msg
[57.224s] -- Up-to-date: /home/certezas/robotis_ws/install/op3_offset_tuner_msgs/include/op3_offset_tuner_msgs/op3_offset_tuner_msgs/msg/detail
[57.224s] -- Installing: /home/certezas/robotis_ws/install/op3_offset_tuner_msgs/include/op3_offset_tuner_msgs/op3_offset_tuner_msgs/msg/detail/joint_offset_data__rosidl_typesupport_fastrtps_c.h
[57.224s] -- Installing: /home/certezas/robotis_ws/install/op3_offset_tuner_msgs/include/op3_offset_tuner_msgs/op3_offset_tuner_msgs/msg/detail/joint_offset_position_data__rosidl_typesupport_fastrtps_c.h
[57.224s] -- Installing: /home/certezas/robotis_ws/install/op3_offset_tuner_msgs/include/op3_offset_tuner_msgs/op3_offset_tuner_msgs/msg/detail/joint_torque_on_off__rosidl_typesupport_fastrtps_c.h
[57.224s] -- Installing: /home/certezas/robotis_ws/install/op3_offset_tuner_msgs/include/op3_offset_tuner_msgs/op3_offset_tuner_msgs/msg/detail/joint_torque_on_off_array__rosidl_typesupport_fastrtps_c.h
[57.224s] -- Installing: /home/certezas/robotis_ws/install/op3_offset_tuner_msgs/include/op3_offset_tuner_msgs/op3_offset_tuner_msgs/msg/rosidl_typesupport_fastrtps_c__visibility_control.h
[57.224s] -- Installing: /home/certezas/robotis_ws/install/op3_offset_tuner_msgs/lib/libop3_offset_tuner_msgs__rosidl_typesupport_fastrtps_c.so
[57.225s] -- Set runtime path of "/home/certezas/robotis_ws/install/op3_offset_tuner_msgs/lib/libop3_offset_tuner_msgs__rosidl_typesupport_fastrtps_c.so" to ""
[57.225s] -- Up-to-date: /home/certezas/robotis_ws/install/op3_offset_tuner_msgs/include/op3_offset_tuner_msgs/op3_offset_tuner_msgs
[57.225s] -- Up-to-date: /home/certezas/robotis_ws/install/op3_offset_tuner_msgs/include/op3_offset_tuner_msgs/op3_offset_tuner_msgs/srv
[57.226s] -- Up-to-date: /home/certezas/robotis_ws/install/op3_offset_tuner_msgs/include/op3_offset_tuner_msgs/op3_offset_tuner_msgs/srv/detail
[57.226s] -- Installing: /home/certezas/robotis_ws/install/op3_offset_tuner_msgs/include/op3_offset_tuner_msgs/op3_offset_tuner_msgs/srv/detail/get_present_joint_offset_data__type_support.c
[57.226s] -- Installing: /home/certezas/robotis_ws/install/op3_offset_tuner_msgs/include/op3_offset_tuner_msgs/op3_offset_tuner_msgs/srv/detail/get_present_joint_offset_data__rosidl_typesupport_introspection_c.h
[57.226s] -- Up-to-date: /home/certezas/robotis_ws/install/op3_offset_tuner_msgs/include/op3_offset_tuner_msgs/op3_offset_tuner_msgs/msg
[57.226s] -- Installing: /home/certezas/robotis_ws/install/op3_offset_tuner_msgs/include/op3_offset_tuner_msgs/op3_offset_tuner_msgs/msg/rosidl_typesupport_introspection_c__visibility_control.h
[57.226s] -- Up-to-date: /home/certezas/robotis_ws/install/op3_offset_tuner_msgs/include/op3_offset_tuner_msgs/op3_offset_tuner_msgs/msg/detail
[57.227s] -- Installing: /home/certezas/robotis_ws/install/op3_offset_tuner_msgs/include/op3_offset_tuner_msgs/op3_offset_tuner_msgs/msg/detail/joint_offset_data__type_support.c
[57.227s] -- Installing: /home/certezas/robotis_ws/install/op3_offset_tuner_msgs/include/op3_offset_tuner_msgs/op3_offset_tuner_msgs/msg/detail/joint_offset_position_data__type_support.c
[57.227s] -- Installing: /home/certezas/robotis_ws/install/op3_offset_tuner_msgs/include/op3_offset_tuner_msgs/op3_offset_tuner_msgs/msg/detail/joint_torque_on_off__type_support.c
[57.227s] -- Installing: /home/certezas/robotis_ws/install/op3_offset_tuner_msgs/include/op3_offset_tuner_msgs/op3_offset_tuner_msgs/msg/detail/joint_torque_on_off__rosidl_typesupport_introspection_c.h
[57.227s] -- Installing: /home/certezas/robotis_ws/install/op3_offset_tuner_msgs/include/op3_offset_tuner_msgs/op3_offset_tuner_msgs/msg/detail/joint_offset_data__rosidl_typesupport_introspection_c.h
[57.227s] -- Installing: /home/certezas/robotis_ws/install/op3_offset_tuner_msgs/include/op3_offset_tuner_msgs/op3_offset_tuner_msgs/msg/detail/joint_torque_on_off_array__type_support.c
[57.227s] -- Installing: /home/certezas/robotis_ws/install/op3_offset_tuner_msgs/include/op3_offset_tuner_msgs/op3_offset_tuner_msgs/msg/detail/joint_offset_position_data__rosidl_typesupport_introspection_c.h
[57.227s] -- Installing: /home/certezas/robotis_ws/install/op3_offset_tuner_msgs/include/op3_offset_tuner_msgs/op3_offset_tuner_msgs/msg/detail/joint_torque_on_off_array__rosidl_typesupport_introspection_c.h
[57.228s] -- Installing: /home/certezas/robotis_ws/install/op3_offset_tuner_msgs/lib/libop3_offset_tuner_msgs__rosidl_typesupport_introspection_c.so
[57.228s] -- Set runtime path of "/home/certezas/robotis_ws/install/op3_offset_tuner_msgs/lib/libop3_offset_tuner_msgs__rosidl_typesupport_introspection_c.so" to ""
[57.228s] -- Installing: /home/certezas/robotis_ws/install/op3_offset_tuner_msgs/lib/libop3_offset_tuner_msgs__rosidl_typesupport_c.so
[57.228s] -- Set runtime path of "/home/certezas/robotis_ws/install/op3_offset_tuner_msgs/lib/libop3_offset_tuner_msgs__rosidl_typesupport_c.so" to ""
[57.228s] -- Up-to-date: /home/certezas/robotis_ws/install/op3_offset_tuner_msgs/include/op3_offset_tuner_msgs/op3_offset_tuner_msgs
[57.228s] -- Up-to-date: /home/certezas/robotis_ws/install/op3_offset_tuner_msgs/include/op3_offset_tuner_msgs/op3_offset_tuner_msgs/srv
[57.228s] -- Up-to-date: /home/certezas/robotis_ws/install/op3_offset_tuner_msgs/include/op3_offset_tuner_msgs/op3_offset_tuner_msgs/srv/detail
[57.228s] -- Installing: /home/certezas/robotis_ws/install/op3_offset_tuner_msgs/include/op3_offset_tuner_msgs/op3_offset_tuner_msgs/srv/detail/get_present_joint_offset_data__type_support.hpp
[57.228s] -- Installing: /home/certezas/robotis_ws/install/op3_offset_tuner_msgs/include/op3_offset_tuner_msgs/op3_offset_tuner_msgs/srv/detail/get_present_joint_offset_data__builder.hpp
[57.229s] -- Installing: /home/certezas/robotis_ws/install/op3_offset_tuner_msgs/include/op3_offset_tuner_msgs/op3_offset_tuner_msgs/srv/detail/get_present_joint_offset_data__struct.hpp
[57.229s] -- Installing: /home/certezas/robotis_ws/install/op3_offset_tuner_msgs/include/op3_offset_tuner_msgs/op3_offset_tuner_msgs/srv/detail/get_present_joint_offset_data__traits.hpp
[57.229s] -- Installing: /home/certezas/robotis_ws/install/op3_offset_tuner_msgs/include/op3_offset_tuner_msgs/op3_offset_tuner_msgs/srv/get_present_joint_offset_data.hpp
[57.229s] -- Up-to-date: /home/certezas/robotis_ws/install/op3_offset_tuner_msgs/include/op3_offset_tuner_msgs/op3_offset_tuner_msgs/msg
[57.229s] -- Installing: /home/certezas/robotis_ws/install/op3_offset_tuner_msgs/include/op3_offset_tuner_msgs/op3_offset_tuner_msgs/msg/joint_offset_data.hpp
[57.229s] -- Installing: /home/certezas/robotis_ws/install/op3_offset_tuner_msgs/include/op3_offset_tuner_msgs/op3_offset_tuner_msgs/msg/rosidl_generator_cpp__visibility_control.hpp
[57.229s] -- Installing: /home/certezas/robotis_ws/install/op3_offset_tuner_msgs/include/op3_offset_tuner_msgs/op3_offset_tuner_msgs/msg/joint_torque_on_off_array.hpp
[57.229s] -- Up-to-date: /home/certezas/robotis_ws/install/op3_offset_tuner_msgs/include/op3_offset_tuner_msgs/op3_offset_tuner_msgs/msg/detail
[57.230s] -- Installing: /home/certezas/robotis_ws/install/op3_offset_tuner_msgs/include/op3_offset_tuner_msgs/op3_offset_tuner_msgs/msg/detail/joint_torque_on_off_array__type_support.hpp
[57.230s] -- Installing: /home/certezas/robotis_ws/install/op3_offset_tuner_msgs/include/op3_offset_tuner_msgs/op3_offset_tuner_msgs/msg/detail/joint_offset_data__struct.hpp
[57.230s] -- Installing: /home/certezas/robotis_ws/install/op3_offset_tuner_msgs/include/op3_offset_tuner_msgs/op3_offset_tuner_msgs/msg/detail/joint_offset_position_data__builder.hpp
[57.230s] -- Installing: /home/certezas/robotis_ws/install/op3_offset_tuner_msgs/include/op3_offset_tuner_msgs/op3_offset_tuner_msgs/msg/detail/joint_torque_on_off__type_support.hpp
[57.230s] -- Installing: /home/certezas/robotis_ws/install/op3_offset_tuner_msgs/include/op3_offset_tuner_msgs/op3_offset_tuner_msgs/msg/detail/joint_torque_on_off__builder.hpp
[57.230s] -- Installing: /home/certezas/robotis_ws/install/op3_offset_tuner_msgs/include/op3_offset_tuner_msgs/op3_offset_tuner_msgs/msg/detail/joint_offset_position_data__struct.hpp
[57.230s] -- Installing: /home/certezas/robotis_ws/install/op3_offset_tuner_msgs/include/op3_offset_tuner_msgs/op3_offset_tuner_msgs/msg/detail/joint_offset_position_data__traits.hpp
[57.230s] -- Installing: /home/certezas/robotis_ws/install/op3_offset_tuner_msgs/include/op3_offset_tuner_msgs/op3_offset_tuner_msgs/msg/detail/joint_torque_on_off_array__struct.hpp
[57.230s] -- Installing: /home/certezas/robotis_ws/install/op3_offset_tuner_msgs/include/op3_offset_tuner_msgs/op3_offset_tuner_msgs/msg/detail/joint_offset_data__type_support.hpp
[57.231s] -- Installing: /home/certezas/robotis_ws/install/op3_offset_tuner_msgs/include/op3_offset_tuner_msgs/op3_offset_tuner_msgs/msg/detail/joint_torque_on_off_array__traits.hpp
[57.232s] -- Installing: /home/certezas/robotis_ws/install/op3_offset_tuner_msgs/include/op3_offset_tuner_msgs/op3_offset_tuner_msgs/msg/detail/joint_offset_position_data__type_support.hpp
[57.232s] -- Installing: /home/certezas/robotis_ws/install/op3_offset_tuner_msgs/include/op3_offset_tuner_msgs/op3_offset_tuner_msgs/msg/detail/joint_offset_data__traits.hpp
[57.232s] -- Installing: /home/certezas/robotis_ws/install/op3_offset_tuner_msgs/include/op3_offset_tuner_msgs/op3_offset_tuner_msgs/msg/detail/joint_torque_on_off__traits.hpp
[57.232s] -- Installing: /home/certezas/robotis_ws/install/op3_offset_tuner_msgs/include/op3_offset_tuner_msgs/op3_offset_tuner_msgs/msg/detail/joint_offset_data__builder.hpp
[57.232s] -- Installing: /home/certezas/robotis_ws/install/op3_offset_tuner_msgs/include/op3_offset_tuner_msgs/op3_offset_tuner_msgs/msg/detail/joint_torque_on_off__struct.hpp
[57.233s] -- Installing: /home/certezas/robotis_ws/install/op3_offset_tuner_msgs/include/op3_offset_tuner_msgs/op3_offset_tuner_msgs/msg/detail/joint_torque_on_off_array__builder.hpp
[57.233s] -- Installing: /home/certezas/robotis_ws/install/op3_offset_tuner_msgs/include/op3_offset_tuner_msgs/op3_offset_tuner_msgs/msg/joint_offset_position_data.hpp
[57.233s] -- Installing: /home/certezas/robotis_ws/install/op3_offset_tuner_msgs/include/op3_offset_tuner_msgs/op3_offset_tuner_msgs/msg/joint_torque_on_off.hpp
[57.233s] -- Up-to-date: /home/certezas/robotis_ws/install/op3_offset_tuner_msgs/include/op3_offset_tuner_msgs/op3_offset_tuner_msgs
[57.233s] -- Up-to-date: /home/certezas/robotis_ws/install/op3_offset_tuner_msgs/include/op3_offset_tuner_msgs/op3_offset_tuner_msgs/srv
[57.233s] -- Up-to-date: /home/certezas/robotis_ws/install/op3_offset_tuner_msgs/include/op3_offset_tuner_msgs/op3_offset_tuner_msgs/srv/detail
[57.233s] -- Up-to-date: /home/certezas/robotis_ws/install/op3_offset_tuner_msgs/include/op3_offset_tuner_msgs/op3_offset_tuner_msgs/srv/detail/dds_fastrtps
[57.233s] -- Installing: /home/certezas/robotis_ws/install/op3_offset_tuner_msgs/include/op3_offset_tuner_msgs/op3_offset_tuner_msgs/srv/detail/get_present_joint_offset_data__rosidl_typesupport_fastrtps_cpp.hpp
[57.233s] -- Up-to-date: /home/certezas/robotis_ws/install/op3_offset_tuner_msgs/include/op3_offset_tuner_msgs/op3_offset_tuner_msgs/msg
[57.233s] -- Installing: /home/certezas/robotis_ws/install/op3_offset_tuner_msgs/include/op3_offset_tuner_msgs/op3_offset_tuner_msgs/msg/rosidl_typesupport_fastrtps_cpp__visibility_control.h
[57.233s] -- Up-to-date: /home/certezas/robotis_ws/install/op3_offset_tuner_msgs/include/op3_offset_tuner_msgs/op3_offset_tuner_msgs/msg/detail
[57.234s] -- Up-to-date: /home/certezas/robotis_ws/install/op3_offset_tuner_msgs/include/op3_offset_tuner_msgs/op3_offset_tuner_msgs/msg/detail/dds_fastrtps
[57.234s] -- Installing: /home/certezas/robotis_ws/install/op3_offset_tuner_msgs/include/op3_offset_tuner_msgs/op3_offset_tuner_msgs/msg/detail/joint_offset_position_data__rosidl_typesupport_fastrtps_cpp.hpp
[57.234s] -- Installing: /home/certezas/robotis_ws/install/op3_offset_tuner_msgs/include/op3_offset_tuner_msgs/op3_offset_tuner_msgs/msg/detail/joint_torque_on_off__rosidl_typesupport_fastrtps_cpp.hpp
[57.234s] -- Installing: /home/certezas/robotis_ws/install/op3_offset_tuner_msgs/include/op3_offset_tuner_msgs/op3_offset_tuner_msgs/msg/detail/joint_offset_data__rosidl_typesupport_fastrtps_cpp.hpp
[57.234s] -- Installing: /home/certezas/robotis_ws/install/op3_offset_tuner_msgs/include/op3_offset_tuner_msgs/op3_offset_tuner_msgs/msg/detail/joint_torque_on_off_array__rosidl_typesupport_fastrtps_cpp.hpp
[57.325s] -- Installing: /home/certezas/robotis_ws/install/op3_offset_tuner_msgs/lib/libop3_offset_tuner_msgs__rosidl_typesupport_fastrtps_cpp.so
[57.326s] -- Set runtime path of "/home/certezas/robotis_ws/install/op3_offset_tuner_msgs/lib/libop3_offset_tuner_msgs__rosidl_typesupport_fastrtps_cpp.so" to ""
[57.326s] -- Up-to-date: /home/certezas/robotis_ws/install/op3_offset_tuner_msgs/include/op3_offset_tuner_msgs/op3_offset_tuner_msgs
[57.327s] -- Up-to-date: /home/certezas/robotis_ws/install/op3_offset_tuner_msgs/include/op3_offset_tuner_msgs/op3_offset_tuner_msgs/srv
[57.327s] -- Up-to-date: /home/certezas/robotis_ws/install/op3_offset_tuner_msgs/include/op3_offset_tuner_msgs/op3_offset_tuner_msgs/srv/detail
[57.327s] -- Installing: /home/certezas/robotis_ws/install/op3_offset_tuner_msgs/include/op3_offset_tuner_msgs/op3_offset_tuner_msgs/srv/detail/get_present_joint_offset_data__rosidl_typesupport_introspection_cpp.hpp
[57.476s] -- Installing: /home/certezas/robotis_ws/install/op3_offset_tuner_msgs/include/op3_offset_tuner_msgs/op3_offset_tuner_msgs/srv/detail/get_present_joint_offset_data__type_support.cpp
[57.476s] -- Up-to-date: /home/certezas/robotis_ws/install/op3_offset_tuner_msgs/include/op3_offset_tuner_msgs/op3_offset_tuner_msgs/msg
[57.476s] -- Up-to-date: /home/certezas/robotis_ws/install/op3_offset_tuner_msgs/include/op3_offset_tuner_msgs/op3_offset_tuner_msgs/msg/detail
[57.476s] -- Installing: /home/certezas/robotis_ws/install/op3_offset_tuner_msgs/include/op3_offset_tuner_msgs/op3_offset_tuner_msgs/msg/detail/joint_torque_on_off__rosidl_typesupport_introspection_cpp.hpp
[57.486s] -- Installing: /home/certezas/robotis_ws/install/op3_offset_tuner_msgs/include/op3_offset_tuner_msgs/op3_offset_tuner_msgs/msg/detail/joint_offset_data__rosidl_typesupport_introspection_cpp.hpp
[57.499s] -- Installing: /home/certezas/robotis_ws/install/op3_offset_tuner_msgs/include/op3_offset_tuner_msgs/op3_offset_tuner_msgs/msg/detail/joint_offset_position_data__rosidl_typesupport_introspection_cpp.hpp
[57.500s] -- Installing: /home/certezas/robotis_ws/install/op3_offset_tuner_msgs/include/op3_offset_tuner_msgs/op3_offset_tuner_msgs/msg/detail/joint_torque_on_off__type_support.cpp
[57.500s] -- Installing: /home/certezas/robotis_ws/install/op3_offset_tuner_msgs/include/op3_offset_tuner_msgs/op3_offset_tuner_msgs/msg/detail/joint_torque_on_off_array__type_support.cpp
[57.500s] -- Installing: /home/certezas/robotis_ws/install/op3_offset_tuner_msgs/include/op3_offset_tuner_msgs/op3_offset_tuner_msgs/msg/detail/joint_offset_data__type_support.cpp
[57.500s] -- Installing: /home/certezas/robotis_ws/install/op3_offset_tuner_msgs/include/op3_offset_tuner_msgs/op3_offset_tuner_msgs/msg/detail/joint_torque_on_off_array__rosidl_typesupport_introspection_cpp.hpp
[57.502s] -- Installing: /home/certezas/robotis_ws/install/op3_offset_tuner_msgs/include/op3_offset_tuner_msgs/op3_offset_tuner_msgs/msg/detail/joint_offset_position_data__type_support.cpp
[57.785s] -- Installing: /home/certezas/robotis_ws/install/op3_offset_tuner_msgs/lib/libop3_offset_tuner_msgs__rosidl_typesupport_introspection_cpp.so
[57.785s] -- Set runtime path of "/home/certezas/robotis_ws/install/op3_offset_tuner_msgs/lib/libop3_offset_tuner_msgs__rosidl_typesupport_introspection_cpp.so" to ""
[58.107s] -- Installing: /home/certezas/robotis_ws/install/op3_offset_tuner_msgs/lib/libop3_offset_tuner_msgs__rosidl_typesupport_cpp.so
[58.107s] -- Set runtime path of "/home/certezas/robotis_ws/install/op3_offset_tuner_msgs/lib/libop3_offset_tuner_msgs__rosidl_typesupport_cpp.so" to ""
[58.107s] -- Installing: /home/certezas/robotis_ws/install/op3_offset_tuner_msgs/share/op3_offset_tuner_msgs/environment/pythonpath.sh
[58.107s] -- Installing: /home/certezas/robotis_ws/install/op3_offset_tuner_msgs/share/op3_offset_tuner_msgs/environment/pythonpath.dsv
[58.108s] -- Up-to-date: /home/certezas/robotis_ws/install/op3_offset_tuner_msgs/local/lib/python3.10/dist-packages/op3_offset_tuner_msgs-0.1.1-py3.10.egg-info
[58.108s] -- Installing: /home/certezas/robotis_ws/install/op3_offset_tuner_msgs/local/lib/python3.10/dist-packages/op3_offset_tuner_msgs-0.1.1-py3.10.egg-info/PKG-INFO
[58.108s] -- Installing: /home/certezas/robotis_ws/install/op3_offset_tuner_msgs/local/lib/python3.10/dist-packages/op3_offset_tuner_msgs-0.1.1-py3.10.egg-info/dependency_links.txt
[58.108s] -- Installing: /home/certezas/robotis_ws/install/op3_offset_tuner_msgs/local/lib/python3.10/dist-packages/op3_offset_tuner_msgs-0.1.1-py3.10.egg-info/top_level.txt
[58.108s] -- Installing: /home/certezas/robotis_ws/install/op3_offset_tuner_msgs/local/lib/python3.10/dist-packages/op3_offset_tuner_msgs-0.1.1-py3.10.egg-info/SOURCES.txt
[58.108s] -- Up-to-date: /home/certezas/robotis_ws/install/op3_offset_tuner_msgs/local/lib/python3.10/dist-packages/op3_offset_tuner_msgs
[58.109s] -- Installing: /home/certezas/robotis_ws/install/op3_offset_tuner_msgs/local/lib/python3.10/dist-packages/op3_offset_tuner_msgs/libop3_offset_tuner_msgs__rosidl_generator_py.so
[58.109s] -- Installing: /home/certezas/robotis_ws/install/op3_offset_tuner_msgs/local/lib/python3.10/dist-packages/op3_offset_tuner_msgs/op3_offset_tuner_msgs_s__rosidl_typesupport_introspection_c.cpython-310-x86_64-linux-gnu.so
[58.109s] -- Installing: /home/certezas/robotis_ws/install/op3_offset_tuner_msgs/local/lib/python3.10/dist-packages/op3_offset_tuner_msgs/op3_offset_tuner_msgs_s__rosidl_typesupport_fastrtps_c.cpython-310-x86_64-linux-gnu.so
[58.109s] -- Installing: /home/certezas/robotis_ws/install/op3_offset_tuner_msgs/local/lib/python3.10/dist-packages/op3_offset_tuner_msgs/__init__.py
[58.109s] -- Installing: /home/certezas/robotis_ws/install/op3_offset_tuner_msgs/local/lib/python3.10/dist-packages/op3_offset_tuner_msgs/_op3_offset_tuner_msgs_s.ep.rosidl_typesupport_introspection_c.c
[58.109s] -- Up-to-date: /home/certezas/robotis_ws/install/op3_offset_tuner_msgs/local/lib/python3.10/dist-packages/op3_offset_tuner_msgs/srv
[58.109s] -- Installing: /home/certezas/robotis_ws/install/op3_offset_tuner_msgs/local/lib/python3.10/dist-packages/op3_offset_tuner_msgs/srv/__init__.py
[58.109s] -- Installing: /home/certezas/robotis_ws/install/op3_offset_tuner_msgs/local/lib/python3.10/dist-packages/op3_offset_tuner_msgs/srv/_get_present_joint_offset_data.py
[58.110s] -- Installing: /home/certezas/robotis_ws/install/op3_offset_tuner_msgs/local/lib/python3.10/dist-packages/op3_offset_tuner_msgs/srv/_get_present_joint_offset_data_s.c
[58.110s] -- Installing: /home/certezas/robotis_ws/install/op3_offset_tuner_msgs/local/lib/python3.10/dist-packages/op3_offset_tuner_msgs/op3_offset_tuner_msgs_s__rosidl_typesupport_c.cpython-310-x86_64-linux-gnu.so
[58.110s] -- Installing: /home/certezas/robotis_ws/install/op3_offset_tuner_msgs/local/lib/python3.10/dist-packages/op3_offset_tuner_msgs/_op3_offset_tuner_msgs_s.ep.rosidl_typesupport_fastrtps_c.c
[58.110s] -- Installing: /home/certezas/robotis_ws/install/op3_offset_tuner_msgs/local/lib/python3.10/dist-packages/op3_offset_tuner_msgs/_op3_offset_tuner_msgs_s.ep.rosidl_typesupport_c.c
[58.110s] -- Up-to-date: /home/certezas/robotis_ws/install/op3_offset_tuner_msgs/local/lib/python3.10/dist-packages/op3_offset_tuner_msgs/msg
[58.111s] -- Installing: /home/certezas/robotis_ws/install/op3_offset_tuner_msgs/local/lib/python3.10/dist-packages/op3_offset_tuner_msgs/msg/_joint_torque_on_off_array_s.c
[58.111s] -- Installing: /home/certezas/robotis_ws/install/op3_offset_tuner_msgs/local/lib/python3.10/dist-packages/op3_offset_tuner_msgs/msg/_joint_offset_data.py
[58.111s] -- Installing: /home/certezas/robotis_ws/install/op3_offset_tuner_msgs/local/lib/python3.10/dist-packages/op3_offset_tuner_msgs/msg/_joint_offset_position_data_s.c
[58.111s] -- Installing: /home/certezas/robotis_ws/install/op3_offset_tuner_msgs/local/lib/python3.10/dist-packages/op3_offset_tuner_msgs/msg/__init__.py
[58.112s] -- Installing: /home/certezas/robotis_ws/install/op3_offset_tuner_msgs/local/lib/python3.10/dist-packages/op3_offset_tuner_msgs/msg/_joint_torque_on_off_s.c
[58.112s] -- Installing: /home/certezas/robotis_ws/install/op3_offset_tuner_msgs/local/lib/python3.10/dist-packages/op3_offset_tuner_msgs/msg/_joint_torque_on_off_array.py
[58.112s] -- Installing: /home/certezas/robotis_ws/install/op3_offset_tuner_msgs/local/lib/python3.10/dist-packages/op3_offset_tuner_msgs/msg/_joint_offset_position_data.py
[58.112s] -- Installing: /home/certezas/robotis_ws/install/op3_offset_tuner_msgs/local/lib/python3.10/dist-packages/op3_offset_tuner_msgs/msg/_joint_offset_data_s.c
[58.112s] -- Installing: /home/certezas/robotis_ws/install/op3_offset_tuner_msgs/local/lib/python3.10/dist-packages/op3_offset_tuner_msgs/msg/_joint_torque_on_off.py
[58.837s] Listing '/home/certezas/robotis_ws/install/op3_offset_tuner_msgs/local/lib/python3.10/dist-packages/op3_offset_tuner_msgs'...
[58.838s] Compiling '/home/certezas/robotis_ws/install/op3_offset_tuner_msgs/local/lib/python3.10/dist-packages/op3_offset_tuner_msgs/__init__.py'...
[58.838s] Listing '/home/certezas/robotis_ws/install/op3_offset_tuner_msgs/local/lib/python3.10/dist-packages/op3_offset_tuner_msgs/msg'...
[58.838s] Compiling '/home/certezas/robotis_ws/install/op3_offset_tuner_msgs/local/lib/python3.10/dist-packages/op3_offset_tuner_msgs/msg/__init__.py'...
[58.838s] Compiling '/home/certezas/robotis_ws/install/op3_offset_tuner_msgs/local/lib/python3.10/dist-packages/op3_offset_tuner_msgs/msg/_joint_offset_data.py'...
[58.838s] Compiling '/home/certezas/robotis_ws/install/op3_offset_tuner_msgs/local/lib/python3.10/dist-packages/op3_offset_tuner_msgs/msg/_joint_offset_position_data.py'...
[58.838s] Compiling '/home/certezas/robotis_ws/install/op3_offset_tuner_msgs/local/lib/python3.10/dist-packages/op3_offset_tuner_msgs/msg/_joint_torque_on_off.py'...
[58.838s] Compiling '/home/certezas/robotis_ws/install/op3_offset_tuner_msgs/local/lib/python3.10/dist-packages/op3_offset_tuner_msgs/msg/_joint_torque_on_off_array.py'...
[58.838s] Listing '/home/certezas/robotis_ws/install/op3_offset_tuner_msgs/local/lib/python3.10/dist-packages/op3_offset_tuner_msgs/srv'...
[58.839s] Compiling '/home/certezas/robotis_ws/install/op3_offset_tuner_msgs/local/lib/python3.10/dist-packages/op3_offset_tuner_msgs/srv/__init__.py'...
[58.839s] Compiling '/home/certezas/robotis_ws/install/op3_offset_tuner_msgs/local/lib/python3.10/dist-packages/op3_offset_tuner_msgs/srv/_get_present_joint_offset_data.py'...
[58.850s] -- Installing: /home/certezas/robotis_ws/install/op3_offset_tuner_msgs/local/lib/python3.10/dist-packages/op3_offset_tuner_msgs/op3_offset_tuner_msgs_s__rosidl_typesupport_fastrtps_c.cpython-310-x86_64-linux-gnu.so
[58.850s] -- Set runtime path of "/home/certezas/robotis_ws/install/op3_offset_tuner_msgs/local/lib/python3.10/dist-packages/op3_offset_tuner_msgs/op3_offset_tuner_msgs_s__rosidl_typesupport_fastrtps_c.cpython-310-x86_64-linux-gnu.so" to ""
[58.851s] -- Installing: /home/certezas/robotis_ws/install/op3_offset_tuner_msgs/local/lib/python3.10/dist-packages/op3_offset_tuner_msgs/op3_offset_tuner_msgs_s__rosidl_typesupport_introspection_c.cpython-310-x86_64-linux-gnu.so
[58.852s] -- Set runtime path of "/home/certezas/robotis_ws/install/op3_offset_tuner_msgs/local/lib/python3.10/dist-packages/op3_offset_tuner_msgs/op3_offset_tuner_msgs_s__rosidl_typesupport_introspection_c.cpython-310-x86_64-linux-gnu.so" to ""
[58.852s] -- Installing: /home/certezas/robotis_ws/install/op3_offset_tuner_msgs/local/lib/python3.10/dist-packages/op3_offset_tuner_msgs/op3_offset_tuner_msgs_s__rosidl_typesupport_c.cpython-310-x86_64-linux-gnu.so
[58.852s] -- Set runtime path of "/home/certezas/robotis_ws/install/op3_offset_tuner_msgs/local/lib/python3.10/dist-packages/op3_offset_tuner_msgs/op3_offset_tuner_msgs_s__rosidl_typesupport_c.cpython-310-x86_64-linux-gnu.so" to ""
[58.872s] -- Installing: /home/certezas/robotis_ws/install/op3_offset_tuner_msgs/lib/libop3_offset_tuner_msgs__rosidl_generator_py.so
[58.872s] -- Set runtime path of "/home/certezas/robotis_ws/install/op3_offset_tuner_msgs/lib/libop3_offset_tuner_msgs__rosidl_generator_py.so" to ""
[58.891s] -- Installing: /home/certezas/robotis_ws/install/op3_offset_tuner_msgs/share/op3_offset_tuner_msgs/msg/JointOffsetData.idl
[58.892s] -- Installing: /home/certezas/robotis_ws/install/op3_offset_tuner_msgs/share/op3_offset_tuner_msgs/msg/JointOffsetPositionData.idl
[58.892s] -- Installing: /home/certezas/robotis_ws/install/op3_offset_tuner_msgs/share/op3_offset_tuner_msgs/msg/JointTorqueOnOff.idl
[58.892s] -- Installing: /home/certezas/robotis_ws/install/op3_offset_tuner_msgs/share/op3_offset_tuner_msgs/msg/JointTorqueOnOffArray.idl
[58.912s] -- Installing: /home/certezas/robotis_ws/install/op3_offset_tuner_msgs/share/op3_offset_tuner_msgs/srv/GetPresentJointOffsetData.idl
[58.913s] -- Installing: /home/certezas/robotis_ws/install/op3_offset_tuner_msgs/share/op3_offset_tuner_msgs/msg/JointOffsetData.msg
[58.913s] -- Installing: /home/certezas/robotis_ws/install/op3_offset_tuner_msgs/share/op3_offset_tuner_msgs/msg/JointOffsetPositionData.msg
[58.913s] -- Installing: /home/certezas/robotis_ws/install/op3_offset_tuner_msgs/share/op3_offset_tuner_msgs/msg/JointTorqueOnOff.msg
[58.914s] -- Installing: /home/certezas/robotis_ws/install/op3_offset_tuner_msgs/share/op3_offset_tuner_msgs/msg/JointTorqueOnOffArray.msg
[58.914s] -- Installing: /home/certezas/robotis_ws/install/op3_offset_tuner_msgs/share/op3_offset_tuner_msgs/srv/GetPresentJointOffsetData.srv
[58.914s] -- Installing: /home/certezas/robotis_ws/install/op3_offset_tuner_msgs/share/op3_offset_tuner_msgs/srv/GetPresentJointOffsetData_Request.msg
[58.914s] -- Installing: /home/certezas/robotis_ws/install/op3_offset_tuner_msgs/share/op3_offset_tuner_msgs/srv/GetPresentJointOffsetData_Response.msg
[58.914s] -- Installing: /home/certezas/robotis_ws/install/op3_offset_tuner_msgs/share/ament_index/resource_index/package_run_dependencies/op3_offset_tuner_msgs
[58.919s] -- Installing: /home/certezas/robotis_ws/install/op3_offset_tuner_msgs/share/ament_index/resource_index/parent_prefix_path/op3_offset_tuner_msgs
[58.919s] -- Installing: /home/certezas/robotis_ws/install/op3_offset_tuner_msgs/share/op3_offset_tuner_msgs/environment/ament_prefix_path.sh
[58.919s] -- Installing: /home/certezas/robotis_ws/install/op3_offset_tuner_msgs/share/op3_offset_tuner_msgs/environment/ament_prefix_path.dsv
[58.919s] -- Installing: /home/certezas/robotis_ws/install/op3_offset_tuner_msgs/share/op3_offset_tuner_msgs/environment/path.sh
[58.920s] -- Installing: /home/certezas/robotis_ws/install/op3_offset_tuner_msgs/share/op3_offset_tuner_msgs/environment/path.dsv
[58.920s] -- Installing: /home/certezas/robotis_ws/install/op3_offset_tuner_msgs/share/op3_offset_tuner_msgs/local_setup.bash
[58.920s] -- Installing: /home/certezas/robotis_ws/install/op3_offset_tuner_msgs/share/op3_offset_tuner_msgs/local_setup.sh
[58.921s] -- Installing: /home/certezas/robotis_ws/install/op3_offset_tuner_msgs/share/op3_offset_tuner_msgs/local_setup.zsh
[58.921s] -- Installing: /home/certezas/robotis_ws/install/op3_offset_tuner_msgs/share/op3_offset_tuner_msgs/local_setup.dsv
[58.921s] -- Installing: /home/certezas/robotis_ws/install/op3_offset_tuner_msgs/share/op3_offset_tuner_msgs/package.dsv
[58.927s] -- Installing: /home/certezas/robotis_ws/install/op3_offset_tuner_msgs/share/ament_index/resource_index/packages/op3_offset_tuner_msgs
[58.950s] -- Installing: /home/certezas/robotis_ws/install/op3_offset_tuner_msgs/share/op3_offset_tuner_msgs/cmake/export_op3_offset_tuner_msgs__rosidl_generator_cExport.cmake
[58.950s] -- Installing: /home/certezas/robotis_ws/install/op3_offset_tuner_msgs/share/op3_offset_tuner_msgs/cmake/export_op3_offset_tuner_msgs__rosidl_generator_cExport-noconfig.cmake
[58.951s] -- Installing: /home/certezas/robotis_ws/install/op3_offset_tuner_msgs/share/op3_offset_tuner_msgs/cmake/export_op3_offset_tuner_msgs__rosidl_typesupport_fastrtps_cExport.cmake
[58.951s] -- Installing: /home/certezas/robotis_ws/install/op3_offset_tuner_msgs/share/op3_offset_tuner_msgs/cmake/export_op3_offset_tuner_msgs__rosidl_typesupport_fastrtps_cExport-noconfig.cmake
[58.989s] -- Installing: /home/certezas/robotis_ws/install/op3_offset_tuner_msgs/share/op3_offset_tuner_msgs/cmake/op3_offset_tuner_msgs__rosidl_typesupport_introspection_cExport.cmake
[58.989s] -- Installing: /home/certezas/robotis_ws/install/op3_offset_tuner_msgs/share/op3_offset_tuner_msgs/cmake/op3_offset_tuner_msgs__rosidl_typesupport_introspection_cExport-noconfig.cmake
[58.997s] -- Installing: /home/certezas/robotis_ws/install/op3_offset_tuner_msgs/share/op3_offset_tuner_msgs/cmake/op3_offset_tuner_msgs__rosidl_typesupport_cExport.cmake
[58.997s] -- Installing: /home/certezas/robotis_ws/install/op3_offset_tuner_msgs/share/op3_offset_tuner_msgs/cmake/op3_offset_tuner_msgs__rosidl_typesupport_cExport-noconfig.cmake
[59.007s] -- Installing: /home/certezas/robotis_ws/install/op3_offset_tuner_msgs/share/op3_offset_tuner_msgs/cmake/export_op3_offset_tuner_msgs__rosidl_generator_cppExport.cmake
[59.012s] -- Installing: /home/certezas/robotis_ws/install/op3_offset_tuner_msgs/share/op3_offset_tuner_msgs/cmake/export_op3_offset_tuner_msgs__rosidl_typesupport_fastrtps_cppExport.cmake
[59.013s] -- Installing: /home/certezas/robotis_ws/install/op3_offset_tuner_msgs/share/op3_offset_tuner_msgs/cmake/export_op3_offset_tuner_msgs__rosidl_typesupport_fastrtps_cppExport-noconfig.cmake
[59.022s] -- Installing: /home/certezas/robotis_ws/install/op3_offset_tuner_msgs/share/op3_offset_tuner_msgs/cmake/op3_offset_tuner_msgs__rosidl_typesupport_introspection_cppExport.cmake
[59.022s] -- Installing: /home/certezas/robotis_ws/install/op3_offset_tuner_msgs/share/op3_offset_tuner_msgs/cmake/op3_offset_tuner_msgs__rosidl_typesupport_introspection_cppExport-noconfig.cmake
[59.043s] -- Installing: /home/certezas/robotis_ws/install/op3_offset_tuner_msgs/share/op3_offset_tuner_msgs/cmake/op3_offset_tuner_msgs__rosidl_typesupport_cppExport.cmake
[59.043s] -- Installing: /home/certezas/robotis_ws/install/op3_offset_tuner_msgs/share/op3_offset_tuner_msgs/cmake/op3_offset_tuner_msgs__rosidl_typesupport_cppExport-noconfig.cmake
[59.048s] -- Installing: /home/certezas/robotis_ws/install/op3_offset_tuner_msgs/share/op3_offset_tuner_msgs/cmake/export_op3_offset_tuner_msgs__rosidl_generator_pyExport.cmake
[59.048s] -- Installing: /home/certezas/robotis_ws/install/op3_offset_tuner_msgs/share/op3_offset_tuner_msgs/cmake/export_op3_offset_tuner_msgs__rosidl_generator_pyExport-noconfig.cmake
[59.048s] -- Installing: /home/certezas/robotis_ws/install/op3_offset_tuner_msgs/share/op3_offset_tuner_msgs/cmake/rosidl_cmake-extras.cmake
[59.048s] -- Installing: /home/certezas/robotis_ws/install/op3_offset_tuner_msgs/share/op3_offset_tuner_msgs/cmake/ament_cmake_export_dependencies-extras.cmake
[59.049s] -- Installing: /home/certezas/robotis_ws/install/op3_offset_tuner_msgs/share/op3_offset_tuner_msgs/cmake/ament_cmake_export_include_directories-extras.cmake
[59.051s] -- Installing: /home/certezas/robotis_ws/install/op3_offset_tuner_msgs/share/op3_offset_tuner_msgs/cmake/ament_cmake_export_libraries-extras.cmake
[59.051s] -- Installing: /home/certezas/robotis_ws/install/op3_offset_tuner_msgs/share/op3_offset_tuner_msgs/cmake/ament_cmake_export_targets-extras.cmake
[59.051s] -- Installing: /home/certezas/robotis_ws/install/op3_offset_tuner_msgs/share/op3_offset_tuner_msgs/cmake/rosidl_cmake_export_typesupport_targets-extras.cmake
[59.052s] -- Installing: /home/certezas/robotis_ws/install/op3_offset_tuner_msgs/share/op3_offset_tuner_msgs/cmake/rosidl_cmake_export_typesupport_libraries-extras.cmake
[59.052s] -- Installing: /home/certezas/robotis_ws/install/op3_offset_tuner_msgs/share/op3_offset_tuner_msgs/cmake/op3_offset_tuner_msgsConfig.cmake
[59.052s] -- Installing: /home/certezas/robotis_ws/install/op3_offset_tuner_msgs/share/op3_offset_tuner_msgs/cmake/op3_offset_tuner_msgsConfig-version.cmake
[59.052s] -- Installing: /home/certezas/robotis_ws/install/op3_offset_tuner_msgs/share/op3_offset_tuner_msgs/package.xml
[59.062s] Invoked command in '/home/certezas/robotis_ws/build/op3_offset_tuner_msgs' returned '0': CMAKE_PREFIX_PATH=${CMAKE_PREFIX_PATH}:/opt/ros/humble /usr/bin/cmake --install /home/certezas/robotis_ws/build/op3_offset_tuner_msgs
