-- Found ament_cmake: 1.3.11 (/opt/ros/humble/share/ament_cmake/cmake)
-- Configuring done
-- Generating done
-- Build files have been written to: /home/certezas/robotis_ws/build/op3_web_setting_tool
-- Install configuration: ""
-- Up-to-date: /home/certezas/robotis_ws/install/op3_web_setting_tool/share/op3_web_setting_tool/html
-- Installing: /home/certezas/robotis_ws/install/op3_web_setting_tool/share/op3_web_setting_tool/html/index.html
-- Up-to-date: /home/certezas/robotis_ws/install/op3_web_setting_tool/share/op3_web_setting_tool/html/js
-- Installing: /home/certezas/robotis_ws/install/op3_web_setting_tool/share/op3_web_setting_tool/html/js/jquery-ui.css
-- Installing: /home/certezas/robotis_ws/install/op3_web_setting_tool/share/op3_web_setting_tool/html/js/jquery.js
-- Installing: /home/certezas/robotis_ws/install/op3_web_setting_tool/share/op3_web_setting_tool/html/js/mjpegcanvas.js
-- Installing: /home/certezas/robotis_ws/install/op3_web_setting_tool/share/op3_web_setting_tool/html/js/EventEmitter2.js
-- Installing: /home/certezas/robotis_ws/install/op3_web_setting_tool/share/op3_web_setting_tool/html/js/roslib.js
-- Installing: /home/certezas/robotis_ws/install/op3_web_setting_tool/share/op3_web_setting_tool/html/js/jquery-ui.js
-- Up-to-date: /home/certezas/robotis_ws/install/op3_web_setting_tool/share/op3_web_setting_tool/launch
-- Installing: /home/certezas/robotis_ws/install/op3_web_setting_tool/share/op3_web_setting_tool/launch/web_setting_server.launch.xml
-- Installing: /home/certezas/robotis_ws/install/op3_web_setting_tool/share/ament_index/resource_index/package_run_dependencies/op3_web_setting_tool
-- Installing: /home/certezas/robotis_ws/install/op3_web_setting_tool/share/ament_index/resource_index/parent_prefix_path/op3_web_setting_tool
-- Installing: /home/certezas/robotis_ws/install/op3_web_setting_tool/share/op3_web_setting_tool/environment/ament_prefix_path.sh
-- Installing: /home/certezas/robotis_ws/install/op3_web_setting_tool/share/op3_web_setting_tool/environment/ament_prefix_path.dsv
-- Installing: /home/certezas/robotis_ws/install/op3_web_setting_tool/share/op3_web_setting_tool/environment/path.sh
-- Installing: /home/certezas/robotis_ws/install/op3_web_setting_tool/share/op3_web_setting_tool/environment/path.dsv
-- Installing: /home/certezas/robotis_ws/install/op3_web_setting_tool/share/op3_web_setting_tool/local_setup.bash
-- Installing: /home/certezas/robotis_ws/install/op3_web_setting_tool/share/op3_web_setting_tool/local_setup.sh
-- Installing: /home/certezas/robotis_ws/install/op3_web_setting_tool/share/op3_web_setting_tool/local_setup.zsh
-- Installing: /home/certezas/robotis_ws/install/op3_web_setting_tool/share/op3_web_setting_tool/local_setup.dsv
-- Installing: /home/certezas/robotis_ws/install/op3_web_setting_tool/share/op3_web_setting_tool/package.dsv
-- Installing: /home/certezas/robotis_ws/install/op3_web_setting_tool/share/ament_index/resource_index/packages/op3_web_setting_tool
-- Installing: /home/certezas/robotis_ws/install/op3_web_setting_tool/share/op3_web_setting_tool/cmake/op3_web_setting_toolConfig.cmake
-- Installing: /home/certezas/robotis_ws/install/op3_web_setting_tool/share/op3_web_setting_tool/cmake/op3_web_setting_toolConfig-version.cmake
-- Installing: /home/certezas/robotis_ws/install/op3_web_setting_tool/share/op3_web_setting_tool/package.xml
