[0.244s] Invoking command in '/home/certezas/robotis_ws/build/op3_web_setting_tool': CMAKE_PREFIX_PATH=${CMAKE_PREFIX_PATH}:/opt/ros/humble /usr/bin/cmake --build /home/certezas/robotis_ws/build/op3_web_setting_tool -- -j12 -l12
[4.804s] -- Found ament_cmake: 1.3.11 (/opt/ros/humble/share/ament_cmake/cmake)
[4.804s] -- Configuring done
[4.804s] -- Generating done
[4.804s] -- Build files have been written to: /home/certezas/robotis_ws/build/op3_web_setting_tool
[4.886s] Invoked command in '/home/certezas/robotis_ws/build/op3_web_setting_tool' returned '0': CMAKE_PREFIX_PATH=${CMAKE_PREFIX_PATH}:/opt/ros/humble /usr/bin/cmake --build /home/certezas/robotis_ws/build/op3_web_setting_tool -- -j12 -l12
[5.594s] Invoking command in '/home/certezas/robotis_ws/build/op3_web_setting_tool': CMAKE_PREFIX_PATH=${CMAKE_PREFIX_PATH}:/opt/ros/humble /usr/bin/cmake --install /home/certezas/robotis_ws/build/op3_web_setting_tool
[7.853s] -- Install configuration: ""
[7.853s] -- Up-to-date: /home/certezas/robotis_ws/install/op3_web_setting_tool/share/op3_web_setting_tool/html
[7.853s] -- Installing: /home/certezas/robotis_ws/install/op3_web_setting_tool/share/op3_web_setting_tool/html/index.html
[7.854s] -- Up-to-date: /home/certezas/robotis_ws/install/op3_web_setting_tool/share/op3_web_setting_tool/html/js
[7.854s] -- Installing: /home/certezas/robotis_ws/install/op3_web_setting_tool/share/op3_web_setting_tool/html/js/jquery-ui.css
[7.854s] -- Installing: /home/certezas/robotis_ws/install/op3_web_setting_tool/share/op3_web_setting_tool/html/js/jquery.js
[7.854s] -- Installing: /home/certezas/robotis_ws/install/op3_web_setting_tool/share/op3_web_setting_tool/html/js/mjpegcanvas.js
[7.854s] -- Installing: /home/certezas/robotis_ws/install/op3_web_setting_tool/share/op3_web_setting_tool/html/js/EventEmitter2.js
[7.854s] -- Installing: /home/certezas/robotis_ws/install/op3_web_setting_tool/share/op3_web_setting_tool/html/js/roslib.js
[7.854s] -- Installing: /home/certezas/robotis_ws/install/op3_web_setting_tool/share/op3_web_setting_tool/html/js/jquery-ui.js
[7.854s] -- Up-to-date: /home/certezas/robotis_ws/install/op3_web_setting_tool/share/op3_web_setting_tool/launch
[7.854s] -- Installing: /home/certezas/robotis_ws/install/op3_web_setting_tool/share/op3_web_setting_tool/launch/web_setting_server.launch.xml
[7.855s] -- Installing: /home/certezas/robotis_ws/install/op3_web_setting_tool/share/ament_index/resource_index/package_run_dependencies/op3_web_setting_tool
[7.855s] -- Installing: /home/certezas/robotis_ws/install/op3_web_setting_tool/share/ament_index/resource_index/parent_prefix_path/op3_web_setting_tool
[7.855s] -- Installing: /home/certezas/robotis_ws/install/op3_web_setting_tool/share/op3_web_setting_tool/environment/ament_prefix_path.sh
[7.855s] -- Installing: /home/certezas/robotis_ws/install/op3_web_setting_tool/share/op3_web_setting_tool/environment/ament_prefix_path.dsv
[7.855s] -- Installing: /home/certezas/robotis_ws/install/op3_web_setting_tool/share/op3_web_setting_tool/environment/path.sh
[7.855s] -- Installing: /home/certezas/robotis_ws/install/op3_web_setting_tool/share/op3_web_setting_tool/environment/path.dsv
[7.855s] -- Installing: /home/certezas/robotis_ws/install/op3_web_setting_tool/share/op3_web_setting_tool/local_setup.bash
[7.855s] -- Installing: /home/certezas/robotis_ws/install/op3_web_setting_tool/share/op3_web_setting_tool/local_setup.sh
[7.855s] -- Installing: /home/certezas/robotis_ws/install/op3_web_setting_tool/share/op3_web_setting_tool/local_setup.zsh
[7.856s] -- Installing: /home/certezas/robotis_ws/install/op3_web_setting_tool/share/op3_web_setting_tool/local_setup.dsv
[7.856s] -- Installing: /home/certezas/robotis_ws/install/op3_web_setting_tool/share/op3_web_setting_tool/package.dsv
[7.856s] -- Installing: /home/certezas/robotis_ws/install/op3_web_setting_tool/share/ament_index/resource_index/packages/op3_web_setting_tool
[7.856s] -- Installing: /home/certezas/robotis_ws/install/op3_web_setting_tool/share/op3_web_setting_tool/cmake/op3_web_setting_toolConfig.cmake
[7.857s] -- Installing: /home/certezas/robotis_ws/install/op3_web_setting_tool/share/op3_web_setting_tool/cmake/op3_web_setting_toolConfig-version.cmake
[7.858s] -- Installing: /home/certezas/robotis_ws/install/op3_web_setting_tool/share/op3_web_setting_tool/package.xml
[7.939s] Invoked command in '/home/certezas/robotis_ws/build/op3_web_setting_tool' returned '0': CMAKE_PREFIX_PATH=${CMAKE_PREFIX_PATH}:/opt/ros/humble /usr/bin/cmake --install /home/certezas/robotis_ws/build/op3_web_setting_tool
