[0.445s] Invoking command in '/home/certezas/robotis_ws/build/op3_gazebo_ros2': CMAKE_PREFIX_PATH=${CMAKE_PREFIX_PATH}:/opt/ros/humble /usr/bin/cmake --build /home/certezas/robotis_ws/build/op3_gazebo_ros2 -- -j12 -l12
[1.709s] -- Found ament_cmake: 1.3.11 (/opt/ros/humble/share/ament_cmake/cmake)
[2.419s] -- Found ament_lint_auto: 0.12.12 (/opt/ros/humble/share/ament_lint_auto/cmake)
[3.655s] -- Configuring done
[4.039s] -- Generating done
[4.090s] -- Build files have been written to: /home/certezas/robotis_ws/build/op3_gazebo_ros2
[4.309s] Invoked command in '/home/certezas/robotis_ws/build/op3_gazebo_ros2' returned '0': CMAKE_PREFIX_PATH=${CMAKE_PREFIX_PATH}:/opt/ros/humble /usr/bin/cmake --build /home/certezas/robotis_ws/build/op3_gazebo_ros2 -- -j12 -l12
[4.520s] Invoking command in '/home/certezas/robotis_ws/build/op3_gazebo_ros2': CMAKE_PREFIX_PATH=${CMAKE_PREFIX_PATH}:/opt/ros/humble /usr/bin/cmake --install /home/certezas/robotis_ws/build/op3_gazebo_ros2
[19.351s] -- Install configuration: ""
[19.352s] -- Up-to-date: /home/certezas/robotis_ws/install/op3_gazebo_ros2/share/op3_gazebo_ros2/config
[19.352s] -- Installing: /home/certezas/robotis_ws/install/op3_gazebo_ros2/share/op3_gazebo_ros2/config/bridge_parameters.yaml
[19.352s] -- Installing: /home/certezas/robotis_ws/install/op3_gazebo_ros2/share/op3_gazebo_ros2/config/robotis_op3_gazebo_config.yaml
[19.352s] -- Up-to-date: /home/certezas/robotis_ws/install/op3_gazebo_ros2/share/op3_gazebo_ros2/launch
[19.352s] -- Installing: /home/certezas/robotis_ws/install/op3_gazebo_ros2/share/op3_gazebo_ros2/launch/robot_sim.launch.py
[19.352s] -- Up-to-date: /home/certezas/robotis_ws/install/op3_gazebo_ros2/share/op3_gazebo_ros2/worlds
[19.352s] -- Installing: /home/certezas/robotis_ws/install/op3_gazebo_ros2/share/op3_gazebo_ros2/worlds/empty.sdf
[19.352s] -- Installing: /home/certezas/robotis_ws/install/op3_gazebo_ros2/share/ament_index/resource_index/package_run_dependencies/op3_gazebo_ros2
[19.352s] -- Installing: /home/certezas/robotis_ws/install/op3_gazebo_ros2/share/ament_index/resource_index/parent_prefix_path/op3_gazebo_ros2
[19.352s] -- Installing: /home/certezas/robotis_ws/install/op3_gazebo_ros2/share/op3_gazebo_ros2/environment/ament_prefix_path.sh
[19.352s] -- Installing: /home/certezas/robotis_ws/install/op3_gazebo_ros2/share/op3_gazebo_ros2/environment/ament_prefix_path.dsv
[19.352s] -- Installing: /home/certezas/robotis_ws/install/op3_gazebo_ros2/share/op3_gazebo_ros2/environment/path.sh
[19.353s] -- Installing: /home/certezas/robotis_ws/install/op3_gazebo_ros2/share/op3_gazebo_ros2/environment/path.dsv
[19.353s] -- Installing: /home/certezas/robotis_ws/install/op3_gazebo_ros2/share/op3_gazebo_ros2/local_setup.bash
[19.353s] -- Installing: /home/certezas/robotis_ws/install/op3_gazebo_ros2/share/op3_gazebo_ros2/local_setup.sh
[19.353s] -- Installing: /home/certezas/robotis_ws/install/op3_gazebo_ros2/share/op3_gazebo_ros2/local_setup.zsh
[19.353s] -- Installing: /home/certezas/robotis_ws/install/op3_gazebo_ros2/share/op3_gazebo_ros2/local_setup.dsv
[19.353s] -- Installing: /home/certezas/robotis_ws/install/op3_gazebo_ros2/share/op3_gazebo_ros2/package.dsv
[19.353s] -- Installing: /home/certezas/robotis_ws/install/op3_gazebo_ros2/share/ament_index/resource_index/packages/op3_gazebo_ros2
[19.353s] -- Installing: /home/certezas/robotis_ws/install/op3_gazebo_ros2/share/op3_gazebo_ros2/cmake/op3_gazebo_ros2Config.cmake
[19.353s] -- Installing: /home/certezas/robotis_ws/install/op3_gazebo_ros2/share/op3_gazebo_ros2/cmake/op3_gazebo_ros2Config-version.cmake
[19.353s] -- Installing: /home/certezas/robotis_ws/install/op3_gazebo_ros2/share/op3_gazebo_ros2/package.xml
[19.372s] Invoked command in '/home/certezas/robotis_ws/build/op3_gazebo_ros2' returned '0': CMAKE_PREFIX_PATH=${CMAKE_PREFIX_PATH}:/opt/ros/humble /usr/bin/cmake --install /home/certezas/robotis_ws/build/op3_gazebo_ros2
