-- Found ament_cmake: 1.3.11 (/opt/ros/humble/share/ament_cmake/cmake)
-- Found rclcpp: 16.0.12 (/opt/ros/humble/share/rclcpp/cmake)
-- Found rosidl_generator_c: 3.1.6 (/opt/ros/humble/share/rosidl_generator_c/cmake)
-- Found rosidl_adapter: 3.1.6 (/opt/ros/humble/share/rosidl_adapter/cmake)
-- Found rosidl_generator_cpp: 3.1.6 (/opt/ros/humble/share/rosidl_generator_cpp/cmake)
-- Using all available rosidl_typesupport_c: rosidl_typesupport_fastrtps_c;rosidl_typesupport_introspection_c
-- Using all available rosidl_typesupport_cpp: rosidl_typesupport_fastrtps_cpp;rosidl_typesupport_introspection_cpp
-- Found rmw_implementation_cmake: 6.1.2 (/opt/ros/humble/share/rmw_implementation_cmake/cmake)
-- Found rmw_fastrtps_cpp: 6.2.7 (/opt/ros/humble/share/rmw_fastrtps_cpp/cmake)
-- Using RMW implementation 'rmw_fastrtps_cpp' as default
-- Configuring done
-- Generating done
-- Build files have been written to: /home/certezas/robotis_ws/build/robotis_math
[35m[1mConsolidate compiler generated dependencies of target robotis_math[0m
[  9%] [32mBuilding CXX object CMakeFiles/robotis_math.dir/src/robotis_math_base.cpp.o[0m
[ 18%] [32mBuilding CXX object CMakeFiles/robotis_math.dir/src/robotis_trajectory_calculator.cpp.o[0m
[ 36%] [32mBuilding CXX object CMakeFiles/robotis_math.dir/src/fifth_order_polynomial_trajectory.cpp.o[0m
[ 36%] [32mBuilding CXX object CMakeFiles/robotis_math.dir/src/minimum_jerk_trajectory_with_via_point.cpp.o[0m
[ 45%] [32mBuilding CXX object CMakeFiles/robotis_math.dir/src/minimum_jerk_trajectory.cpp.o[0m
[ 54%] [32mBuilding CXX object CMakeFiles/robotis_math.dir/src/simple_trapezoidal_velocity_profile.cpp.o[0m
[ 72%] [32mBuilding CXX object CMakeFiles/robotis_math.dir/src/step_data_define.cpp.o[0m
[ 72%] [32mBuilding CXX object CMakeFiles/robotis_math.dir/src/preview_control.cpp.o[0m
[ 81%] [32mBuilding CXX object CMakeFiles/robotis_math.dir/src/bezier_curve.cpp.o[0m
[ 90%] [32mBuilding CXX object CMakeFiles/robotis_math.dir/src/robotis_linear_algebra.cpp.o[0m
[100%] [32m[1mLinking CXX static library librobotis_math.a[0m
[100%] Built target robotis_math
-- Install configuration: ""
-- Installing: /home/certezas/robotis_ws/install/robotis_math/lib/librobotis_math.a
-- Up-to-date: /home/certezas/robotis_ws/install/robotis_math/include/robotis_math
-- Installing: /home/certezas/robotis_ws/install/robotis_math/include/robotis_math/step_data_define.h
-- Installing: /home/certezas/robotis_ws/install/robotis_math/include/robotis_math/fifth_order_polynomial_trajectory.h
-- Installing: /home/certezas/robotis_ws/install/robotis_math/include/robotis_math/robotis_linear_algebra.h
-- Installing: /home/certezas/robotis_ws/install/robotis_math/include/robotis_math/bezier_curve.h
-- Installing: /home/certezas/robotis_ws/install/robotis_math/include/robotis_math/minimum_jerk_trajectory.h
-- Installing: /home/certezas/robotis_ws/install/robotis_math/include/robotis_math/robotis_trajectory_calculator.h
-- Installing: /home/certezas/robotis_ws/install/robotis_math/include/robotis_math/robotis_math_base.h
-- Installing: /home/certezas/robotis_ws/install/robotis_math/include/robotis_math/simple_trapezoidal_velocity_profile.h
-- Installing: /home/certezas/robotis_ws/install/robotis_math/include/robotis_math/robotis_math.h
-- Installing: /home/certezas/robotis_ws/install/robotis_math/include/robotis_math/preview_control.h
-- Installing: /home/certezas/robotis_ws/install/robotis_math/include/robotis_math/minimum_jerk_trajectory_with_via_point.h
-- Installing: /home/certezas/robotis_ws/install/robotis_math/share/robotis_math/environment/library_path.sh
-- Installing: /home/certezas/robotis_ws/install/robotis_math/share/robotis_math/environment/library_path.dsv
-- Installing: /home/certezas/robotis_ws/install/robotis_math/share/ament_index/resource_index/package_run_dependencies/robotis_math
-- Installing: /home/certezas/robotis_ws/install/robotis_math/share/ament_index/resource_index/parent_prefix_path/robotis_math
-- Installing: /home/certezas/robotis_ws/install/robotis_math/share/robotis_math/environment/ament_prefix_path.sh
-- Installing: /home/certezas/robotis_ws/install/robotis_math/share/robotis_math/environment/ament_prefix_path.dsv
-- Installing: /home/certezas/robotis_ws/install/robotis_math/share/robotis_math/environment/path.sh
-- Installing: /home/certezas/robotis_ws/install/robotis_math/share/robotis_math/environment/path.dsv
-- Installing: /home/certezas/robotis_ws/install/robotis_math/share/robotis_math/local_setup.bash
-- Installing: /home/certezas/robotis_ws/install/robotis_math/share/robotis_math/local_setup.sh
-- Installing: /home/certezas/robotis_ws/install/robotis_math/share/robotis_math/local_setup.zsh
-- Installing: /home/certezas/robotis_ws/install/robotis_math/share/robotis_math/local_setup.dsv
-- Installing: /home/certezas/robotis_ws/install/robotis_math/share/robotis_math/package.dsv
-- Installing: /home/certezas/robotis_ws/install/robotis_math/share/ament_index/resource_index/packages/robotis_math
-- Installing: /home/certezas/robotis_ws/install/robotis_math/share/robotis_math/cmake/export_robotis_mathExport.cmake
-- Installing: /home/certezas/robotis_ws/install/robotis_math/share/robotis_math/cmake/export_robotis_mathExport-noconfig.cmake
-- Installing: /home/certezas/robotis_ws/install/robotis_math/share/robotis_math/cmake/ament_cmake_export_targets-extras.cmake
-- Installing: /home/certezas/robotis_ws/install/robotis_math/share/robotis_math/cmake/ament_cmake_export_include_directories-extras.cmake
-- Installing: /home/certezas/robotis_ws/install/robotis_math/share/robotis_math/cmake/ament_cmake_export_dependencies-extras.cmake
-- Installing: /home/certezas/robotis_ws/install/robotis_math/share/robotis_math/cmake/robotis_mathConfig.cmake
-- Installing: /home/certezas/robotis_ws/install/robotis_math/share/robotis_math/cmake/robotis_mathConfig-version.cmake
-- Installing: /home/certezas/robotis_ws/install/robotis_math/share/robotis_math/package.xml
