[0.875s] Invoking command in '/home/certezas/robotis_ws/build/robotis_math': CMAKE_PREFIX_PATH=${CMAKE_PREFIX_PATH}:/opt/ros/humble /usr/bin/cmake --build /home/certezas/robotis_ws/build/robotis_math -- -j12 -l12
[3.109s] -- Found ament_cmake: 1.3.11 (/opt/ros/humble/share/ament_cmake/cmake)
[4.807s] -- Found rclcpp: 16.0.12 (/opt/ros/humble/share/rclcpp/cmake)
[6.827s] -- Found rosidl_generator_c: 3.1.6 (/opt/ros/humble/share/rosidl_generator_c/cmake)
[6.837s] -- Found rosidl_adapter: 3.1.6 (/opt/ros/humble/share/rosidl_adapter/cmake)
[6.958s] -- Found rosidl_generator_cpp: 3.1.6 (/opt/ros/humble/share/rosidl_generator_cpp/cmake)
[7.241s] -- Using all available rosidl_typesupport_c: rosidl_typesupport_fastrtps_c;rosidl_typesupport_introspection_c
[7.271s] -- Using all available rosidl_typesupport_cpp: rosidl_typesupport_fastrtps_cpp;rosidl_typesupport_introspection_cpp
[8.499s] -- Found rmw_implementation_cmake: 6.1.2 (/opt/ros/humble/share/rmw_implementation_cmake/cmake)
[8.638s] -- Found rmw_fastrtps_cpp: 6.2.7 (/opt/ros/humble/share/rmw_fastrtps_cpp/cmake)
[10.538s] -- Using RMW implementation 'rmw_fastrtps_cpp' as default
[14.094s] -- Configuring done
[14.853s] -- Generating done
[14.870s] -- Build files have been written to: /home/certezas/robotis_ws/build/robotis_math
[15.283s] [35m[1mConsolidate compiler generated dependencies of target robotis_math[0m
[15.307s] [  9%] [32mBuilding CXX object CMakeFiles/robotis_math.dir/src/robotis_math_base.cpp.o[0m
[15.308s] [ 18%] [32mBuilding CXX object CMakeFiles/robotis_math.dir/src/robotis_trajectory_calculator.cpp.o[0m
[15.309s] [ 36%] [32mBuilding CXX object CMakeFiles/robotis_math.dir/src/fifth_order_polynomial_trajectory.cpp.o[0m
[15.309s] [ 36%] [32mBuilding CXX object CMakeFiles/robotis_math.dir/src/minimum_jerk_trajectory_with_via_point.cpp.o[0m
[15.309s] [ 45%] [32mBuilding CXX object CMakeFiles/robotis_math.dir/src/minimum_jerk_trajectory.cpp.o[0m
[15.313s] [ 54%] [32mBuilding CXX object CMakeFiles/robotis_math.dir/src/simple_trapezoidal_velocity_profile.cpp.o[0m
[17.021s] [ 72%] [32mBuilding CXX object CMakeFiles/robotis_math.dir/src/step_data_define.cpp.o[0m
[17.021s] [ 72%] [32mBuilding CXX object CMakeFiles/robotis_math.dir/src/preview_control.cpp.o[0m
[17.807s] [ 81%] [32mBuilding CXX object CMakeFiles/robotis_math.dir/src/bezier_curve.cpp.o[0m
[19.297s] [ 90%] [32mBuilding CXX object CMakeFiles/robotis_math.dir/src/robotis_linear_algebra.cpp.o[0m
[37.652s] [100%] [32m[1mLinking CXX static library librobotis_math.a[0m
[38.811s] [100%] Built target robotis_math
[38.861s] Invoked command in '/home/certezas/robotis_ws/build/robotis_math' returned '0': CMAKE_PREFIX_PATH=${CMAKE_PREFIX_PATH}:/opt/ros/humble /usr/bin/cmake --build /home/certezas/robotis_ws/build/robotis_math -- -j12 -l12
[39.805s] Invoking command in '/home/certezas/robotis_ws/build/robotis_math': CMAKE_PREFIX_PATH=${CMAKE_PREFIX_PATH}:/opt/ros/humble /usr/bin/cmake --install /home/certezas/robotis_ws/build/robotis_math
[41.601s] -- Install configuration: ""
[41.601s] -- Installing: /home/certezas/robotis_ws/install/robotis_math/lib/librobotis_math.a
[41.601s] -- Up-to-date: /home/certezas/robotis_ws/install/robotis_math/include/robotis_math
[41.601s] -- Installing: /home/certezas/robotis_ws/install/robotis_math/include/robotis_math/step_data_define.h
[41.601s] -- Installing: /home/certezas/robotis_ws/install/robotis_math/include/robotis_math/fifth_order_polynomial_trajectory.h
[41.601s] -- Installing: /home/certezas/robotis_ws/install/robotis_math/include/robotis_math/robotis_linear_algebra.h
[41.601s] -- Installing: /home/certezas/robotis_ws/install/robotis_math/include/robotis_math/bezier_curve.h
[41.601s] -- Installing: /home/certezas/robotis_ws/install/robotis_math/include/robotis_math/minimum_jerk_trajectory.h
[41.601s] -- Installing: /home/certezas/robotis_ws/install/robotis_math/include/robotis_math/robotis_trajectory_calculator.h
[41.601s] -- Installing: /home/certezas/robotis_ws/install/robotis_math/include/robotis_math/robotis_math_base.h
[41.602s] -- Installing: /home/certezas/robotis_ws/install/robotis_math/include/robotis_math/simple_trapezoidal_velocity_profile.h
[41.602s] -- Installing: /home/certezas/robotis_ws/install/robotis_math/include/robotis_math/robotis_math.h
[41.602s] -- Installing: /home/certezas/robotis_ws/install/robotis_math/include/robotis_math/preview_control.h
[41.602s] -- Installing: /home/certezas/robotis_ws/install/robotis_math/include/robotis_math/minimum_jerk_trajectory_with_via_point.h
[41.602s] -- Installing: /home/certezas/robotis_ws/install/robotis_math/share/robotis_math/environment/library_path.sh
[41.602s] -- Installing: /home/certezas/robotis_ws/install/robotis_math/share/robotis_math/environment/library_path.dsv
[41.602s] -- Installing: /home/certezas/robotis_ws/install/robotis_math/share/ament_index/resource_index/package_run_dependencies/robotis_math
[41.602s] -- Installing: /home/certezas/robotis_ws/install/robotis_math/share/ament_index/resource_index/parent_prefix_path/robotis_math
[41.602s] -- Installing: /home/certezas/robotis_ws/install/robotis_math/share/robotis_math/environment/ament_prefix_path.sh
[41.602s] -- Installing: /home/certezas/robotis_ws/install/robotis_math/share/robotis_math/environment/ament_prefix_path.dsv
[41.603s] -- Installing: /home/certezas/robotis_ws/install/robotis_math/share/robotis_math/environment/path.sh
[41.603s] -- Installing: /home/certezas/robotis_ws/install/robotis_math/share/robotis_math/environment/path.dsv
[41.603s] -- Installing: /home/certezas/robotis_ws/install/robotis_math/share/robotis_math/local_setup.bash
[41.603s] -- Installing: /home/certezas/robotis_ws/install/robotis_math/share/robotis_math/local_setup.sh
[41.603s] -- Installing: /home/certezas/robotis_ws/install/robotis_math/share/robotis_math/local_setup.zsh
[41.603s] -- Installing: /home/certezas/robotis_ws/install/robotis_math/share/robotis_math/local_setup.dsv
[41.603s] -- Installing: /home/certezas/robotis_ws/install/robotis_math/share/robotis_math/package.dsv
[41.603s] -- Installing: /home/certezas/robotis_ws/install/robotis_math/share/ament_index/resource_index/packages/robotis_math
[41.603s] -- Installing: /home/certezas/robotis_ws/install/robotis_math/share/robotis_math/cmake/export_robotis_mathExport.cmake
[41.603s] -- Installing: /home/certezas/robotis_ws/install/robotis_math/share/robotis_math/cmake/export_robotis_mathExport-noconfig.cmake
[41.604s] -- Installing: /home/certezas/robotis_ws/install/robotis_math/share/robotis_math/cmake/ament_cmake_export_targets-extras.cmake
[41.604s] -- Installing: /home/certezas/robotis_ws/install/robotis_math/share/robotis_math/cmake/ament_cmake_export_include_directories-extras.cmake
[41.604s] -- Installing: /home/certezas/robotis_ws/install/robotis_math/share/robotis_math/cmake/ament_cmake_export_dependencies-extras.cmake
[41.604s] -- Installing: /home/certezas/robotis_ws/install/robotis_math/share/robotis_math/cmake/robotis_mathConfig.cmake
[41.604s] -- Installing: /home/certezas/robotis_ws/install/robotis_math/share/robotis_math/cmake/robotis_mathConfig-version.cmake
[41.604s] -- Installing: /home/certezas/robotis_ws/install/robotis_math/share/robotis_math/package.xml
[43.706s] Invoked command in '/home/certezas/robotis_ws/build/robotis_math' returned '0': CMAKE_PREFIX_PATH=${CMAKE_PREFIX_PATH}:/opt/ros/humble /usr/bin/cmake --install /home/certezas/robotis_ws/build/robotis_math
