-- Found ament_cmake: 1.3.11 (/opt/ros/humble/share/ament_cmake/cmake)
-- Found rclcpp: 16.0.12 (/opt/ros/humble/share/rclcpp/cmake)
-- Found rosidl_generator_c: 3.1.6 (/opt/ros/humble/share/rosidl_generator_c/cmake)
-- Found rosidl_adapter: 3.1.6 (/opt/ros/humble/share/rosidl_adapter/cmake)
-- Found rosidl_generator_cpp: 3.1.6 (/opt/ros/humble/share/rosidl_generator_cpp/cmake)
-- Using all available rosidl_typesupport_c: rosidl_typesupport_fastrtps_c;rosidl_typesupport_introspection_c
-- Using all available rosidl_typesupport_cpp: rosidl_typesupport_fastrtps_cpp;rosidl_typesupport_introspection_cpp
-- Found rmw_implementation_cmake: 6.1.2 (/opt/ros/humble/share/rmw_implementation_cmake/cmake)
-- Found rmw_fastrtps_cpp: 6.2.7 (/opt/ros/humble/share/rmw_fastrtps_cpp/cmake)
-- Using RMW implementation 'rmw_fastrtps_cpp' as default
-- Configuring done
-- Generating done
-- Build files have been written to: /home/certezas/robotis_ws/build/ros_madplay_player
[35m[1mConsolidate compiler generated dependencies of target ros_madplay_player[0m
[ 50%] [32mBuilding CXX object CMakeFiles/ros_madplay_player.dir/src/ros_madplay_player.cpp.o[0m
[100%] [32m[1mLinking CXX executable ros_madplay_player[0m
[100%] Built target ros_madplay_player
-- Install configuration: ""
-- Installing: /home/certezas/robotis_ws/install/ros_madplay_player/lib/ros_madplay_player/ros_madplay_player
-- Set runtime path of "/home/certezas/robotis_ws/install/ros_madplay_player/lib/ros_madplay_player/ros_madplay_player" to ""
-- Up-to-date: /home/certezas/robotis_ws/install/ros_madplay_player/include/ros_madplay_player
-- Installing: /home/certezas/robotis_ws/install/ros_madplay_player/include/ros_madplay_player/ros_madplay_player.h
-- Installing: /home/certezas/robotis_ws/install/ros_madplay_player/share/ament_index/resource_index/package_run_dependencies/ros_madplay_player
-- Installing: /home/certezas/robotis_ws/install/ros_madplay_player/share/ament_index/resource_index/parent_prefix_path/ros_madplay_player
-- Installing: /home/certezas/robotis_ws/install/ros_madplay_player/share/ros_madplay_player/environment/ament_prefix_path.sh
-- Installing: /home/certezas/robotis_ws/install/ros_madplay_player/share/ros_madplay_player/environment/ament_prefix_path.dsv
-- Installing: /home/certezas/robotis_ws/install/ros_madplay_player/share/ros_madplay_player/environment/path.sh
-- Installing: /home/certezas/robotis_ws/install/ros_madplay_player/share/ros_madplay_player/environment/path.dsv
-- Installing: /home/certezas/robotis_ws/install/ros_madplay_player/share/ros_madplay_player/local_setup.bash
-- Installing: /home/certezas/robotis_ws/install/ros_madplay_player/share/ros_madplay_player/local_setup.sh
-- Installing: /home/certezas/robotis_ws/install/ros_madplay_player/share/ros_madplay_player/local_setup.zsh
-- Installing: /home/certezas/robotis_ws/install/ros_madplay_player/share/ros_madplay_player/local_setup.dsv
-- Installing: /home/certezas/robotis_ws/install/ros_madplay_player/share/ros_madplay_player/package.dsv
-- Installing: /home/certezas/robotis_ws/install/ros_madplay_player/share/ament_index/resource_index/packages/ros_madplay_player
-- Installing: /home/certezas/robotis_ws/install/ros_madplay_player/share/ros_madplay_player/cmake/ros_madplay_playerConfig.cmake
-- Installing: /home/certezas/robotis_ws/install/ros_madplay_player/share/ros_madplay_player/cmake/ros_madplay_playerConfig-version.cmake
-- Installing: /home/certezas/robotis_ws/install/ros_madplay_player/share/ros_madplay_player/package.xml
