[0.843s] Invoking command in '/home/certezas/robotis_ws/build/ros_madplay_player': CMAKE_PREFIX_PATH=${CMAKE_PREFIX_PATH}:/opt/ros/humble /usr/bin/cmake --build /home/certezas/robotis_ws/build/ros_madplay_player -- -j12 -l12
[2.099s] -- Found ament_cmake: 1.3.11 (/opt/ros/humble/share/ament_cmake/cmake)
[2.417s] -- Found rclcpp: 16.0.12 (/opt/ros/humble/share/rclcpp/cmake)
[2.462s] -- Found rosidl_generator_c: 3.1.6 (/opt/ros/humble/share/rosidl_generator_c/cmake)
[2.466s] -- Found rosidl_adapter: 3.1.6 (/opt/ros/humble/share/rosidl_adapter/cmake)
[2.474s] -- Found rosidl_generator_cpp: 3.1.6 (/opt/ros/humble/share/rosidl_generator_cpp/cmake)
[2.490s] -- Using all available rosidl_typesupport_c: rosidl_typesupport_fastrtps_c;rosidl_typesupport_introspection_c
[2.511s] -- Using all available rosidl_typesupport_cpp: rosidl_typesupport_fastrtps_cpp;rosidl_typesupport_introspection_cpp
[2.563s] -- Found rmw_implementation_cmake: 6.1.2 (/opt/ros/humble/share/rmw_implementation_cmake/cmake)
[2.566s] -- Found rmw_fastrtps_cpp: 6.2.7 (/opt/ros/humble/share/rmw_fastrtps_cpp/cmake)
[2.712s] -- Using RMW implementation 'rmw_fastrtps_cpp' as default
[3.106s] -- Configuring done
[5.060s] -- Generating done
[5.277s] -- Build files have been written to: /home/certezas/robotis_ws/build/ros_madplay_player
[5.517s] [35m[1mConsolidate compiler generated dependencies of target ros_madplay_player[0m
[5.553s] [ 50%] [32mBuilding CXX object CMakeFiles/ros_madplay_player.dir/src/ros_madplay_player.cpp.o[0m
[18.628s] [100%] [32m[1mLinking CXX executable ros_madplay_player[0m
[21.749s] [100%] Built target ros_madplay_player
[22.134s] Invoked command in '/home/certezas/robotis_ws/build/ros_madplay_player' returned '0': CMAKE_PREFIX_PATH=${CMAKE_PREFIX_PATH}:/opt/ros/humble /usr/bin/cmake --build /home/certezas/robotis_ws/build/ros_madplay_player -- -j12 -l12
[22.160s] Invoking command in '/home/certezas/robotis_ws/build/ros_madplay_player': CMAKE_PREFIX_PATH=${CMAKE_PREFIX_PATH}:/opt/ros/humble /usr/bin/cmake --install /home/certezas/robotis_ws/build/ros_madplay_player
[22.172s] -- Install configuration: ""
[22.350s] -- Installing: /home/certezas/robotis_ws/install/ros_madplay_player/lib/ros_madplay_player/ros_madplay_player
[22.353s] -- Set runtime path of "/home/certezas/robotis_ws/install/ros_madplay_player/lib/ros_madplay_player/ros_madplay_player" to ""
[22.354s] -- Up-to-date: /home/certezas/robotis_ws/install/ros_madplay_player/include/ros_madplay_player
[22.356s] -- Installing: /home/certezas/robotis_ws/install/ros_madplay_player/include/ros_madplay_player/ros_madplay_player.h
[22.356s] -- Installing: /home/certezas/robotis_ws/install/ros_madplay_player/share/ament_index/resource_index/package_run_dependencies/ros_madplay_player
[22.363s] -- Installing: /home/certezas/robotis_ws/install/ros_madplay_player/share/ament_index/resource_index/parent_prefix_path/ros_madplay_player
[22.363s] -- Installing: /home/certezas/robotis_ws/install/ros_madplay_player/share/ros_madplay_player/environment/ament_prefix_path.sh
[22.363s] -- Installing: /home/certezas/robotis_ws/install/ros_madplay_player/share/ros_madplay_player/environment/ament_prefix_path.dsv
[22.363s] -- Installing: /home/certezas/robotis_ws/install/ros_madplay_player/share/ros_madplay_player/environment/path.sh
[22.363s] -- Installing: /home/certezas/robotis_ws/install/ros_madplay_player/share/ros_madplay_player/environment/path.dsv
[22.363s] -- Installing: /home/certezas/robotis_ws/install/ros_madplay_player/share/ros_madplay_player/local_setup.bash
[22.365s] -- Installing: /home/certezas/robotis_ws/install/ros_madplay_player/share/ros_madplay_player/local_setup.sh
[22.365s] -- Installing: /home/certezas/robotis_ws/install/ros_madplay_player/share/ros_madplay_player/local_setup.zsh
[22.365s] -- Installing: /home/certezas/robotis_ws/install/ros_madplay_player/share/ros_madplay_player/local_setup.dsv
[22.365s] -- Installing: /home/certezas/robotis_ws/install/ros_madplay_player/share/ros_madplay_player/package.dsv
[22.387s] -- Installing: /home/certezas/robotis_ws/install/ros_madplay_player/share/ament_index/resource_index/packages/ros_madplay_player
[22.393s] -- Installing: /home/certezas/robotis_ws/install/ros_madplay_player/share/ros_madplay_player/cmake/ros_madplay_playerConfig.cmake
[22.393s] -- Installing: /home/certezas/robotis_ws/install/ros_madplay_player/share/ros_madplay_player/cmake/ros_madplay_playerConfig-version.cmake
[22.394s] -- Installing: /home/certezas/robotis_ws/install/ros_madplay_player/share/ros_madplay_player/package.xml
[23.020s] Invoked command in '/home/certezas/robotis_ws/build/ros_madplay_player' returned '0': CMAKE_PREFIX_PATH=${CMAKE_PREFIX_PATH}:/opt/ros/humble /usr/bin/cmake --install /home/certezas/robotis_ws/build/ros_madplay_player
