-- Found ament_cmake: 1.3.11 (/opt/ros/humble/share/ament_cmake/cmake)
-- Found ament_index_cpp: 1.4.0 (/opt/ros/humble/share/ament_index_cpp/cmake)
-- Found rclcpp: 16.0.12 (/opt/ros/humble/share/rclcpp/cmake)
-- Found rosidl_generator_c: 3.1.6 (/opt/ros/humble/share/rosidl_generator_c/cmake)
-- Found rosidl_adapter: 3.1.6 (/opt/ros/humble/share/rosidl_adapter/cmake)
-- Found rosidl_generator_cpp: 3.1.6 (/opt/ros/humble/share/rosidl_generator_cpp/cmake)
-- Using all available rosidl_typesupport_c: rosidl_typesupport_fastrtps_c;rosidl_typesupport_introspection_c
-- Using all available rosidl_typesupport_cpp: rosidl_typesupport_fastrtps_cpp;rosidl_typesupport_introspection_cpp
-- Found rmw_implementation_cmake: 6.1.2 (/opt/ros/humble/share/rmw_implementation_cmake/cmake)
-- Found rmw_fastrtps_cpp: 6.2.7 (/opt/ros/humble/share/rmw_fastrtps_cpp/cmake)
-- Using RMW implementation 'rmw_fastrtps_cpp' as default
-- Found op3_camera_setting_tool_msgs: 0.1.0 (/home/certezas/robotis_ws/install/op3_camera_setting_tool_msgs/share/op3_camera_setting_tool_msgs/cmake)
-- Configuring done
-- Generating done
-- Build files have been written to: /home/certezas/robotis_ws/build/op3_camera_setting_tool
[35m[1mConsolidate compiler generated dependencies of target op3_camera_setting_tool[0m
[ 50%] [32mBuilding CXX object CMakeFiles/op3_camera_setting_tool.dir/src/main.cpp.o[0m
[100%] [32m[1mLinking CXX executable op3_camera_setting_tool[0m
[100%] Built target op3_camera_setting_tool
-- Install configuration: ""
-- Installing: /home/certezas/robotis_ws/install/op3_camera_setting_tool/lib/op3_camera_setting_tool/op3_camera_setting_tool
-- Set runtime path of "/home/certezas/robotis_ws/install/op3_camera_setting_tool/lib/op3_camera_setting_tool/op3_camera_setting_tool" to ""
-- Up-to-date: /home/certezas/robotis_ws/install/op3_camera_setting_tool/include/op3_camera_setting_tool
-- Installing: /home/certezas/robotis_ws/install/op3_camera_setting_tool/include/op3_camera_setting_tool/op3_camera_setting_tool.h
-- Installing: /home/certezas/robotis_ws/install/op3_camera_setting_tool/include/op3_camera_setting_tool/camera_params_config.h
-- Up-to-date: /home/certezas/robotis_ws/install/op3_camera_setting_tool/share/op3_camera_setting_tool/config
-- Installing: /home/certezas/robotis_ws/install/op3_camera_setting_tool/share/op3_camera_setting_tool/config/camera_parameter_default.yaml
-- Installing: /home/certezas/robotis_ws/install/op3_camera_setting_tool/share/op3_camera_setting_tool/config/camera_parameter.yaml
-- Up-to-date: /home/certezas/robotis_ws/install/op3_camera_setting_tool/share/op3_camera_setting_tool/launch
-- Installing: /home/certezas/robotis_ws/install/op3_camera_setting_tool/share/op3_camera_setting_tool/launch/op3_camera_setting_tool.launch.xml
-- Installing: /home/certezas/robotis_ws/install/op3_camera_setting_tool/share/ament_index/resource_index/package_run_dependencies/op3_camera_setting_tool
-- Installing: /home/certezas/robotis_ws/install/op3_camera_setting_tool/share/ament_index/resource_index/parent_prefix_path/op3_camera_setting_tool
-- Installing: /home/certezas/robotis_ws/install/op3_camera_setting_tool/share/op3_camera_setting_tool/environment/ament_prefix_path.sh
-- Installing: /home/certezas/robotis_ws/install/op3_camera_setting_tool/share/op3_camera_setting_tool/environment/ament_prefix_path.dsv
-- Installing: /home/certezas/robotis_ws/install/op3_camera_setting_tool/share/op3_camera_setting_tool/environment/path.sh
-- Installing: /home/certezas/robotis_ws/install/op3_camera_setting_tool/share/op3_camera_setting_tool/environment/path.dsv
-- Installing: /home/certezas/robotis_ws/install/op3_camera_setting_tool/share/op3_camera_setting_tool/local_setup.bash
-- Installing: /home/certezas/robotis_ws/install/op3_camera_setting_tool/share/op3_camera_setting_tool/local_setup.sh
-- Installing: /home/certezas/robotis_ws/install/op3_camera_setting_tool/share/op3_camera_setting_tool/local_setup.zsh
-- Installing: /home/certezas/robotis_ws/install/op3_camera_setting_tool/share/op3_camera_setting_tool/local_setup.dsv
-- Installing: /home/certezas/robotis_ws/install/op3_camera_setting_tool/share/op3_camera_setting_tool/package.dsv
-- Installing: /home/certezas/robotis_ws/install/op3_camera_setting_tool/share/ament_index/resource_index/packages/op3_camera_setting_tool
-- Installing: /home/certezas/robotis_ws/install/op3_camera_setting_tool/share/op3_camera_setting_tool/cmake/op3_camera_setting_toolConfig.cmake
-- Installing: /home/certezas/robotis_ws/install/op3_camera_setting_tool/share/op3_camera_setting_tool/cmake/op3_camera_setting_toolConfig-version.cmake
-- Installing: /home/certezas/robotis_ws/install/op3_camera_setting_tool/share/op3_camera_setting_tool/package.xml
