[0.779s] Invoking command in '/home/certezas/robotis_ws/build/dynamixel_sdk': CMAKE_PREFIX_PATH=${CMAKE_PREFIX_PATH}:/opt/ros/humble /usr/bin/cmake --build /home/certezas/robotis_ws/build/dynamixel_sdk -- -j12 -l12
[3.117s] -- Found ament_cmake: 1.3.11 (/opt/ros/humble/share/ament_cmake/cmake)
[6.530s] -- Configuring done
[6.988s] -- Generating done
[6.998s] -- Build files have been written to: /home/certezas/robotis_ws/build/dynamixel_sdk
[7.106s] [35m[1mConsolidate compiler generated dependencies of target dynamixel_sdk[0m
[7.129s] [ 23%] [32mBuilding CXX object CMakeFiles/dynamixel_sdk.dir/src/dynamixel_sdk/group_bulk_read.cpp.o[0m
[7.129s] [ 23%] [32mBuilding CXX object CMakeFiles/dynamixel_sdk.dir/src/dynamixel_sdk/protocol1_packet_handler.cpp.o[0m
[7.130s] [ 23%] [32mBuilding CXX object CMakeFiles/dynamixel_sdk.dir/src/dynamixel_sdk/protocol2_packet_handler.cpp.o[0m
[7.130s] [ 30%] [32mBuilding CXX object CMakeFiles/dynamixel_sdk.dir/src/dynamixel_sdk/group_bulk_write.cpp.o[0m
[7.130s] [ 38%] [32mBuilding CXX object CMakeFiles/dynamixel_sdk.dir/src/dynamixel_sdk/group_sync_write.cpp.o[0m
[7.131s] [ 46%] [32mBuilding CXX object CMakeFiles/dynamixel_sdk.dir/src/dynamixel_sdk/group_sync_read.cpp.o[0m
[7.131s] [ 53%] [32mBuilding CXX object CMakeFiles/dynamixel_sdk.dir/src/dynamixel_sdk/group_fast_bulk_read.cpp.o[0m
[7.131s] [ 61%] [32mBuilding CXX object CMakeFiles/dynamixel_sdk.dir/src/dynamixel_sdk/packet_handler.cpp.o[0m
[7.133s] [ 69%] [32mBuilding CXX object CMakeFiles/dynamixel_sdk.dir/src/dynamixel_sdk/group_fast_sync_read.cpp.o[0m
[7.279s] [ 69%] Built target ament_cmake_python_copy_dynamixel_sdk
[10.631s] [ 76%] [32mBuilding CXX object CMakeFiles/dynamixel_sdk.dir/src/dynamixel_sdk/port_handler_linux.cpp.o[0m
[10.633s] [ 84%] [32mBuilding CXX object CMakeFiles/dynamixel_sdk.dir/src/dynamixel_sdk/port_handler.cpp.o[0m
[10.638s] [ 92%] [32mBuilding CXX object CMakeFiles/dynamixel_sdk.dir/src/dynamixel_sdk/group_handler.cpp.o[0m
[12.572s] [100%] [32m[1mLinking CXX shared library libdynamixel_sdk.so[0m
[12.599s] running egg_info
[12.601s] writing dynamixel_sdk.egg-info/PKG-INFO
[12.601s] writing dependency_links to dynamixel_sdk.egg-info/dependency_links.txt
[12.601s] writing top-level names to dynamixel_sdk.egg-info/top_level.txt
[12.765s] reading manifest file 'dynamixel_sdk.egg-info/SOURCES.txt'
[12.773s] writing manifest file 'dynamixel_sdk.egg-info/SOURCES.txt'
[12.819s] [100%] Built target ament_cmake_python_build_dynamixel_sdk_egg
[16.141s] [100%] Built target dynamixel_sdk
[16.159s] Invoked command in '/home/certezas/robotis_ws/build/dynamixel_sdk' returned '0': CMAKE_PREFIX_PATH=${CMAKE_PREFIX_PATH}:/opt/ros/humble /usr/bin/cmake --build /home/certezas/robotis_ws/build/dynamixel_sdk -- -j12 -l12
[16.255s] Invoking command in '/home/certezas/robotis_ws/build/dynamixel_sdk': CMAKE_PREFIX_PATH=${CMAKE_PREFIX_PATH}:/opt/ros/humble /usr/bin/cmake --install /home/certezas/robotis_ws/build/dynamixel_sdk
[41.807s] -- Install configuration: ""
[41.807s] -- Up-to-date: /home/certezas/robotis_ws/install/dynamixel_sdk/include/
[41.808s] -- Up-to-date: /home/certezas/robotis_ws/install/dynamixel_sdk/include//dynamixel_sdk
[41.809s] -- Installing: /home/certezas/robotis_ws/install/dynamixel_sdk/include//dynamixel_sdk/group_sync_read.h
[41.809s] -- Installing: /home/certezas/robotis_ws/install/dynamixel_sdk/include//dynamixel_sdk/group_fast_sync_read.h
[41.810s] -- Installing: /home/certezas/robotis_ws/install/dynamixel_sdk/include//dynamixel_sdk/group_bulk_write.h
[41.811s] -- Installing: /home/certezas/robotis_ws/install/dynamixel_sdk/include//dynamixel_sdk/group_fast_bulk_read.h
[41.811s] -- Installing: /home/certezas/robotis_ws/install/dynamixel_sdk/include//dynamixel_sdk/group_sync_write.h
[41.811s] -- Installing: /home/certezas/robotis_ws/install/dynamixel_sdk/include//dynamixel_sdk/packet_handler.h
[41.811s] -- Installing: /home/certezas/robotis_ws/install/dynamixel_sdk/include//dynamixel_sdk/dynamixel_sdk.h
[41.811s] -- Installing: /home/certezas/robotis_ws/install/dynamixel_sdk/include//dynamixel_sdk/group_bulk_read.h
[41.811s] -- Installing: /home/certezas/robotis_ws/install/dynamixel_sdk/include//dynamixel_sdk/port_handler_windows.h
[41.811s] -- Installing: /home/certezas/robotis_ws/install/dynamixel_sdk/include//dynamixel_sdk/protocol1_packet_handler.h
[41.811s] -- Installing: /home/certezas/robotis_ws/install/dynamixel_sdk/include//dynamixel_sdk/protocol2_packet_handler.h
[41.811s] -- Installing: /home/certezas/robotis_ws/install/dynamixel_sdk/include//dynamixel_sdk/port_handler_arduino.h
[41.811s] -- Installing: /home/certezas/robotis_ws/install/dynamixel_sdk/include//dynamixel_sdk/port_handler_mac.h
[41.811s] -- Installing: /home/certezas/robotis_ws/install/dynamixel_sdk/include//dynamixel_sdk/port_handler_linux.h
[41.811s] -- Installing: /home/certezas/robotis_ws/install/dynamixel_sdk/include//dynamixel_sdk/group_handler.h
[41.812s] -- Installing: /home/certezas/robotis_ws/install/dynamixel_sdk/include//dynamixel_sdk/port_handler.h
[41.812s] -- Installing: /home/certezas/robotis_ws/install/dynamixel_sdk/lib/libdynamixel_sdk.so
[41.812s] -- Installing: /home/certezas/robotis_ws/install/dynamixel_sdk/share/dynamixel_sdk/environment/pythonpath.sh
[41.812s] -- Installing: /home/certezas/robotis_ws/install/dynamixel_sdk/share/dynamixel_sdk/environment/pythonpath.dsv
[41.812s] -- Up-to-date: /home/certezas/robotis_ws/install/dynamixel_sdk/local/lib/python3.10/dist-packages/dynamixel_sdk-3.8.3-py3.10.egg-info
[41.812s] -- Installing: /home/certezas/robotis_ws/install/dynamixel_sdk/local/lib/python3.10/dist-packages/dynamixel_sdk-3.8.3-py3.10.egg-info/PKG-INFO
[41.812s] -- Installing: /home/certezas/robotis_ws/install/dynamixel_sdk/local/lib/python3.10/dist-packages/dynamixel_sdk-3.8.3-py3.10.egg-info/dependency_links.txt
[41.812s] -- Installing: /home/certezas/robotis_ws/install/dynamixel_sdk/local/lib/python3.10/dist-packages/dynamixel_sdk-3.8.3-py3.10.egg-info/top_level.txt
[41.812s] -- Installing: /home/certezas/robotis_ws/install/dynamixel_sdk/local/lib/python3.10/dist-packages/dynamixel_sdk-3.8.3-py3.10.egg-info/SOURCES.txt
[41.812s] -- Up-to-date: /home/certezas/robotis_ws/install/dynamixel_sdk/local/lib/python3.10/dist-packages/dynamixel_sdk
[41.812s] -- Installing: /home/certezas/robotis_ws/install/dynamixel_sdk/local/lib/python3.10/dist-packages/dynamixel_sdk/group_fast_sync_read.cpp
[41.812s] -- Installing: /home/certezas/robotis_ws/install/dynamixel_sdk/local/lib/python3.10/dist-packages/dynamixel_sdk/robotis_def.py
[41.813s] -- Installing: /home/certezas/robotis_ws/install/dynamixel_sdk/local/lib/python3.10/dist-packages/dynamixel_sdk/port_handler_windows.cpp
[41.813s] -- Installing: /home/certezas/robotis_ws/install/dynamixel_sdk/local/lib/python3.10/dist-packages/dynamixel_sdk/protocol2_packet_handler.cpp
[41.813s] -- Installing: /home/certezas/robotis_ws/install/dynamixel_sdk/local/lib/python3.10/dist-packages/dynamixel_sdk/port_handler_arduino.cpp
[41.813s] -- Installing: /home/certezas/robotis_ws/install/dynamixel_sdk/local/lib/python3.10/dist-packages/dynamixel_sdk/group_bulk_read.cpp
[41.813s] -- Installing: /home/certezas/robotis_ws/install/dynamixel_sdk/local/lib/python3.10/dist-packages/dynamixel_sdk/port_handler.py
[41.813s] -- Installing: /home/certezas/robotis_ws/install/dynamixel_sdk/local/lib/python3.10/dist-packages/dynamixel_sdk/group_sync_write.py
[41.813s] -- Installing: /home/certezas/robotis_ws/install/dynamixel_sdk/local/lib/python3.10/dist-packages/dynamixel_sdk/protocol1_packet_handler.cpp
[41.813s] -- Installing: /home/certezas/robotis_ws/install/dynamixel_sdk/local/lib/python3.10/dist-packages/dynamixel_sdk/port_handler.cpp
[41.813s] -- Installing: /home/certezas/robotis_ws/install/dynamixel_sdk/local/lib/python3.10/dist-packages/dynamixel_sdk/group_bulk_write.py
[41.813s] -- Installing: /home/certezas/robotis_ws/install/dynamixel_sdk/local/lib/python3.10/dist-packages/dynamixel_sdk/__init__.py
[41.813s] -- Installing: /home/certezas/robotis_ws/install/dynamixel_sdk/local/lib/python3.10/dist-packages/dynamixel_sdk/group_handler.cpp
[41.813s] -- Installing: /home/certezas/robotis_ws/install/dynamixel_sdk/local/lib/python3.10/dist-packages/dynamixel_sdk/protocol2_packet_handler.py
[41.814s] -- Installing: /home/certezas/robotis_ws/install/dynamixel_sdk/local/lib/python3.10/dist-packages/dynamixel_sdk/group_sync_read.cpp
[41.814s] -- Installing: /home/certezas/robotis_ws/install/dynamixel_sdk/local/lib/python3.10/dist-packages/dynamixel_sdk/group_bulk_read.py
[41.814s] -- Installing: /home/certezas/robotis_ws/install/dynamixel_sdk/local/lib/python3.10/dist-packages/dynamixel_sdk/group_fast_bulk_read.cpp
[41.814s] -- Installing: /home/certezas/robotis_ws/install/dynamixel_sdk/local/lib/python3.10/dist-packages/dynamixel_sdk/packet_handler.py
[41.815s] -- Installing: /home/certezas/robotis_ws/install/dynamixel_sdk/local/lib/python3.10/dist-packages/dynamixel_sdk/group_sync_write.cpp
[41.815s] -- Installing: /home/certezas/robotis_ws/install/dynamixel_sdk/local/lib/python3.10/dist-packages/dynamixel_sdk/group_sync_read.py
[41.815s] -- Installing: /home/certezas/robotis_ws/install/dynamixel_sdk/local/lib/python3.10/dist-packages/dynamixel_sdk/port_handler_linux.cpp
[41.815s] -- Installing: /home/certezas/robotis_ws/install/dynamixel_sdk/local/lib/python3.10/dist-packages/dynamixel_sdk/packet_handler.cpp
[41.815s] -- Installing: /home/certezas/robotis_ws/install/dynamixel_sdk/local/lib/python3.10/dist-packages/dynamixel_sdk/group_bulk_write.cpp
[41.815s] -- Installing: /home/certezas/robotis_ws/install/dynamixel_sdk/local/lib/python3.10/dist-packages/dynamixel_sdk/port_handler_mac.cpp
[41.815s] -- Installing: /home/certezas/robotis_ws/install/dynamixel_sdk/local/lib/python3.10/dist-packages/dynamixel_sdk/protocol1_packet_handler.py
[41.815s] Listing '/home/certezas/robotis_ws/install/dynamixel_sdk/local/lib/python3.10/dist-packages/dynamixel_sdk'...
[41.815s] Compiling '/home/certezas/robotis_ws/install/dynamixel_sdk/local/lib/python3.10/dist-packages/dynamixel_sdk/__init__.py'...
[41.815s] Compiling '/home/certezas/robotis_ws/install/dynamixel_sdk/local/lib/python3.10/dist-packages/dynamixel_sdk/group_bulk_read.py'...
[41.815s] Compiling '/home/certezas/robotis_ws/install/dynamixel_sdk/local/lib/python3.10/dist-packages/dynamixel_sdk/group_bulk_write.py'...
[41.816s] Compiling '/home/certezas/robotis_ws/install/dynamixel_sdk/local/lib/python3.10/dist-packages/dynamixel_sdk/group_sync_read.py'...
[41.816s] Compiling '/home/certezas/robotis_ws/install/dynamixel_sdk/local/lib/python3.10/dist-packages/dynamixel_sdk/group_sync_write.py'...
[41.816s] Compiling '/home/certezas/robotis_ws/install/dynamixel_sdk/local/lib/python3.10/dist-packages/dynamixel_sdk/packet_handler.py'...
[41.816s] Compiling '/home/certezas/robotis_ws/install/dynamixel_sdk/local/lib/python3.10/dist-packages/dynamixel_sdk/port_handler.py'...
[41.816s] Compiling '/home/certezas/robotis_ws/install/dynamixel_sdk/local/lib/python3.10/dist-packages/dynamixel_sdk/protocol1_packet_handler.py'...
[41.816s] Compiling '/home/certezas/robotis_ws/install/dynamixel_sdk/local/lib/python3.10/dist-packages/dynamixel_sdk/protocol2_packet_handler.py'...
[41.816s] Compiling '/home/certezas/robotis_ws/install/dynamixel_sdk/local/lib/python3.10/dist-packages/dynamixel_sdk/robotis_def.py'...
[41.816s] -- Installing: /home/certezas/robotis_ws/install/dynamixel_sdk/share/dynamixel_sdk/environment/library_path.sh
[41.816s] -- Installing: /home/certezas/robotis_ws/install/dynamixel_sdk/share/dynamixel_sdk/environment/library_path.dsv
[41.816s] -- Installing: /home/certezas/robotis_ws/install/dynamixel_sdk/share/ament_index/resource_index/package_run_dependencies/dynamixel_sdk
[41.816s] -- Installing: /home/certezas/robotis_ws/install/dynamixel_sdk/share/ament_index/resource_index/parent_prefix_path/dynamixel_sdk
[41.816s] -- Installing: /home/certezas/robotis_ws/install/dynamixel_sdk/share/dynamixel_sdk/environment/ament_prefix_path.sh
[41.816s] -- Installing: /home/certezas/robotis_ws/install/dynamixel_sdk/share/dynamixel_sdk/environment/ament_prefix_path.dsv
[41.817s] -- Installing: /home/certezas/robotis_ws/install/dynamixel_sdk/share/dynamixel_sdk/environment/path.sh
[41.817s] -- Installing: /home/certezas/robotis_ws/install/dynamixel_sdk/share/dynamixel_sdk/environment/path.dsv
[41.817s] -- Installing: /home/certezas/robotis_ws/install/dynamixel_sdk/share/dynamixel_sdk/local_setup.bash
[41.817s] -- Installing: /home/certezas/robotis_ws/install/dynamixel_sdk/share/dynamixel_sdk/local_setup.sh
[41.817s] -- Installing: /home/certezas/robotis_ws/install/dynamixel_sdk/share/dynamixel_sdk/local_setup.zsh
[41.817s] -- Installing: /home/certezas/robotis_ws/install/dynamixel_sdk/share/dynamixel_sdk/local_setup.dsv
[41.817s] -- Installing: /home/certezas/robotis_ws/install/dynamixel_sdk/share/dynamixel_sdk/package.dsv
[41.817s] -- Installing: /home/certezas/robotis_ws/install/dynamixel_sdk/share/ament_index/resource_index/packages/dynamixel_sdk
[41.817s] -- Installing: /home/certezas/robotis_ws/install/dynamixel_sdk/share/dynamixel_sdk/cmake/ament_cmake_export_include_directories-extras.cmake
[41.817s] -- Installing: /home/certezas/robotis_ws/install/dynamixel_sdk/share/dynamixel_sdk/cmake/ament_cmake_export_libraries-extras.cmake
[41.817s] -- Installing: /home/certezas/robotis_ws/install/dynamixel_sdk/share/dynamixel_sdk/cmake/dynamixel_sdkConfig.cmake
[41.817s] -- Installing: /home/certezas/robotis_ws/install/dynamixel_sdk/share/dynamixel_sdk/cmake/dynamixel_sdkConfig-version.cmake
[41.818s] -- Installing: /home/certezas/robotis_ws/install/dynamixel_sdk/share/dynamixel_sdk/package.xml
[42.059s] Invoked command in '/home/certezas/robotis_ws/build/dynamixel_sdk' returned '0': CMAKE_PREFIX_PATH=${CMAKE_PREFIX_PATH}:/opt/ros/humble /usr/bin/cmake --install /home/certezas/robotis_ws/build/dynamixel_sdk
