[01m[K/home/certezas/robotis_ws/src/ROBOTIS-OP3/op3_kajita_walking_module/src/kajita_walking_controller.cpp:[m[K In member function ‘[01m[Kvoid KajitaWalkingController::process()[m[K’:
[01m[K/home/certezas/robotis_ws/src/ROBOTIS-OP3/op3_kajita_walking_module/src/kajita_walking_controller.cpp:324:33:[m[K [01;31m[Kerror: [m[Kredeclaration of ‘[01m[KEigen::Matrix4d body_pose[m[K’
  324 |                 Eigen::Matrix4d [01;31m[Kbody_pose[m[K = kinematics_->op3_link_data_[ID_TORSO]->transformation_;
      |                                 [01;31m[K^~~~~~~~~[m[K
[01m[K/home/certezas/robotis_ws/src/ROBOTIS-OP3/op3_kajita_walking_module/src/kajita_walking_controller.cpp:291:33:[m[K [01;36m[Knote: [m[K‘[01m[KEigen::Matrix4d body_pose[m[K’ previously declared here
  291 |                 Eigen::Matrix4d [01;36m[Kbody_pose[m[K = Eigen::Matrix4d::Identity();
      |                                 [01;36m[K^~~~~~~~~[m[K
[01m[K/home/certezas/robotis_ws/src/ROBOTIS-OP3/op3_kajita_walking_module/src/kajita_walking_controller.cpp:396:24:[m[K [01;31m[Kerror: [m[Kredeclaration of ‘[01m[Kdouble ratio[m[K’
  396 |                 double [01;31m[Kratio[m[K = stress_test_phase_elapsed_time_ / lift_duration_sec_;
      |                        [01;31m[K^~~~~[m[K
[01m[K/home/certezas/robotis_ws/src/ROBOTIS-OP3/op3_kajita_walking_module/src/kajita_walking_controller.cpp:391:24:[m[K [01;36m[Knote: [m[K‘[01m[Kdouble ratio[m[K’ previously declared here
  391 |                 double [01;36m[Kratio[m[K = stress_test_phase_elapsed_time_ / lift_duration_sec_;
      |                        [01;36m[K^~~~~[m[K
[01m[K/home/certezas/robotis_ws/src/ROBOTIS-OP3/op3_kajita_walking_module/src/kajita_walking_controller.cpp:399:24:[m[K [01;31m[Kerror: [m[Kredeclaration of ‘[01m[Kdouble altura_pe_levantado[m[K’
  399 |                 double [01;31m[Kaltura_pe_levantado[m[K = 0.03 * ratio; // Levanta até 3 cm
      |                        [01;31m[K^~~~~~~~~~~~~~~~~~~[m[K
[01m[K/home/certezas/robotis_ws/src/ROBOTIS-OP3/op3_kajita_walking_module/src/kajita_walking_controller.cpp:393:24:[m[K [01;36m[Knote: [m[K‘[01m[Kdouble altura_pe_levantado[m[K’ previously declared here
  393 |                 double [01;36m[Kaltura_pe_levantado[m[K = 0.03;
      |                        [01;36m[K^~~~~~~~~~~~~~~~~~~[m[K
[01m[K/home/certezas/robotis_ws/src/ROBOTIS-OP3/op3_kajita_walking_module/src/kajita_walking_controller.cpp:394:24:[m[K [01;35m[Kwarning: [m[Kunused variable ‘[01m[Kcurrent_z_r[m[K’ [[01;35m[K]8;;https://gcc.gnu.org/onlinedocs/gcc/Warning-Options.html#index-Wunused-variable-Wunused-variable]8;;[m[K]
  394 |                 double [01;35m[Kcurrent_z_r[m[K = -z_offset_ + (ratio * altura_pe_levantado);
      |                        [01;35m[K^~~~~~~~~~~[m[K
gmake[2]: *** [CMakeFiles/kajita_walking_node.dir/build.make:90: CMakeFiles/kajita_walking_node.dir/src/kajita_walking_controller.cpp.o] Erro 1
gmake[1]: *** [CMakeFiles/Makefile2:137: CMakeFiles/kajita_walking_node.dir/all] Erro 2
gmake: *** [Makefile:146: all] Erro 2
