[0.977s] Invoking command in '/home/certezas/robotis_ws/build/robotis_device': CMAKE_PREFIX_PATH=/home/certezas/robotis_ws/install/dynamixel_sdk:/home/certezas/robotis_ws/install/op3_action_editor:/home/certezas/robotis_ws/install/ros_mpg321_player:/home/certezas/robotis_ws/install/op3_demo:/home/certezas/robotis_ws/install/ros_madplay_player:/home/certezas/robotis_ws/install/op3_read_write_demo:/home/certezas/robotis_ws/install/op3_bringup:/home/certezas/robotis_ws/install/op3_manager:/home/certezas/robotis_ws/install/open_cr_module:/home/certezas/robotis_ws/install/op3_walking_module:/home/certezas/robotis_ws/install/op3_tuning_module:/home/certezas/robotis_ws/install/op3_online_walking_module:/home/certezas/robotis_ws/install/op3_offset_tuner_server:/home/certezas/robotis_ws/install/op3_localization:/home/certezas/robotis_ws/install/op3_kajita_walking_module:/home/certezas/robotis_ws/install/op3_direct_control_module:/home/certezas/robotis_ws/install/op3_base_module:/home/certezas/robotis_ws/install/op3_kinematics_dynamics:/home/certezas/robotis_ws/install/op3_head_control_module:/home/certezas/robotis_ws/install/op3_balance_control:/home/certezas/robotis_ws/install/robotis_math:/home/certezas/robotis_ws/install/robotis_controller:/home/certezas/robotis_ws/install/op3_action_module:/home/certezas/robotis_ws/install/robotis_framework_common:/home/certezas/robotis_ws/install/robotis_device:/home/certezas/robotis_ws/install/op3_gui_demo:/home/certezas/robotis_ws/install/robotis_controller_msgs:/home/certezas/robotis_ws/install/rf_gz_bridge:/home/certezas/robotis_ws/install/op3_webots_ros2:/home/certezas/robotis_ws/install/op3_web_setting_tool:/home/certezas/robotis_ws/install/op3_walking_module_msgs:/home/certezas/robotis_ws/install/op3_tuner_client:/home/certezas/robotis_ws/install/op3_tuning_module_msgs:/home/certezas/robotis_ws/install/op3_online_walking_module_msgs:/home/certezas/robotis_ws/install/op3_offset_tuner_client:/home/certezas/robotis_ws/install/op3_offset_tuner_msgs:/home/certezas/robotis_ws/install/op3_navigation:/home/certezas/robotis_ws/install/op3_gazebo_ros2:/home/certezas/robotis_ws/install/op3_description:/home/certezas/robotis_ws/install/op3_camera_setting_tool:/home/certezas/robotis_ws/install/op3_camera_setting_tool_msgs:/home/certezas/robotis_ws/install/op3_ball_detector_msgs:/home/certezas/robotis_ws/install/op3_action_module_msgs:/home/certezas/robotis_ws/install/dynamixel_sdk_examples:/home/certezas/robotis_ws/install/dynamixel_sdk_custom_interfaces:/opt/ros/humble LD_LIBRARY_PATH=/home/certezas/robotis_ws/install/dynamixel_sdk/lib:/home/certezas/robotis_ws/install/open_cr_module/lib:/home/certezas/robotis_ws/install/op3_walking_module/lib:/home/certezas/robotis_ws/install/op3_tuning_module/lib:/home/certezas/robotis_ws/install/op3_online_walking_module/lib:/home/certezas/robotis_ws/install/op3_direct_control_module/lib:/home/certezas/robotis_ws/install/op3_base_module/lib:/home/certezas/robotis_ws/install/op3_kinematics_dynamics/lib:/home/certezas/robotis_ws/install/op3_head_control_module/lib:/home/certezas/robotis_ws/install/op3_balance_control/lib:/home/certezas/robotis_ws/install/robotis_math/lib:/home/certezas/robotis_ws/install/robotis_controller/lib:/home/certezas/robotis_ws/install/op3_action_module/lib:/home/certezas/robotis_ws/install/robotis_device/lib:/home/certezas/robotis_ws/install/robotis_controller_msgs/lib:/home/certezas/robotis_ws/install/op3_walking_module_msgs/lib:/home/certezas/robotis_ws/install/op3_tuning_module_msgs/lib:/home/certezas/robotis_ws/install/op3_online_walking_module_msgs/lib:/home/certezas/robotis_ws/install/op3_offset_tuner_msgs/lib:/home/certezas/robotis_ws/install/op3_camera_setting_tool_msgs/lib:/home/certezas/robotis_ws/install/op3_ball_detector_msgs/lib:/home/certezas/robotis_ws/install/op3_action_module_msgs/lib:/home/certezas/robotis_ws/install/dynamixel_sdk_custom_interfaces/lib:/opt/ros/humble/opt/rviz_ogre_vendor/lib:/opt/ros/humble/lib/x86_64-linux-gnu:/opt/ros/humble/lib:/usr/local/webots/lib/controller /usr/bin/cmake --build /home/certezas/robotis_ws/build/robotis_device -- -j12 -l12
[5.867s] -- Found ament_cmake: 1.3.11 (/opt/ros/humble/share/ament_cmake/cmake)
[5.868s] -- Found rclcpp: 16.0.12 (/opt/ros/humble/share/rclcpp/cmake)
[5.868s] -- Found rosidl_generator_c: 3.1.6 (/opt/ros/humble/share/rosidl_generator_c/cmake)
[5.868s] -- Found rosidl_adapter: 3.1.6 (/opt/ros/humble/share/rosidl_adapter/cmake)
[5.868s] -- Found rosidl_generator_cpp: 3.1.6 (/opt/ros/humble/share/rosidl_generator_cpp/cmake)
[5.868s] -- Using all available rosidl_typesupport_c: rosidl_typesupport_fastrtps_c;rosidl_typesupport_introspection_c
[5.868s] -- Using all available rosidl_typesupport_cpp: rosidl_typesupport_fastrtps_cpp;rosidl_typesupport_introspection_cpp
[5.868s] -- Found rmw_implementation_cmake: 6.1.2 (/opt/ros/humble/share/rmw_implementation_cmake/cmake)
[5.868s] -- Found rmw_fastrtps_cpp: 6.2.7 (/opt/ros/humble/share/rmw_fastrtps_cpp/cmake)
[5.868s] -- Using RMW implementation 'rmw_fastrtps_cpp' as default
[5.868s] -- Found dynamixel_sdk: 3.8.3 (/home/certezas/robotis_ws/install/dynamixel_sdk/share/dynamixel_sdk/cmake)
[5.869s] -- Configuring done
[7.263s] -- Generating done
[7.300s] -- Build files have been written to: /home/certezas/robotis_ws/build/robotis_device
[7.569s] [35m[1mConsolidate compiler generated dependencies of target robotis_device[0m
[7.588s] [ 25%] [32mBuilding CXX object CMakeFiles/robotis_device.dir/src/robotis_device/robot.cpp.o[0m
[8.986s] [ 50%] [32mBuilding CXX object CMakeFiles/robotis_device.dir/src/robotis_device/dynamixel.cpp.o[0m
[9.567s] [ 75%] [32mBuilding CXX object CMakeFiles/robotis_device.dir/src/robotis_device/sensor.cpp.o[0m
[10.117s] [100%] [32m[1mLinking CXX shared library librobotis_device.so[0m
[15.966s] [100%] Built target robotis_device
[16.593s] Invoked command in '/home/certezas/robotis_ws/build/robotis_device' returned '0': CMAKE_PREFIX_PATH=/home/certezas/robotis_ws/install/dynamixel_sdk:/home/certezas/robotis_ws/install/op3_action_editor:/home/certezas/robotis_ws/install/ros_mpg321_player:/home/certezas/robotis_ws/install/op3_demo:/home/certezas/robotis_ws/install/ros_madplay_player:/home/certezas/robotis_ws/install/op3_read_write_demo:/home/certezas/robotis_ws/install/op3_bringup:/home/certezas/robotis_ws/install/op3_manager:/home/certezas/robotis_ws/install/open_cr_module:/home/certezas/robotis_ws/install/op3_walking_module:/home/certezas/robotis_ws/install/op3_tuning_module:/home/certezas/robotis_ws/install/op3_online_walking_module:/home/certezas/robotis_ws/install/op3_offset_tuner_server:/home/certezas/robotis_ws/install/op3_localization:/home/certezas/robotis_ws/install/op3_kajita_walking_module:/home/certezas/robotis_ws/install/op3_direct_control_module:/home/certezas/robotis_ws/install/op3_base_module:/home/certezas/robotis_ws/install/op3_kinematics_dynamics:/home/certezas/robotis_ws/install/op3_head_control_module:/home/certezas/robotis_ws/install/op3_balance_control:/home/certezas/robotis_ws/install/robotis_math:/home/certezas/robotis_ws/install/robotis_controller:/home/certezas/robotis_ws/install/op3_action_module:/home/certezas/robotis_ws/install/robotis_framework_common:/home/certezas/robotis_ws/install/robotis_device:/home/certezas/robotis_ws/install/op3_gui_demo:/home/certezas/robotis_ws/install/robotis_controller_msgs:/home/certezas/robotis_ws/install/rf_gz_bridge:/home/certezas/robotis_ws/install/op3_webots_ros2:/home/certezas/robotis_ws/install/op3_web_setting_tool:/home/certezas/robotis_ws/install/op3_walking_module_msgs:/home/certezas/robotis_ws/install/op3_tuner_client:/home/certezas/robotis_ws/install/op3_tuning_module_msgs:/home/certezas/robotis_ws/install/op3_online_walking_module_msgs:/home/certezas/robotis_ws/install/op3_offset_tuner_client:/home/certezas/robotis_ws/install/op3_offset_tuner_msgs:/home/certezas/robotis_ws/install/op3_navigation:/home/certezas/robotis_ws/install/op3_gazebo_ros2:/home/certezas/robotis_ws/install/op3_description:/home/certezas/robotis_ws/install/op3_camera_setting_tool:/home/certezas/robotis_ws/install/op3_camera_setting_tool_msgs:/home/certezas/robotis_ws/install/op3_ball_detector_msgs:/home/certezas/robotis_ws/install/op3_action_module_msgs:/home/certezas/robotis_ws/install/dynamixel_sdk_examples:/home/certezas/robotis_ws/install/dynamixel_sdk_custom_interfaces:/opt/ros/humble LD_LIBRARY_PATH=/home/certezas/robotis_ws/install/dynamixel_sdk/lib:/home/certezas/robotis_ws/install/open_cr_module/lib:/home/certezas/robotis_ws/install/op3_walking_module/lib:/home/certezas/robotis_ws/install/op3_tuning_module/lib:/home/certezas/robotis_ws/install/op3_online_walking_module/lib:/home/certezas/robotis_ws/install/op3_direct_control_module/lib:/home/certezas/robotis_ws/install/op3_base_module/lib:/home/certezas/robotis_ws/install/op3_kinematics_dynamics/lib:/home/certezas/robotis_ws/install/op3_head_control_module/lib:/home/certezas/robotis_ws/install/op3_balance_control/lib:/home/certezas/robotis_ws/install/robotis_math/lib:/home/certezas/robotis_ws/install/robotis_controller/lib:/home/certezas/robotis_ws/install/op3_action_module/lib:/home/certezas/robotis_ws/install/robotis_device/lib:/home/certezas/robotis_ws/install/robotis_controller_msgs/lib:/home/certezas/robotis_ws/install/op3_walking_module_msgs/lib:/home/certezas/robotis_ws/install/op3_tuning_module_msgs/lib:/home/certezas/robotis_ws/install/op3_online_walking_module_msgs/lib:/home/certezas/robotis_ws/install/op3_offset_tuner_msgs/lib:/home/certezas/robotis_ws/install/op3_camera_setting_tool_msgs/lib:/home/certezas/robotis_ws/install/op3_ball_detector_msgs/lib:/home/certezas/robotis_ws/install/op3_action_module_msgs/lib:/home/certezas/robotis_ws/install/dynamixel_sdk_custom_interfaces/lib:/opt/ros/humble/opt/rviz_ogre_vendor/lib:/opt/ros/humble/lib/x86_64-linux-gnu:/opt/ros/humble/lib:/usr/local/webots/lib/controller /usr/bin/cmake --build /home/certezas/robotis_ws/build/robotis_device -- -j12 -l12
[16.606s] Invoking command in '/home/certezas/robotis_ws/build/robotis_device': CMAKE_PREFIX_PATH=/home/certezas/robotis_ws/install/dynamixel_sdk:/home/certezas/robotis_ws/install/op3_action_editor:/home/certezas/robotis_ws/install/ros_mpg321_player:/home/certezas/robotis_ws/install/op3_demo:/home/certezas/robotis_ws/install/ros_madplay_player:/home/certezas/robotis_ws/install/op3_read_write_demo:/home/certezas/robotis_ws/install/op3_bringup:/home/certezas/robotis_ws/install/op3_manager:/home/certezas/robotis_ws/install/open_cr_module:/home/certezas/robotis_ws/install/op3_walking_module:/home/certezas/robotis_ws/install/op3_tuning_module:/home/certezas/robotis_ws/install/op3_online_walking_module:/home/certezas/robotis_ws/install/op3_offset_tuner_server:/home/certezas/robotis_ws/install/op3_localization:/home/certezas/robotis_ws/install/op3_kajita_walking_module:/home/certezas/robotis_ws/install/op3_direct_control_module:/home/certezas/robotis_ws/install/op3_base_module:/home/certezas/robotis_ws/install/op3_kinematics_dynamics:/home/certezas/robotis_ws/install/op3_head_control_module:/home/certezas/robotis_ws/install/op3_balance_control:/home/certezas/robotis_ws/install/robotis_math:/home/certezas/robotis_ws/install/robotis_controller:/home/certezas/robotis_ws/install/op3_action_module:/home/certezas/robotis_ws/install/robotis_framework_common:/home/certezas/robotis_ws/install/robotis_device:/home/certezas/robotis_ws/install/op3_gui_demo:/home/certezas/robotis_ws/install/robotis_controller_msgs:/home/certezas/robotis_ws/install/rf_gz_bridge:/home/certezas/robotis_ws/install/op3_webots_ros2:/home/certezas/robotis_ws/install/op3_web_setting_tool:/home/certezas/robotis_ws/install/op3_walking_module_msgs:/home/certezas/robotis_ws/install/op3_tuner_client:/home/certezas/robotis_ws/install/op3_tuning_module_msgs:/home/certezas/robotis_ws/install/op3_online_walking_module_msgs:/home/certezas/robotis_ws/install/op3_offset_tuner_client:/home/certezas/robotis_ws/install/op3_offset_tuner_msgs:/home/certezas/robotis_ws/install/op3_navigation:/home/certezas/robotis_ws/install/op3_gazebo_ros2:/home/certezas/robotis_ws/install/op3_description:/home/certezas/robotis_ws/install/op3_camera_setting_tool:/home/certezas/robotis_ws/install/op3_camera_setting_tool_msgs:/home/certezas/robotis_ws/install/op3_ball_detector_msgs:/home/certezas/robotis_ws/install/op3_action_module_msgs:/home/certezas/robotis_ws/install/dynamixel_sdk_examples:/home/certezas/robotis_ws/install/dynamixel_sdk_custom_interfaces:/opt/ros/humble LD_LIBRARY_PATH=/home/certezas/robotis_ws/install/dynamixel_sdk/lib:/home/certezas/robotis_ws/install/open_cr_module/lib:/home/certezas/robotis_ws/install/op3_walking_module/lib:/home/certezas/robotis_ws/install/op3_tuning_module/lib:/home/certezas/robotis_ws/install/op3_online_walking_module/lib:/home/certezas/robotis_ws/install/op3_direct_control_module/lib:/home/certezas/robotis_ws/install/op3_base_module/lib:/home/certezas/robotis_ws/install/op3_kinematics_dynamics/lib:/home/certezas/robotis_ws/install/op3_head_control_module/lib:/home/certezas/robotis_ws/install/op3_balance_control/lib:/home/certezas/robotis_ws/install/robotis_math/lib:/home/certezas/robotis_ws/install/robotis_controller/lib:/home/certezas/robotis_ws/install/op3_action_module/lib:/home/certezas/robotis_ws/install/robotis_device/lib:/home/certezas/robotis_ws/install/robotis_controller_msgs/lib:/home/certezas/robotis_ws/install/op3_walking_module_msgs/lib:/home/certezas/robotis_ws/install/op3_tuning_module_msgs/lib:/home/certezas/robotis_ws/install/op3_online_walking_module_msgs/lib:/home/certezas/robotis_ws/install/op3_offset_tuner_msgs/lib:/home/certezas/robotis_ws/install/op3_camera_setting_tool_msgs/lib:/home/certezas/robotis_ws/install/op3_ball_detector_msgs/lib:/home/certezas/robotis_ws/install/op3_action_module_msgs/lib:/home/certezas/robotis_ws/install/dynamixel_sdk_custom_interfaces/lib:/opt/ros/humble/opt/rviz_ogre_vendor/lib:/opt/ros/humble/lib/x86_64-linux-gnu:/opt/ros/humble/lib:/usr/local/webots/lib/controller /usr/bin/cmake --install /home/certezas/robotis_ws/build/robotis_device
[18.810s] -- Install configuration: ""
[18.810s] -- Installing: /home/certezas/robotis_ws/install/robotis_device/lib/librobotis_device.so
[18.810s] -- Set runtime path of "/home/certezas/robotis_ws/install/robotis_device/lib/librobotis_device.so" to ""
[18.810s] -- Up-to-date: /home/certezas/robotis_ws/install/robotis_device/include/robotis_device
[18.811s] -- Installing: /home/certezas/robotis_ws/install/robotis_device/include/robotis_device/time_stamp.h
[18.811s] -- Installing: /home/certezas/robotis_ws/install/robotis_device/include/robotis_device/dynamixel.h
[18.811s] -- Installing: /home/certezas/robotis_ws/install/robotis_device/include/robotis_device/control_table_item.h
[18.811s] -- Installing: /home/certezas/robotis_ws/install/robotis_device/include/robotis_device/device.h
[18.811s] -- Installing: /home/certezas/robotis_ws/install/robotis_device/include/robotis_device/sensor.h
[18.811s] -- Installing: /home/certezas/robotis_ws/install/robotis_device/include/robotis_device/dynamixel_state.h
[18.811s] -- Installing: /home/certezas/robotis_ws/install/robotis_device/include/robotis_device/sensor_state.h
[18.811s] -- Installing: /home/certezas/robotis_ws/install/robotis_device/include/robotis_device/robot.h
[18.811s] -- Up-to-date: /home/certezas/robotis_ws/install/robotis_device/share/robotis_device/devices
[18.811s] -- Up-to-date: /home/certezas/robotis_ws/install/robotis_device/share/robotis_device/devices/dynamixel
[18.812s] -- Installing: /home/certezas/robotis_ws/install/robotis_device/share/robotis_device/devices/dynamixel/H54-200-B500-R.device
[18.812s] -- Installing: /home/certezas/robotis_ws/install/robotis_device/share/robotis_device/devices/dynamixel/XM430-W350.device
[18.812s] -- Installing: /home/certezas/robotis_ws/install/robotis_device/share/robotis_device/devices/dynamixel/H42P-020-S300-R.device
[18.812s] -- Installing: /home/certezas/robotis_ws/install/robotis_device/share/robotis_device/devices/dynamixel/H54P-100-S500-R.device
[18.812s] -- Installing: /home/certezas/robotis_ws/install/robotis_device/share/robotis_device/devices/dynamixel/L54-30-S500-R.device
[18.812s] -- Installing: /home/certezas/robotis_ws/install/robotis_device/share/robotis_device/devices/dynamixel/H54-200-S500-R.device
[18.815s] -- Installing: /home/certezas/robotis_ws/install/robotis_device/share/robotis_device/devices/dynamixel/H42-20-S300-R.device
[18.816s] -- Installing: /home/certezas/robotis_ws/install/robotis_device/share/robotis_device/devices/dynamixel/H54-100-S500-R(A).device
[18.816s] -- Installing: /home/certezas/robotis_ws/install/robotis_device/share/robotis_device/devices/dynamixel/H54-100-B210-R-NR.device
[18.816s] -- Installing: /home/certezas/robotis_ws/install/robotis_device/share/robotis_device/devices/dynamixel/MX-28.device
[18.816s] -- Installing: /home/certezas/robotis_ws/install/robotis_device/share/robotis_device/devices/dynamixel/H54P-200-S500-R.device
[18.816s] -- Installing: /home/certezas/robotis_ws/install/robotis_device/share/robotis_device/devices/dynamixel/L54-30-S400-R.device
[18.816s] -- Installing: /home/certezas/robotis_ws/install/robotis_device/share/robotis_device/devices/dynamixel/GRIPPER.device
[18.816s] -- Installing: /home/certezas/robotis_ws/install/robotis_device/share/robotis_device/devices/dynamixel/PH54-200-S500-R.device
[18.816s] -- Installing: /home/certezas/robotis_ws/install/robotis_device/share/robotis_device/devices/dynamixel/MX-64.device
[18.816s] -- Installing: /home/certezas/robotis_ws/install/robotis_device/share/robotis_device/devices/dynamixel/PH42-020-S300-R.device
[18.817s] -- Installing: /home/certezas/robotis_ws/install/robotis_device/share/robotis_device/devices/dynamixel/XM540-W270.device
[18.817s] -- Installing: /home/certezas/robotis_ws/install/robotis_device/share/robotis_device/devices/dynamixel/PH54-100-S500-R.device
[18.817s] -- Installing: /home/certezas/robotis_ws/install/robotis_device/share/robotis_device/devices/dynamixel/M42-10-S260-R.device
[18.817s] -- Installing: /home/certezas/robotis_ws/install/robotis_device/share/robotis_device/devices/dynamixel/H54P-200-B500-R.device
[18.817s] -- Installing: /home/certezas/robotis_ws/install/robotis_device/share/robotis_device/devices/dynamixel/M54-60-S250-R.device
[18.817s] -- Installing: /home/certezas/robotis_ws/install/robotis_device/share/robotis_device/devices/dynamixel/XM540-W150.device
[18.817s] -- Installing: /home/certezas/robotis_ws/install/robotis_device/share/robotis_device/devices/dynamixel/H42-20-S300-R(A).device
[18.817s] -- Installing: /home/certezas/robotis_ws/install/robotis_device/share/robotis_device/devices/dynamixel/L54-50-S290-R.device
[18.817s] -- Installing: /home/certezas/robotis_ws/install/robotis_device/share/robotis_device/devices/dynamixel/XM-430.device
[18.818s] -- Installing: /home/certezas/robotis_ws/install/robotis_device/share/robotis_device/devices/dynamixel/MX-106.device
[18.818s] -- Installing: /home/certezas/robotis_ws/install/robotis_device/share/robotis_device/devices/dynamixel/GRIPPER_TORQUE.device
[18.818s] -- Installing: /home/certezas/robotis_ws/install/robotis_device/share/robotis_device/devices/dynamixel/RH-P12-RN(A).device
[18.818s] -- Installing: /home/certezas/robotis_ws/install/robotis_device/share/robotis_device/devices/dynamixel/L54-50-S500-R.device
[18.818s] -- Installing: /home/certezas/robotis_ws/install/robotis_device/share/robotis_device/devices/dynamixel/RH-P12-RN.device
[18.818s] -- Installing: /home/certezas/robotis_ws/install/robotis_device/share/robotis_device/devices/dynamixel/XM430-W210.device
[18.818s] -- Installing: /home/certezas/robotis_ws/install/robotis_device/share/robotis_device/devices/dynamixel/L42-10-S300-R.device
[18.818s] -- Installing: /home/certezas/robotis_ws/install/robotis_device/share/robotis_device/devices/dynamixel/H54-200-S500-R(A).device
[18.819s] -- Installing: /home/certezas/robotis_ws/install/robotis_device/share/robotis_device/devices/dynamixel/H54-100-S500-R.device
[18.819s] -- Installing: /home/certezas/robotis_ws/install/robotis_device/share/robotis_device/devices/dynamixel/M54-40-S250-R.device
[18.819s] -- Up-to-date: /home/certezas/robotis_ws/install/robotis_device/share/robotis_device/devices/sensor
[18.819s] -- Installing: /home/certezas/robotis_ws/install/robotis_device/share/robotis_device/devices/sensor/OPEN-CR.device
[18.819s] -- Installing: /home/certezas/robotis_ws/install/robotis_device/share/robotis_device/devices/sensor/CM-740.device
[18.819s] -- Installing: /home/certezas/robotis_ws/install/robotis_device/share/robotis_device/environment/library_path.sh
[18.819s] -- Installing: /home/certezas/robotis_ws/install/robotis_device/share/robotis_device/environment/library_path.dsv
[18.819s] -- Installing: /home/certezas/robotis_ws/install/robotis_device/share/ament_index/resource_index/package_run_dependencies/robotis_device
[18.819s] -- Installing: /home/certezas/robotis_ws/install/robotis_device/share/ament_index/resource_index/parent_prefix_path/robotis_device
[18.819s] -- Installing: /home/certezas/robotis_ws/install/robotis_device/share/robotis_device/environment/ament_prefix_path.sh
[18.820s] -- Installing: /home/certezas/robotis_ws/install/robotis_device/share/robotis_device/environment/ament_prefix_path.dsv
[18.820s] -- Installing: /home/certezas/robotis_ws/install/robotis_device/share/robotis_device/environment/path.sh
[18.820s] -- Installing: /home/certezas/robotis_ws/install/robotis_device/share/robotis_device/environment/path.dsv
[18.820s] -- Installing: /home/certezas/robotis_ws/install/robotis_device/share/robotis_device/local_setup.bash
[18.820s] -- Installing: /home/certezas/robotis_ws/install/robotis_device/share/robotis_device/local_setup.sh
[18.820s] -- Installing: /home/certezas/robotis_ws/install/robotis_device/share/robotis_device/local_setup.zsh
[18.821s] -- Installing: /home/certezas/robotis_ws/install/robotis_device/share/robotis_device/local_setup.dsv
[18.823s] -- Installing: /home/certezas/robotis_ws/install/robotis_device/share/robotis_device/package.dsv
[18.824s] -- Installing: /home/certezas/robotis_ws/install/robotis_device/share/ament_index/resource_index/packages/robotis_device
[18.824s] -- Installing: /home/certezas/robotis_ws/install/robotis_device/share/robotis_device/cmake/ament_cmake_export_include_directories-extras.cmake
[18.824s] -- Installing: /home/certezas/robotis_ws/install/robotis_device/share/robotis_device/cmake/ament_cmake_export_libraries-extras.cmake
[18.824s] -- Installing: /home/certezas/robotis_ws/install/robotis_device/share/robotis_device/cmake/ament_cmake_export_dependencies-extras.cmake
[18.824s] -- Installing: /home/certezas/robotis_ws/install/robotis_device/share/robotis_device/cmake/robotis_deviceConfig.cmake
[18.824s] -- Installing: /home/certezas/robotis_ws/install/robotis_device/share/robotis_device/cmake/robotis_deviceConfig-version.cmake
[18.824s] -- Installing: /home/certezas/robotis_ws/install/robotis_device/share/robotis_device/package.xml
[19.699s] Invoked command in '/home/certezas/robotis_ws/build/robotis_device' returned '0': CMAKE_PREFIX_PATH=/home/certezas/robotis_ws/install/dynamixel_sdk:/home/certezas/robotis_ws/install/op3_action_editor:/home/certezas/robotis_ws/install/ros_mpg321_player:/home/certezas/robotis_ws/install/op3_demo:/home/certezas/robotis_ws/install/ros_madplay_player:/home/certezas/robotis_ws/install/op3_read_write_demo:/home/certezas/robotis_ws/install/op3_bringup:/home/certezas/robotis_ws/install/op3_manager:/home/certezas/robotis_ws/install/open_cr_module:/home/certezas/robotis_ws/install/op3_walking_module:/home/certezas/robotis_ws/install/op3_tuning_module:/home/certezas/robotis_ws/install/op3_online_walking_module:/home/certezas/robotis_ws/install/op3_offset_tuner_server:/home/certezas/robotis_ws/install/op3_localization:/home/certezas/robotis_ws/install/op3_kajita_walking_module:/home/certezas/robotis_ws/install/op3_direct_control_module:/home/certezas/robotis_ws/install/op3_base_module:/home/certezas/robotis_ws/install/op3_kinematics_dynamics:/home/certezas/robotis_ws/install/op3_head_control_module:/home/certezas/robotis_ws/install/op3_balance_control:/home/certezas/robotis_ws/install/robotis_math:/home/certezas/robotis_ws/install/robotis_controller:/home/certezas/robotis_ws/install/op3_action_module:/home/certezas/robotis_ws/install/robotis_framework_common:/home/certezas/robotis_ws/install/robotis_device:/home/certezas/robotis_ws/install/op3_gui_demo:/home/certezas/robotis_ws/install/robotis_controller_msgs:/home/certezas/robotis_ws/install/rf_gz_bridge:/home/certezas/robotis_ws/install/op3_webots_ros2:/home/certezas/robotis_ws/install/op3_web_setting_tool:/home/certezas/robotis_ws/install/op3_walking_module_msgs:/home/certezas/robotis_ws/install/op3_tuner_client:/home/certezas/robotis_ws/install/op3_tuning_module_msgs:/home/certezas/robotis_ws/install/op3_online_walking_module_msgs:/home/certezas/robotis_ws/install/op3_offset_tuner_client:/home/certezas/robotis_ws/install/op3_offset_tuner_msgs:/home/certezas/robotis_ws/install/op3_navigation:/home/certezas/robotis_ws/install/op3_gazebo_ros2:/home/certezas/robotis_ws/install/op3_description:/home/certezas/robotis_ws/install/op3_camera_setting_tool:/home/certezas/robotis_ws/install/op3_camera_setting_tool_msgs:/home/certezas/robotis_ws/install/op3_ball_detector_msgs:/home/certezas/robotis_ws/install/op3_action_module_msgs:/home/certezas/robotis_ws/install/dynamixel_sdk_examples:/home/certezas/robotis_ws/install/dynamixel_sdk_custom_interfaces:/opt/ros/humble LD_LIBRARY_PATH=/home/certezas/robotis_ws/install/dynamixel_sdk/lib:/home/certezas/robotis_ws/install/open_cr_module/lib:/home/certezas/robotis_ws/install/op3_walking_module/lib:/home/certezas/robotis_ws/install/op3_tuning_module/lib:/home/certezas/robotis_ws/install/op3_online_walking_module/lib:/home/certezas/robotis_ws/install/op3_direct_control_module/lib:/home/certezas/robotis_ws/install/op3_base_module/lib:/home/certezas/robotis_ws/install/op3_kinematics_dynamics/lib:/home/certezas/robotis_ws/install/op3_head_control_module/lib:/home/certezas/robotis_ws/install/op3_balance_control/lib:/home/certezas/robotis_ws/install/robotis_math/lib:/home/certezas/robotis_ws/install/robotis_controller/lib:/home/certezas/robotis_ws/install/op3_action_module/lib:/home/certezas/robotis_ws/install/robotis_device/lib:/home/certezas/robotis_ws/install/robotis_controller_msgs/lib:/home/certezas/robotis_ws/install/op3_walking_module_msgs/lib:/home/certezas/robotis_ws/install/op3_tuning_module_msgs/lib:/home/certezas/robotis_ws/install/op3_online_walking_module_msgs/lib:/home/certezas/robotis_ws/install/op3_offset_tuner_msgs/lib:/home/certezas/robotis_ws/install/op3_camera_setting_tool_msgs/lib:/home/certezas/robotis_ws/install/op3_ball_detector_msgs/lib:/home/certezas/robotis_ws/install/op3_action_module_msgs/lib:/home/certezas/robotis_ws/install/dynamixel_sdk_custom_interfaces/lib:/opt/ros/humble/opt/rviz_ogre_vendor/lib:/opt/ros/humble/lib/x86_64-linux-gnu:/opt/ros/humble/lib:/usr/local/webots/lib/controller /usr/bin/cmake --install /home/certezas/robotis_ws/build/robotis_device
