-- Found ament_cmake: 1.3.11 (/opt/ros/humble/share/ament_cmake/cmake)
-- Found ament_index_cpp: 1.4.0 (/opt/ros/humble/share/ament_index_cpp/cmake)
-- Found rclcpp: 16.0.12 (/opt/ros/humble/share/rclcpp/cmake)
-- Found rosidl_generator_c: 3.1.6 (/opt/ros/humble/share/rosidl_generator_c/cmake)
-- Found rosidl_adapter: 3.1.6 (/opt/ros/humble/share/rosidl_adapter/cmake)
-- Found rosidl_generator_cpp: 3.1.6 (/opt/ros/humble/share/rosidl_generator_cpp/cmake)
-- Using all available rosidl_typesupport_c: rosidl_typesupport_fastrtps_c;rosidl_typesupport_introspection_c
-- Using all available rosidl_typesupport_cpp: rosidl_typesupport_fastrtps_cpp;rosidl_typesupport_introspection_cpp
-- Found rmw_implementation_cmake: 6.1.2 (/opt/ros/humble/share/rmw_implementation_cmake/cmake)
-- Found rmw_fastrtps_cpp: 6.2.7 (/opt/ros/humble/share/rmw_fastrtps_cpp/cmake)
-- Using RMW implementation 'rmw_fastrtps_cpp' as default
-- Found op3_offset_tuner_msgs: 0.1.1 (/home/certezas/robotis_ws/install/op3_offset_tuner_msgs/share/op3_offset_tuner_msgs/cmake)
-- Found dynamixel_sdk: 3.8.3 (/home/certezas/robotis_ws/install/dynamixel_sdk/share/dynamixel_sdk/cmake)
-- Found robotis_controller: 0.2.9 (/home/certezas/robotis_ws/install/robotis_controller/share/robotis_controller/cmake)
-- Found robotis_math: 0.2.6 (/home/certezas/robotis_ws/install/robotis_math/share/robotis_math/cmake)
-- Found op3_base_module: 0.2.1 (/home/certezas/robotis_ws/install/op3_base_module/share/op3_base_module/cmake)
-- Configuring done
-- Generating done
-- Build files have been written to: /home/certezas/robotis_ws/build/op3_offset_tuner_server
[35m[1mConsolidate compiler generated dependencies of target offset_tuner_server_node[0m
[ 33%] [32mBuilding CXX object CMakeFiles/offset_tuner_server_node.dir/src/op3_offset_tuner_server.cpp.o[0m
[ 66%] [32mBuilding CXX object CMakeFiles/offset_tuner_server_node.dir/src/main.cpp.o[0m
[100%] [32m[1mLinking CXX executable offset_tuner_server_node[0m
[100%] Built target offset_tuner_server_node
-- Install configuration: ""
-- Installing: /home/certezas/robotis_ws/install/op3_offset_tuner_server/lib/op3_offset_tuner_server/offset_tuner_server_node
-- Set runtime path of "/home/certezas/robotis_ws/install/op3_offset_tuner_server/lib/op3_offset_tuner_server/offset_tuner_server_node" to ""
-- Up-to-date: /home/certezas/robotis_ws/install/op3_offset_tuner_server/include/op3_offset_tuner_server
-- Installing: /home/certezas/robotis_ws/install/op3_offset_tuner_server/include/op3_offset_tuner_server/op3_offset_tuner_server.h
-- Up-to-date: /home/certezas/robotis_ws/install/op3_offset_tuner_server/share/op3_offset_tuner_server/launch/launch
-- Installing: /home/certezas/robotis_ws/install/op3_offset_tuner_server/share/op3_offset_tuner_server/launch/launch/op3_offset_tuner_server.launch.xml
-- Installing: /home/certezas/robotis_ws/install/op3_offset_tuner_server/share/ament_index/resource_index/package_run_dependencies/op3_offset_tuner_server
-- Installing: /home/certezas/robotis_ws/install/op3_offset_tuner_server/share/ament_index/resource_index/parent_prefix_path/op3_offset_tuner_server
-- Installing: /home/certezas/robotis_ws/install/op3_offset_tuner_server/share/op3_offset_tuner_server/environment/ament_prefix_path.sh
-- Installing: /home/certezas/robotis_ws/install/op3_offset_tuner_server/share/op3_offset_tuner_server/environment/ament_prefix_path.dsv
-- Installing: /home/certezas/robotis_ws/install/op3_offset_tuner_server/share/op3_offset_tuner_server/environment/path.sh
-- Installing: /home/certezas/robotis_ws/install/op3_offset_tuner_server/share/op3_offset_tuner_server/environment/path.dsv
-- Installing: /home/certezas/robotis_ws/install/op3_offset_tuner_server/share/op3_offset_tuner_server/local_setup.bash
-- Installing: /home/certezas/robotis_ws/install/op3_offset_tuner_server/share/op3_offset_tuner_server/local_setup.sh
-- Installing: /home/certezas/robotis_ws/install/op3_offset_tuner_server/share/op3_offset_tuner_server/local_setup.zsh
-- Installing: /home/certezas/robotis_ws/install/op3_offset_tuner_server/share/op3_offset_tuner_server/local_setup.dsv
-- Installing: /home/certezas/robotis_ws/install/op3_offset_tuner_server/share/op3_offset_tuner_server/package.dsv
-- Installing: /home/certezas/robotis_ws/install/op3_offset_tuner_server/share/ament_index/resource_index/packages/op3_offset_tuner_server
-- Installing: /home/certezas/robotis_ws/install/op3_offset_tuner_server/share/op3_offset_tuner_server/cmake/op3_offset_tuner_serverConfig.cmake
-- Installing: /home/certezas/robotis_ws/install/op3_offset_tuner_server/share/op3_offset_tuner_server/cmake/op3_offset_tuner_serverConfig-version.cmake
-- Installing: /home/certezas/robotis_ws/install/op3_offset_tuner_server/share/op3_offset_tuner_server/package.xml
