[1.532s] Invoking command in '/home/certezas/robotis_ws/build/op3_walking_module_msgs': CMAKE_PREFIX_PATH=${CMAKE_PREFIX_PATH}:/opt/ros/humble /usr/bin/cmake --build /home/certezas/robotis_ws/build/op3_walking_module_msgs -- -j12 -l12
[2.815s] -- Found ament_cmake: 1.3.11 (/opt/ros/humble/share/ament_cmake/cmake)
[4.729s] -- Found rosidl_default_generators: 1.2.0 (/opt/ros/humble/share/rosidl_default_generators/cmake)
[5.038s] -- Using all available rosidl_typesupport_c: rosidl_typesupport_fastrtps_c;rosidl_typesupport_introspection_c
[5.939s] -- Found rosidl_adapter: 3.1.6 (/opt/ros/humble/share/rosidl_adapter/cmake)
[7.125s] -- Using all available rosidl_typesupport_cpp: rosidl_typesupport_fastrtps_cpp;rosidl_typesupport_introspection_cpp
[7.332s] -- Found std_msgs: 4.8.0 (/opt/ros/humble/share/std_msgs/cmake)
[8.796s] -- Found ament_cmake_ros: 0.10.0 (/opt/ros/humble/share/ament_cmake_ros/cmake)
[10.133s] -- Using all available rosidl_typesupport_c: rosidl_typesupport_fastrtps_c;rosidl_typesupport_introspection_c
[11.984s] -- Using all available rosidl_typesupport_cpp: rosidl_typesupport_fastrtps_cpp;rosidl_typesupport_introspection_cpp
[12.177s] -- Found python_cmake_module: 0.10.0 (/opt/ros/humble/share/python_cmake_module/cmake)
[12.382s] -- Using PYTHON_EXECUTABLE: /usr/bin/python3
[12.382s] -- Using PYTHON_INCLUDE_DIRS: /usr/include/python3.10
[12.382s] -- Using PYTHON_LIBRARIES: /usr/lib/x86_64-linux-gnu/libpython3.10.so
[13.849s] -- Configuring done
[25.880s] -- Generating done
[26.388s] -- Build files have been written to: /home/certezas/robotis_ws/build/op3_walking_module_msgs
[27.050s] [  2%] Built target op3_walking_module_msgs__cpp
[28.190s] [  2%] Built target ament_cmake_python_copy_op3_walking_module_msgs
[28.530s] [35m[1mConsolidate compiler generated dependencies of target op3_walking_module_msgs__rosidl_typesupport_introspection_cpp[0m
[28.556s] [  4%] [32mBuilding CXX object CMakeFiles/op3_walking_module_msgs__rosidl_typesupport_introspection_cpp.dir/rosidl_typesupport_introspection_cpp/op3_walking_module_msgs/msg/detail/walking_param__type_support.cpp.o[0m
[29.367s] [  6%] [32mBuilding CXX object CMakeFiles/op3_walking_module_msgs__rosidl_typesupport_introspection_cpp.dir/rosidl_typesupport_introspection_cpp/op3_walking_module_msgs/srv/detail/set_walking_param__type_support.cpp.o[0m
[30.270s] [  8%] [32mBuilding CXX object CMakeFiles/op3_walking_module_msgs__rosidl_typesupport_introspection_cpp.dir/rosidl_typesupport_introspection_cpp/op3_walking_module_msgs/srv/detail/get_walking_param__type_support.cpp.o[0m
[31.147s] [ 10%] [32m[1mLinking CXX shared library libop3_walking_module_msgs__rosidl_typesupport_introspection_cpp.so[0m
[31.311s] [ 12%] Built target op3_walking_module_msgs__rosidl_typesupport_introspection_cpp
[32.456s] running egg_info
[32.457s] writing op3_walking_module_msgs.egg-info/PKG-INFO
[32.458s] writing dependency_links to op3_walking_module_msgs.egg-info/dependency_links.txt
[32.458s] writing top-level names to op3_walking_module_msgs.egg-info/top_level.txt
[32.463s] reading manifest file 'op3_walking_module_msgs.egg-info/SOURCES.txt'
[32.951s] writing manifest file 'op3_walking_module_msgs.egg-info/SOURCES.txt'
[33.018s] [ 12%] Built target ament_cmake_python_build_op3_walking_module_msgs_egg
[33.264s] [35m[1mConsolidate compiler generated dependencies of target op3_walking_module_msgs__rosidl_typesupport_fastrtps_cpp[0m
[33.313s] [ 14%] [32mBuilding CXX object CMakeFiles/op3_walking_module_msgs__rosidl_typesupport_fastrtps_cpp.dir/rosidl_typesupport_fastrtps_cpp/op3_walking_module_msgs/msg/detail/dds_fastrtps/walking_param__type_support.cpp.o[0m
[34.234s] [ 17%] [32mBuilding CXX object CMakeFiles/op3_walking_module_msgs__rosidl_typesupport_fastrtps_cpp.dir/rosidl_typesupport_fastrtps_cpp/op3_walking_module_msgs/srv/detail/dds_fastrtps/set_walking_param__type_support.cpp.o[0m
[35.287s] [ 19%] [32mBuilding CXX object CMakeFiles/op3_walking_module_msgs__rosidl_typesupport_fastrtps_cpp.dir/rosidl_typesupport_fastrtps_cpp/op3_walking_module_msgs/srv/detail/dds_fastrtps/get_walking_param__type_support.cpp.o[0m
[36.348s] [ 21%] [32m[1mLinking CXX shared library libop3_walking_module_msgs__rosidl_typesupport_fastrtps_cpp.so[0m
[36.563s] [ 23%] Built target op3_walking_module_msgs__rosidl_typesupport_fastrtps_cpp
[36.728s] [35m[1mConsolidate compiler generated dependencies of target op3_walking_module_msgs__rosidl_typesupport_cpp[0m
[36.761s] [ 25%] [32mBuilding CXX object CMakeFiles/op3_walking_module_msgs__rosidl_typesupport_cpp.dir/rosidl_typesupport_cpp/op3_walking_module_msgs/msg/walking_param__type_support.cpp.o[0m
[37.378s] [ 27%] [32mBuilding CXX object CMakeFiles/op3_walking_module_msgs__rosidl_typesupport_cpp.dir/rosidl_typesupport_cpp/op3_walking_module_msgs/srv/set_walking_param__type_support.cpp.o[0m
[38.010s] [ 29%] [32mBuilding CXX object CMakeFiles/op3_walking_module_msgs__rosidl_typesupport_cpp.dir/rosidl_typesupport_cpp/op3_walking_module_msgs/srv/get_walking_param__type_support.cpp.o[0m
[38.624s] [ 31%] [32m[1mLinking CXX shared library libop3_walking_module_msgs__rosidl_typesupport_cpp.so[0m
[38.731s] [ 34%] Built target op3_walking_module_msgs__rosidl_typesupport_cpp
[39.884s] [35m[1mConsolidate compiler generated dependencies of target op3_walking_module_msgs__rosidl_generator_c[0m
[39.907s] [ 36%] [32mBuilding C object CMakeFiles/op3_walking_module_msgs__rosidl_generator_c.dir/rosidl_generator_c/op3_walking_module_msgs/msg/detail/walking_param__functions.c.o[0m
[40.200s] [ 38%] [32mBuilding C object CMakeFiles/op3_walking_module_msgs__rosidl_generator_c.dir/rosidl_generator_c/op3_walking_module_msgs/srv/detail/set_walking_param__functions.c.o[0m
[40.347s] [ 40%] [32mBuilding C object CMakeFiles/op3_walking_module_msgs__rosidl_generator_c.dir/rosidl_generator_c/op3_walking_module_msgs/srv/detail/get_walking_param__functions.c.o[0m
[40.491s] [ 42%] [32m[1mLinking C shared library libop3_walking_module_msgs__rosidl_generator_c.so[0m
[40.669s] [ 44%] Built target op3_walking_module_msgs__rosidl_generator_c
[41.422s] [35m[1mConsolidate compiler generated dependencies of target op3_walking_module_msgs__rosidl_typesupport_fastrtps_c[0m
[41.529s] [ 46%] [32mBuilding CXX object CMakeFiles/op3_walking_module_msgs__rosidl_typesupport_fastrtps_c.dir/rosidl_typesupport_fastrtps_c/op3_walking_module_msgs/msg/detail/walking_param__type_support_c.cpp.o[0m
[42.312s] [ 48%] [32mBuilding CXX object CMakeFiles/op3_walking_module_msgs__rosidl_typesupport_fastrtps_c.dir/rosidl_typesupport_fastrtps_c/op3_walking_module_msgs/srv/detail/set_walking_param__type_support_c.cpp.o[0m
[43.328s] [ 51%] [32mBuilding CXX object CMakeFiles/op3_walking_module_msgs__rosidl_typesupport_fastrtps_c.dir/rosidl_typesupport_fastrtps_c/op3_walking_module_msgs/srv/detail/get_walking_param__type_support_c.cpp.o[0m
[43.993s] [ 53%] [32m[1mLinking CXX shared library libop3_walking_module_msgs__rosidl_typesupport_fastrtps_c.so[0m
[44.183s] [ 55%] Built target op3_walking_module_msgs__rosidl_typesupport_fastrtps_c
[44.739s] [35m[1mConsolidate compiler generated dependencies of target op3_walking_module_msgs__rosidl_typesupport_c[0m
[44.758s] [ 57%] [32mBuilding CXX object CMakeFiles/op3_walking_module_msgs__rosidl_typesupport_c.dir/rosidl_typesupport_c/op3_walking_module_msgs/msg/walking_param__type_support.cpp.o[0m
[45.563s] [ 59%] [32mBuilding CXX object CMakeFiles/op3_walking_module_msgs__rosidl_typesupport_c.dir/rosidl_typesupport_c/op3_walking_module_msgs/srv/set_walking_param__type_support.cpp.o[0m
[45.872s] [ 61%] [32mBuilding CXX object CMakeFiles/op3_walking_module_msgs__rosidl_typesupport_c.dir/rosidl_typesupport_c/op3_walking_module_msgs/srv/get_walking_param__type_support.cpp.o[0m
[45.994s] [ 63%] [32m[1mLinking CXX shared library libop3_walking_module_msgs__rosidl_typesupport_c.so[0m
[46.247s] [ 65%] Built target op3_walking_module_msgs__rosidl_typesupport_c
[46.717s] [35m[1mConsolidate compiler generated dependencies of target op3_walking_module_msgs__rosidl_typesupport_introspection_c[0m
[46.790s] [ 68%] [32mBuilding C object CMakeFiles/op3_walking_module_msgs__rosidl_typesupport_introspection_c.dir/rosidl_typesupport_introspection_c/op3_walking_module_msgs/msg/detail/walking_param__type_support.c.o[0m
[47.020s] [ 70%] [32mBuilding C object CMakeFiles/op3_walking_module_msgs__rosidl_typesupport_introspection_c.dir/rosidl_typesupport_introspection_c/op3_walking_module_msgs/srv/detail/set_walking_param__type_support.c.o[0m
[47.841s] [ 72%] [32mBuilding C object CMakeFiles/op3_walking_module_msgs__rosidl_typesupport_introspection_c.dir/rosidl_typesupport_introspection_c/op3_walking_module_msgs/srv/detail/get_walking_param__type_support.c.o[0m
[48.078s] [ 74%] [32m[1mLinking C shared library libop3_walking_module_msgs__rosidl_typesupport_introspection_c.so[0m
[48.315s] [ 76%] Built target op3_walking_module_msgs__rosidl_typesupport_introspection_c
[48.435s] [ 76%] Built target op3_walking_module_msgs
[48.538s] [ 78%] Built target op3_walking_module_msgs__py
[48.806s] [35m[1mConsolidate compiler generated dependencies of target op3_walking_module_msgs__rosidl_generator_py[0m
[48.849s] [ 80%] [32mBuilding C object CMakeFiles/op3_walking_module_msgs__rosidl_generator_py.dir/rosidl_generator_py/op3_walking_module_msgs/msg/_walking_param_s.c.o[0m
[49.362s] [ 82%] [32mBuilding C object CMakeFiles/op3_walking_module_msgs__rosidl_generator_py.dir/rosidl_generator_py/op3_walking_module_msgs/srv/_set_walking_param_s.c.o[0m
[49.611s] [ 85%] [32mBuilding C object CMakeFiles/op3_walking_module_msgs__rosidl_generator_py.dir/rosidl_generator_py/op3_walking_module_msgs/srv/_get_walking_param_s.c.o[0m
[49.826s] [ 87%] [32m[1mLinking C shared library rosidl_generator_py/op3_walking_module_msgs/libop3_walking_module_msgs__rosidl_generator_py.so[0m
[49.920s] [ 87%] Built target op3_walking_module_msgs__rosidl_generator_py
[49.999s] [35m[1mConsolidate compiler generated dependencies of target op3_walking_module_msgs__rosidl_typesupport_fastrtps_c__pyext[0m
[50.020s] [ 89%] [32mBuilding C object CMakeFiles/op3_walking_module_msgs__rosidl_typesupport_fastrtps_c__pyext.dir/rosidl_generator_py/op3_walking_module_msgs/_op3_walking_module_msgs_s.ep.rosidl_typesupport_fastrtps_c.c.o[0m
[50.204s] [ 91%] [32m[1mLinking C shared library rosidl_generator_py/op3_walking_module_msgs/op3_walking_module_msgs_s__rosidl_typesupport_fastrtps_c.cpython-310-x86_64-linux-gnu.so[0m
[50.250s] [ 91%] Built target op3_walking_module_msgs__rosidl_typesupport_fastrtps_c__pyext
[50.973s] [35m[1mConsolidate compiler generated dependencies of target op3_walking_module_msgs__rosidl_typesupport_c__pyext[0m
[50.988s] [ 93%] [32mBuilding C object CMakeFiles/op3_walking_module_msgs__rosidl_typesupport_c__pyext.dir/rosidl_generator_py/op3_walking_module_msgs/_op3_walking_module_msgs_s.ep.rosidl_typesupport_c.c.o[0m
[51.192s] [ 95%] [32m[1mLinking C shared library rosidl_generator_py/op3_walking_module_msgs/op3_walking_module_msgs_s__rosidl_typesupport_c.cpython-310-x86_64-linux-gnu.so[0m
[51.253s] [ 95%] Built target op3_walking_module_msgs__rosidl_typesupport_c__pyext
[51.406s] [35m[1mConsolidate compiler generated dependencies of target op3_walking_module_msgs__rosidl_typesupport_introspection_c__pyext[0m
[51.423s] [ 97%] [32mBuilding C object CMakeFiles/op3_walking_module_msgs__rosidl_typesupport_introspection_c__pyext.dir/rosidl_generator_py/op3_walking_module_msgs/_op3_walking_module_msgs_s.ep.rosidl_typesupport_introspection_c.c.o[0m
[51.557s] [100%] [32m[1mLinking C shared library rosidl_generator_py/op3_walking_module_msgs/op3_walking_module_msgs_s__rosidl_typesupport_introspection_c.cpython-310-x86_64-linux-gnu.so[0m
[51.616s] [100%] Built target op3_walking_module_msgs__rosidl_typesupport_introspection_c__pyext
[51.638s] Invoked command in '/home/certezas/robotis_ws/build/op3_walking_module_msgs' returned '0': CMAKE_PREFIX_PATH=${CMAKE_PREFIX_PATH}:/opt/ros/humble /usr/bin/cmake --build /home/certezas/robotis_ws/build/op3_walking_module_msgs -- -j12 -l12
[51.640s] Invoking command in '/home/certezas/robotis_ws/build/op3_walking_module_msgs': CMAKE_PREFIX_PATH=${CMAKE_PREFIX_PATH}:/opt/ros/humble /usr/bin/cmake --install /home/certezas/robotis_ws/build/op3_walking_module_msgs
[55.916s] -- Install configuration: ""
[55.916s] -- Installing: /home/certezas/robotis_ws/install/op3_walking_module_msgs/share/ament_index/resource_index/rosidl_interfaces/op3_walking_module_msgs
[55.916s] -- Up-to-date: /home/certezas/robotis_ws/install/op3_walking_module_msgs/include/op3_walking_module_msgs/op3_walking_module_msgs
[55.916s] -- Up-to-date: /home/certezas/robotis_ws/install/op3_walking_module_msgs/include/op3_walking_module_msgs/op3_walking_module_msgs/srv
[55.916s] -- Installing: /home/certezas/robotis_ws/install/op3_walking_module_msgs/include/op3_walking_module_msgs/op3_walking_module_msgs/srv/get_walking_param.h
[55.916s] -- Installing: /home/certezas/robotis_ws/install/op3_walking_module_msgs/include/op3_walking_module_msgs/op3_walking_module_msgs/srv/set_walking_param.h
[55.916s] -- Up-to-date: /home/certezas/robotis_ws/install/op3_walking_module_msgs/include/op3_walking_module_msgs/op3_walking_module_msgs/srv/detail
[55.918s] -- Installing: /home/certezas/robotis_ws/install/op3_walking_module_msgs/include/op3_walking_module_msgs/op3_walking_module_msgs/srv/detail/get_walking_param__type_support.h
[55.918s] -- Installing: /home/certezas/robotis_ws/install/op3_walking_module_msgs/include/op3_walking_module_msgs/op3_walking_module_msgs/srv/detail/set_walking_param__type_support.h
[55.919s] -- Installing: /home/certezas/robotis_ws/install/op3_walking_module_msgs/include/op3_walking_module_msgs/op3_walking_module_msgs/srv/detail/set_walking_param__functions.c
[55.919s] -- Installing: /home/certezas/robotis_ws/install/op3_walking_module_msgs/include/op3_walking_module_msgs/op3_walking_module_msgs/srv/detail/set_walking_param__functions.h
[55.919s] -- Installing: /home/certezas/robotis_ws/install/op3_walking_module_msgs/include/op3_walking_module_msgs/op3_walking_module_msgs/srv/detail/set_walking_param__struct.h
[55.919s] -- Installing: /home/certezas/robotis_ws/install/op3_walking_module_msgs/include/op3_walking_module_msgs/op3_walking_module_msgs/srv/detail/get_walking_param__functions.c
[55.919s] -- Installing: /home/certezas/robotis_ws/install/op3_walking_module_msgs/include/op3_walking_module_msgs/op3_walking_module_msgs/srv/detail/get_walking_param__struct.h
[55.920s] -- Installing: /home/certezas/robotis_ws/install/op3_walking_module_msgs/include/op3_walking_module_msgs/op3_walking_module_msgs/srv/detail/get_walking_param__functions.h
[55.920s] -- Up-to-date: /home/certezas/robotis_ws/install/op3_walking_module_msgs/include/op3_walking_module_msgs/op3_walking_module_msgs/msg
[55.920s] -- Installing: /home/certezas/robotis_ws/install/op3_walking_module_msgs/include/op3_walking_module_msgs/op3_walking_module_msgs/msg/rosidl_generator_c__visibility_control.h
[55.920s] -- Installing: /home/certezas/robotis_ws/install/op3_walking_module_msgs/include/op3_walking_module_msgs/op3_walking_module_msgs/msg/walking_param.h
[55.920s] -- Up-to-date: /home/certezas/robotis_ws/install/op3_walking_module_msgs/include/op3_walking_module_msgs/op3_walking_module_msgs/msg/detail
[55.920s] -- Installing: /home/certezas/robotis_ws/install/op3_walking_module_msgs/include/op3_walking_module_msgs/op3_walking_module_msgs/msg/detail/walking_param__struct.h
[55.920s] -- Installing: /home/certezas/robotis_ws/install/op3_walking_module_msgs/include/op3_walking_module_msgs/op3_walking_module_msgs/msg/detail/walking_param__functions.h
[55.920s] -- Installing: /home/certezas/robotis_ws/install/op3_walking_module_msgs/include/op3_walking_module_msgs/op3_walking_module_msgs/msg/detail/walking_param__functions.c
[55.920s] -- Installing: /home/certezas/robotis_ws/install/op3_walking_module_msgs/include/op3_walking_module_msgs/op3_walking_module_msgs/msg/detail/walking_param__type_support.h
[55.921s] -- Installing: /home/certezas/robotis_ws/install/op3_walking_module_msgs/share/op3_walking_module_msgs/environment/library_path.sh
[55.921s] -- Installing: /home/certezas/robotis_ws/install/op3_walking_module_msgs/share/op3_walking_module_msgs/environment/library_path.dsv
[55.921s] -- Installing: /home/certezas/robotis_ws/install/op3_walking_module_msgs/lib/libop3_walking_module_msgs__rosidl_generator_c.so
[55.921s] -- Set runtime path of "/home/certezas/robotis_ws/install/op3_walking_module_msgs/lib/libop3_walking_module_msgs__rosidl_generator_c.so" to ""
[55.921s] -- Up-to-date: /home/certezas/robotis_ws/install/op3_walking_module_msgs/include/op3_walking_module_msgs/op3_walking_module_msgs
[55.921s] -- Up-to-date: /home/certezas/robotis_ws/install/op3_walking_module_msgs/include/op3_walking_module_msgs/op3_walking_module_msgs/srv
[55.921s] -- Up-to-date: /home/certezas/robotis_ws/install/op3_walking_module_msgs/include/op3_walking_module_msgs/op3_walking_module_msgs/srv/detail
[55.921s] -- Installing: /home/certezas/robotis_ws/install/op3_walking_module_msgs/include/op3_walking_module_msgs/op3_walking_module_msgs/srv/detail/get_walking_param__rosidl_typesupport_fastrtps_c.h
[55.921s] -- Installing: /home/certezas/robotis_ws/install/op3_walking_module_msgs/include/op3_walking_module_msgs/op3_walking_module_msgs/srv/detail/set_walking_param__rosidl_typesupport_fastrtps_c.h
[55.921s] -- Up-to-date: /home/certezas/robotis_ws/install/op3_walking_module_msgs/include/op3_walking_module_msgs/op3_walking_module_msgs/msg
[55.922s] -- Up-to-date: /home/certezas/robotis_ws/install/op3_walking_module_msgs/include/op3_walking_module_msgs/op3_walking_module_msgs/msg/detail
[55.922s] -- Installing: /home/certezas/robotis_ws/install/op3_walking_module_msgs/include/op3_walking_module_msgs/op3_walking_module_msgs/msg/detail/walking_param__rosidl_typesupport_fastrtps_c.h
[55.922s] -- Installing: /home/certezas/robotis_ws/install/op3_walking_module_msgs/include/op3_walking_module_msgs/op3_walking_module_msgs/msg/rosidl_typesupport_fastrtps_c__visibility_control.h
[55.922s] -- Installing: /home/certezas/robotis_ws/install/op3_walking_module_msgs/lib/libop3_walking_module_msgs__rosidl_typesupport_fastrtps_c.so
[55.922s] -- Set runtime path of "/home/certezas/robotis_ws/install/op3_walking_module_msgs/lib/libop3_walking_module_msgs__rosidl_typesupport_fastrtps_c.so" to ""
[55.922s] -- Up-to-date: /home/certezas/robotis_ws/install/op3_walking_module_msgs/include/op3_walking_module_msgs/op3_walking_module_msgs
[55.922s] -- Up-to-date: /home/certezas/robotis_ws/install/op3_walking_module_msgs/include/op3_walking_module_msgs/op3_walking_module_msgs/srv
[55.922s] -- Up-to-date: /home/certezas/robotis_ws/install/op3_walking_module_msgs/include/op3_walking_module_msgs/op3_walking_module_msgs/srv/detail
[55.922s] -- Installing: /home/certezas/robotis_ws/install/op3_walking_module_msgs/include/op3_walking_module_msgs/op3_walking_module_msgs/srv/detail/get_walking_param__rosidl_typesupport_introspection_c.h
[55.922s] -- Installing: /home/certezas/robotis_ws/install/op3_walking_module_msgs/include/op3_walking_module_msgs/op3_walking_module_msgs/srv/detail/set_walking_param__rosidl_typesupport_introspection_c.h
[55.922s] -- Installing: /home/certezas/robotis_ws/install/op3_walking_module_msgs/include/op3_walking_module_msgs/op3_walking_module_msgs/srv/detail/get_walking_param__type_support.c
[55.923s] -- Installing: /home/certezas/robotis_ws/install/op3_walking_module_msgs/include/op3_walking_module_msgs/op3_walking_module_msgs/srv/detail/set_walking_param__type_support.c
[55.923s] -- Up-to-date: /home/certezas/robotis_ws/install/op3_walking_module_msgs/include/op3_walking_module_msgs/op3_walking_module_msgs/msg
[55.923s] -- Installing: /home/certezas/robotis_ws/install/op3_walking_module_msgs/include/op3_walking_module_msgs/op3_walking_module_msgs/msg/rosidl_typesupport_introspection_c__visibility_control.h
[55.923s] -- Up-to-date: /home/certezas/robotis_ws/install/op3_walking_module_msgs/include/op3_walking_module_msgs/op3_walking_module_msgs/msg/detail
[55.923s] -- Installing: /home/certezas/robotis_ws/install/op3_walking_module_msgs/include/op3_walking_module_msgs/op3_walking_module_msgs/msg/detail/walking_param__type_support.c
[55.923s] -- Installing: /home/certezas/robotis_ws/install/op3_walking_module_msgs/include/op3_walking_module_msgs/op3_walking_module_msgs/msg/detail/walking_param__rosidl_typesupport_introspection_c.h
[55.923s] -- Installing: /home/certezas/robotis_ws/install/op3_walking_module_msgs/lib/libop3_walking_module_msgs__rosidl_typesupport_introspection_c.so
[55.923s] -- Set runtime path of "/home/certezas/robotis_ws/install/op3_walking_module_msgs/lib/libop3_walking_module_msgs__rosidl_typesupport_introspection_c.so" to ""
[55.923s] -- Installing: /home/certezas/robotis_ws/install/op3_walking_module_msgs/lib/libop3_walking_module_msgs__rosidl_typesupport_c.so
[55.925s] -- Set runtime path of "/home/certezas/robotis_ws/install/op3_walking_module_msgs/lib/libop3_walking_module_msgs__rosidl_typesupport_c.so" to ""
[55.925s] -- Up-to-date: /home/certezas/robotis_ws/install/op3_walking_module_msgs/include/op3_walking_module_msgs/op3_walking_module_msgs
[55.925s] -- Up-to-date: /home/certezas/robotis_ws/install/op3_walking_module_msgs/include/op3_walking_module_msgs/op3_walking_module_msgs/srv
[55.925s] -- Installing: /home/certezas/robotis_ws/install/op3_walking_module_msgs/include/op3_walking_module_msgs/op3_walking_module_msgs/srv/get_walking_param.hpp
[55.925s] -- Installing: /home/certezas/robotis_ws/install/op3_walking_module_msgs/include/op3_walking_module_msgs/op3_walking_module_msgs/srv/set_walking_param.hpp
[55.925s] -- Up-to-date: /home/certezas/robotis_ws/install/op3_walking_module_msgs/include/op3_walking_module_msgs/op3_walking_module_msgs/srv/detail
[55.925s] -- Installing: /home/certezas/robotis_ws/install/op3_walking_module_msgs/include/op3_walking_module_msgs/op3_walking_module_msgs/srv/detail/get_walking_param__struct.hpp
[55.925s] -- Installing: /home/certezas/robotis_ws/install/op3_walking_module_msgs/include/op3_walking_module_msgs/op3_walking_module_msgs/srv/detail/set_walking_param__traits.hpp
[55.926s] -- Installing: /home/certezas/robotis_ws/install/op3_walking_module_msgs/include/op3_walking_module_msgs/op3_walking_module_msgs/srv/detail/set_walking_param__type_support.hpp
[55.926s] -- Installing: /home/certezas/robotis_ws/install/op3_walking_module_msgs/include/op3_walking_module_msgs/op3_walking_module_msgs/srv/detail/get_walking_param__builder.hpp
[55.926s] -- Installing: /home/certezas/robotis_ws/install/op3_walking_module_msgs/include/op3_walking_module_msgs/op3_walking_module_msgs/srv/detail/get_walking_param__type_support.hpp
[55.926s] -- Installing: /home/certezas/robotis_ws/install/op3_walking_module_msgs/include/op3_walking_module_msgs/op3_walking_module_msgs/srv/detail/set_walking_param__builder.hpp
[55.926s] -- Installing: /home/certezas/robotis_ws/install/op3_walking_module_msgs/include/op3_walking_module_msgs/op3_walking_module_msgs/srv/detail/get_walking_param__traits.hpp
[55.926s] -- Installing: /home/certezas/robotis_ws/install/op3_walking_module_msgs/include/op3_walking_module_msgs/op3_walking_module_msgs/srv/detail/set_walking_param__struct.hpp
[55.926s] -- Up-to-date: /home/certezas/robotis_ws/install/op3_walking_module_msgs/include/op3_walking_module_msgs/op3_walking_module_msgs/msg
[55.926s] -- Installing: /home/certezas/robotis_ws/install/op3_walking_module_msgs/include/op3_walking_module_msgs/op3_walking_module_msgs/msg/walking_param.hpp
[55.926s] -- Installing: /home/certezas/robotis_ws/install/op3_walking_module_msgs/include/op3_walking_module_msgs/op3_walking_module_msgs/msg/rosidl_generator_cpp__visibility_control.hpp
[55.926s] -- Up-to-date: /home/certezas/robotis_ws/install/op3_walking_module_msgs/include/op3_walking_module_msgs/op3_walking_module_msgs/msg/detail
[55.926s] -- Installing: /home/certezas/robotis_ws/install/op3_walking_module_msgs/include/op3_walking_module_msgs/op3_walking_module_msgs/msg/detail/walking_param__struct.hpp
[55.927s] -- Installing: /home/certezas/robotis_ws/install/op3_walking_module_msgs/include/op3_walking_module_msgs/op3_walking_module_msgs/msg/detail/walking_param__traits.hpp
[55.927s] -- Installing: /home/certezas/robotis_ws/install/op3_walking_module_msgs/include/op3_walking_module_msgs/op3_walking_module_msgs/msg/detail/walking_param__builder.hpp
[55.927s] -- Installing: /home/certezas/robotis_ws/install/op3_walking_module_msgs/include/op3_walking_module_msgs/op3_walking_module_msgs/msg/detail/walking_param__type_support.hpp
[55.927s] -- Up-to-date: /home/certezas/robotis_ws/install/op3_walking_module_msgs/include/op3_walking_module_msgs/op3_walking_module_msgs
[55.927s] -- Up-to-date: /home/certezas/robotis_ws/install/op3_walking_module_msgs/include/op3_walking_module_msgs/op3_walking_module_msgs/srv
[55.927s] -- Up-to-date: /home/certezas/robotis_ws/install/op3_walking_module_msgs/include/op3_walking_module_msgs/op3_walking_module_msgs/srv/detail
[55.927s] -- Up-to-date: /home/certezas/robotis_ws/install/op3_walking_module_msgs/include/op3_walking_module_msgs/op3_walking_module_msgs/srv/detail/dds_fastrtps
[55.927s] -- Installing: /home/certezas/robotis_ws/install/op3_walking_module_msgs/include/op3_walking_module_msgs/op3_walking_module_msgs/srv/detail/set_walking_param__rosidl_typesupport_fastrtps_cpp.hpp
[55.927s] -- Installing: /home/certezas/robotis_ws/install/op3_walking_module_msgs/include/op3_walking_module_msgs/op3_walking_module_msgs/srv/detail/get_walking_param__rosidl_typesupport_fastrtps_cpp.hpp
[55.927s] -- Up-to-date: /home/certezas/robotis_ws/install/op3_walking_module_msgs/include/op3_walking_module_msgs/op3_walking_module_msgs/msg
[55.928s] -- Installing: /home/certezas/robotis_ws/install/op3_walking_module_msgs/include/op3_walking_module_msgs/op3_walking_module_msgs/msg/rosidl_typesupport_fastrtps_cpp__visibility_control.h
[55.928s] -- Up-to-date: /home/certezas/robotis_ws/install/op3_walking_module_msgs/include/op3_walking_module_msgs/op3_walking_module_msgs/msg/detail
[55.928s] -- Up-to-date: /home/certezas/robotis_ws/install/op3_walking_module_msgs/include/op3_walking_module_msgs/op3_walking_module_msgs/msg/detail/dds_fastrtps
[55.928s] -- Installing: /home/certezas/robotis_ws/install/op3_walking_module_msgs/include/op3_walking_module_msgs/op3_walking_module_msgs/msg/detail/walking_param__rosidl_typesupport_fastrtps_cpp.hpp
[55.928s] -- Installing: /home/certezas/robotis_ws/install/op3_walking_module_msgs/lib/libop3_walking_module_msgs__rosidl_typesupport_fastrtps_cpp.so
[55.928s] -- Set runtime path of "/home/certezas/robotis_ws/install/op3_walking_module_msgs/lib/libop3_walking_module_msgs__rosidl_typesupport_fastrtps_cpp.so" to ""
[55.928s] -- Up-to-date: /home/certezas/robotis_ws/install/op3_walking_module_msgs/include/op3_walking_module_msgs/op3_walking_module_msgs
[55.928s] -- Up-to-date: /home/certezas/robotis_ws/install/op3_walking_module_msgs/include/op3_walking_module_msgs/op3_walking_module_msgs/srv
[55.928s] -- Up-to-date: /home/certezas/robotis_ws/install/op3_walking_module_msgs/include/op3_walking_module_msgs/op3_walking_module_msgs/srv/detail
[55.928s] -- Installing: /home/certezas/robotis_ws/install/op3_walking_module_msgs/include/op3_walking_module_msgs/op3_walking_module_msgs/srv/detail/set_walking_param__rosidl_typesupport_introspection_cpp.hpp
[55.928s] -- Installing: /home/certezas/robotis_ws/install/op3_walking_module_msgs/include/op3_walking_module_msgs/op3_walking_module_msgs/srv/detail/get_walking_param__type_support.cpp
[55.929s] -- Installing: /home/certezas/robotis_ws/install/op3_walking_module_msgs/include/op3_walking_module_msgs/op3_walking_module_msgs/srv/detail/get_walking_param__rosidl_typesupport_introspection_cpp.hpp
[55.929s] -- Installing: /home/certezas/robotis_ws/install/op3_walking_module_msgs/include/op3_walking_module_msgs/op3_walking_module_msgs/srv/detail/set_walking_param__type_support.cpp
[55.929s] -- Up-to-date: /home/certezas/robotis_ws/install/op3_walking_module_msgs/include/op3_walking_module_msgs/op3_walking_module_msgs/msg
[55.929s] -- Up-to-date: /home/certezas/robotis_ws/install/op3_walking_module_msgs/include/op3_walking_module_msgs/op3_walking_module_msgs/msg/detail
[55.929s] -- Installing: /home/certezas/robotis_ws/install/op3_walking_module_msgs/include/op3_walking_module_msgs/op3_walking_module_msgs/msg/detail/walking_param__rosidl_typesupport_introspection_cpp.hpp
[55.929s] -- Installing: /home/certezas/robotis_ws/install/op3_walking_module_msgs/include/op3_walking_module_msgs/op3_walking_module_msgs/msg/detail/walking_param__type_support.cpp
[55.929s] -- Installing: /home/certezas/robotis_ws/install/op3_walking_module_msgs/lib/libop3_walking_module_msgs__rosidl_typesupport_introspection_cpp.so
[55.929s] -- Set runtime path of "/home/certezas/robotis_ws/install/op3_walking_module_msgs/lib/libop3_walking_module_msgs__rosidl_typesupport_introspection_cpp.so" to ""
[55.929s] -- Installing: /home/certezas/robotis_ws/install/op3_walking_module_msgs/lib/libop3_walking_module_msgs__rosidl_typesupport_cpp.so
[55.929s] -- Set runtime path of "/home/certezas/robotis_ws/install/op3_walking_module_msgs/lib/libop3_walking_module_msgs__rosidl_typesupport_cpp.so" to ""
[55.929s] -- Installing: /home/certezas/robotis_ws/install/op3_walking_module_msgs/share/op3_walking_module_msgs/environment/pythonpath.sh
[55.930s] -- Installing: /home/certezas/robotis_ws/install/op3_walking_module_msgs/share/op3_walking_module_msgs/environment/pythonpath.dsv
[55.930s] -- Up-to-date: /home/certezas/robotis_ws/install/op3_walking_module_msgs/local/lib/python3.10/dist-packages/op3_walking_module_msgs-0.1.1-py3.10.egg-info
[55.930s] -- Installing: /home/certezas/robotis_ws/install/op3_walking_module_msgs/local/lib/python3.10/dist-packages/op3_walking_module_msgs-0.1.1-py3.10.egg-info/PKG-INFO
[55.930s] -- Installing: /home/certezas/robotis_ws/install/op3_walking_module_msgs/local/lib/python3.10/dist-packages/op3_walking_module_msgs-0.1.1-py3.10.egg-info/dependency_links.txt
[55.930s] -- Installing: /home/certezas/robotis_ws/install/op3_walking_module_msgs/local/lib/python3.10/dist-packages/op3_walking_module_msgs-0.1.1-py3.10.egg-info/top_level.txt
[55.930s] -- Installing: /home/certezas/robotis_ws/install/op3_walking_module_msgs/local/lib/python3.10/dist-packages/op3_walking_module_msgs-0.1.1-py3.10.egg-info/SOURCES.txt
[55.930s] -- Up-to-date: /home/certezas/robotis_ws/install/op3_walking_module_msgs/local/lib/python3.10/dist-packages/op3_walking_module_msgs
[55.930s] -- Installing: /home/certezas/robotis_ws/install/op3_walking_module_msgs/local/lib/python3.10/dist-packages/op3_walking_module_msgs/_op3_walking_module_msgs_s.ep.rosidl_typesupport_fastrtps_c.c
[55.930s] -- Installing: /home/certezas/robotis_ws/install/op3_walking_module_msgs/local/lib/python3.10/dist-packages/op3_walking_module_msgs/op3_walking_module_msgs_s__rosidl_typesupport_introspection_c.cpython-310-x86_64-linux-gnu.so
[55.930s] -- Installing: /home/certezas/robotis_ws/install/op3_walking_module_msgs/local/lib/python3.10/dist-packages/op3_walking_module_msgs/op3_walking_module_msgs_s__rosidl_typesupport_c.cpython-310-x86_64-linux-gnu.so
[55.931s] -- Installing: /home/certezas/robotis_ws/install/op3_walking_module_msgs/local/lib/python3.10/dist-packages/op3_walking_module_msgs/_op3_walking_module_msgs_s.ep.rosidl_typesupport_c.c
[55.931s] -- Installing: /home/certezas/robotis_ws/install/op3_walking_module_msgs/local/lib/python3.10/dist-packages/op3_walking_module_msgs/__init__.py
[55.931s] -- Installing: /home/certezas/robotis_ws/install/op3_walking_module_msgs/local/lib/python3.10/dist-packages/op3_walking_module_msgs/libop3_walking_module_msgs__rosidl_generator_py.so
[55.931s] -- Up-to-date: /home/certezas/robotis_ws/install/op3_walking_module_msgs/local/lib/python3.10/dist-packages/op3_walking_module_msgs/srv
[55.931s] -- Installing: /home/certezas/robotis_ws/install/op3_walking_module_msgs/local/lib/python3.10/dist-packages/op3_walking_module_msgs/srv/_set_walking_param_s.c
[55.931s] -- Installing: /home/certezas/robotis_ws/install/op3_walking_module_msgs/local/lib/python3.10/dist-packages/op3_walking_module_msgs/srv/_get_walking_param_s.c
[55.932s] -- Installing: /home/certezas/robotis_ws/install/op3_walking_module_msgs/local/lib/python3.10/dist-packages/op3_walking_module_msgs/srv/__init__.py
[55.932s] -- Installing: /home/certezas/robotis_ws/install/op3_walking_module_msgs/local/lib/python3.10/dist-packages/op3_walking_module_msgs/srv/_set_walking_param.py
[55.932s] -- Installing: /home/certezas/robotis_ws/install/op3_walking_module_msgs/local/lib/python3.10/dist-packages/op3_walking_module_msgs/srv/_get_walking_param.py
[55.932s] -- Installing: /home/certezas/robotis_ws/install/op3_walking_module_msgs/local/lib/python3.10/dist-packages/op3_walking_module_msgs/_op3_walking_module_msgs_s.ep.rosidl_typesupport_introspection_c.c
[55.932s] -- Installing: /home/certezas/robotis_ws/install/op3_walking_module_msgs/local/lib/python3.10/dist-packages/op3_walking_module_msgs/op3_walking_module_msgs_s__rosidl_typesupport_fastrtps_c.cpython-310-x86_64-linux-gnu.so
[55.932s] -- Up-to-date: /home/certezas/robotis_ws/install/op3_walking_module_msgs/local/lib/python3.10/dist-packages/op3_walking_module_msgs/msg
[55.932s] -- Installing: /home/certezas/robotis_ws/install/op3_walking_module_msgs/local/lib/python3.10/dist-packages/op3_walking_module_msgs/msg/_walking_param.py
[55.932s] -- Installing: /home/certezas/robotis_ws/install/op3_walking_module_msgs/local/lib/python3.10/dist-packages/op3_walking_module_msgs/msg/__init__.py
[55.932s] -- Installing: /home/certezas/robotis_ws/install/op3_walking_module_msgs/local/lib/python3.10/dist-packages/op3_walking_module_msgs/msg/_walking_param_s.c
[56.343s] Listing '/home/certezas/robotis_ws/install/op3_walking_module_msgs/local/lib/python3.10/dist-packages/op3_walking_module_msgs'...
[56.343s] Compiling '/home/certezas/robotis_ws/install/op3_walking_module_msgs/local/lib/python3.10/dist-packages/op3_walking_module_msgs/__init__.py'...
[56.343s] Listing '/home/certezas/robotis_ws/install/op3_walking_module_msgs/local/lib/python3.10/dist-packages/op3_walking_module_msgs/msg'...
[56.343s] Compiling '/home/certezas/robotis_ws/install/op3_walking_module_msgs/local/lib/python3.10/dist-packages/op3_walking_module_msgs/msg/__init__.py'...
[56.344s] Compiling '/home/certezas/robotis_ws/install/op3_walking_module_msgs/local/lib/python3.10/dist-packages/op3_walking_module_msgs/msg/_walking_param.py'...
[56.344s] Listing '/home/certezas/robotis_ws/install/op3_walking_module_msgs/local/lib/python3.10/dist-packages/op3_walking_module_msgs/srv'...
[56.344s] Compiling '/home/certezas/robotis_ws/install/op3_walking_module_msgs/local/lib/python3.10/dist-packages/op3_walking_module_msgs/srv/__init__.py'...
[56.344s] Compiling '/home/certezas/robotis_ws/install/op3_walking_module_msgs/local/lib/python3.10/dist-packages/op3_walking_module_msgs/srv/_get_walking_param.py'...
[56.344s] Compiling '/home/certezas/robotis_ws/install/op3_walking_module_msgs/local/lib/python3.10/dist-packages/op3_walking_module_msgs/srv/_set_walking_param.py'...
[56.356s] -- Installing: /home/certezas/robotis_ws/install/op3_walking_module_msgs/local/lib/python3.10/dist-packages/op3_walking_module_msgs/op3_walking_module_msgs_s__rosidl_typesupport_fastrtps_c.cpython-310-x86_64-linux-gnu.so
[56.356s] -- Set runtime path of "/home/certezas/robotis_ws/install/op3_walking_module_msgs/local/lib/python3.10/dist-packages/op3_walking_module_msgs/op3_walking_module_msgs_s__rosidl_typesupport_fastrtps_c.cpython-310-x86_64-linux-gnu.so" to ""
[56.358s] -- Installing: /home/certezas/robotis_ws/install/op3_walking_module_msgs/local/lib/python3.10/dist-packages/op3_walking_module_msgs/op3_walking_module_msgs_s__rosidl_typesupport_introspection_c.cpython-310-x86_64-linux-gnu.so
[56.358s] -- Set runtime path of "/home/certezas/robotis_ws/install/op3_walking_module_msgs/local/lib/python3.10/dist-packages/op3_walking_module_msgs/op3_walking_module_msgs_s__rosidl_typesupport_introspection_c.cpython-310-x86_64-linux-gnu.so" to ""
[56.358s] -- Installing: /home/certezas/robotis_ws/install/op3_walking_module_msgs/local/lib/python3.10/dist-packages/op3_walking_module_msgs/op3_walking_module_msgs_s__rosidl_typesupport_c.cpython-310-x86_64-linux-gnu.so
[56.358s] -- Set runtime path of "/home/certezas/robotis_ws/install/op3_walking_module_msgs/local/lib/python3.10/dist-packages/op3_walking_module_msgs/op3_walking_module_msgs_s__rosidl_typesupport_c.cpython-310-x86_64-linux-gnu.so" to ""
[56.511s] -- Installing: /home/certezas/robotis_ws/install/op3_walking_module_msgs/lib/libop3_walking_module_msgs__rosidl_generator_py.so
[56.511s] -- Set runtime path of "/home/certezas/robotis_ws/install/op3_walking_module_msgs/lib/libop3_walking_module_msgs__rosidl_generator_py.so" to ""
[56.515s] -- Installing: /home/certezas/robotis_ws/install/op3_walking_module_msgs/share/op3_walking_module_msgs/msg/WalkingParam.idl
[56.531s] -- Installing: /home/certezas/robotis_ws/install/op3_walking_module_msgs/share/op3_walking_module_msgs/srv/GetWalkingParam.idl
[56.531s] -- Installing: /home/certezas/robotis_ws/install/op3_walking_module_msgs/share/op3_walking_module_msgs/srv/SetWalkingParam.idl
[56.531s] -- Installing: /home/certezas/robotis_ws/install/op3_walking_module_msgs/share/op3_walking_module_msgs/msg/WalkingParam.msg
[56.532s] -- Installing: /home/certezas/robotis_ws/install/op3_walking_module_msgs/share/op3_walking_module_msgs/srv/GetWalkingParam.srv
[56.532s] -- Installing: /home/certezas/robotis_ws/install/op3_walking_module_msgs/share/op3_walking_module_msgs/srv/GetWalkingParam_Request.msg
[56.532s] -- Installing: /home/certezas/robotis_ws/install/op3_walking_module_msgs/share/op3_walking_module_msgs/srv/GetWalkingParam_Response.msg
[56.532s] -- Installing: /home/certezas/robotis_ws/install/op3_walking_module_msgs/share/op3_walking_module_msgs/srv/SetWalkingParam.srv
[56.532s] -- Installing: /home/certezas/robotis_ws/install/op3_walking_module_msgs/share/op3_walking_module_msgs/srv/SetWalkingParam_Request.msg
[56.532s] -- Installing: /home/certezas/robotis_ws/install/op3_walking_module_msgs/share/op3_walking_module_msgs/srv/SetWalkingParam_Response.msg
[56.532s] -- Installing: /home/certezas/robotis_ws/install/op3_walking_module_msgs/share/ament_index/resource_index/package_run_dependencies/op3_walking_module_msgs
[56.537s] -- Installing: /home/certezas/robotis_ws/install/op3_walking_module_msgs/share/ament_index/resource_index/parent_prefix_path/op3_walking_module_msgs
[56.537s] -- Installing: /home/certezas/robotis_ws/install/op3_walking_module_msgs/share/op3_walking_module_msgs/environment/ament_prefix_path.sh
[56.538s] -- Installing: /home/certezas/robotis_ws/install/op3_walking_module_msgs/share/op3_walking_module_msgs/environment/ament_prefix_path.dsv
[56.538s] -- Installing: /home/certezas/robotis_ws/install/op3_walking_module_msgs/share/op3_walking_module_msgs/environment/path.sh
[56.538s] -- Installing: /home/certezas/robotis_ws/install/op3_walking_module_msgs/share/op3_walking_module_msgs/environment/path.dsv
[56.538s] -- Installing: /home/certezas/robotis_ws/install/op3_walking_module_msgs/share/op3_walking_module_msgs/local_setup.bash
[56.539s] -- Installing: /home/certezas/robotis_ws/install/op3_walking_module_msgs/share/op3_walking_module_msgs/local_setup.sh
[56.539s] -- Installing: /home/certezas/robotis_ws/install/op3_walking_module_msgs/share/op3_walking_module_msgs/local_setup.zsh
[56.541s] -- Installing: /home/certezas/robotis_ws/install/op3_walking_module_msgs/share/op3_walking_module_msgs/local_setup.dsv
[56.542s] -- Installing: /home/certezas/robotis_ws/install/op3_walking_module_msgs/share/op3_walking_module_msgs/package.dsv
[56.545s] -- Installing: /home/certezas/robotis_ws/install/op3_walking_module_msgs/share/ament_index/resource_index/packages/op3_walking_module_msgs
[56.547s] -- Installing: /home/certezas/robotis_ws/install/op3_walking_module_msgs/share/op3_walking_module_msgs/cmake/export_op3_walking_module_msgs__rosidl_generator_cExport.cmake
[56.547s] -- Installing: /home/certezas/robotis_ws/install/op3_walking_module_msgs/share/op3_walking_module_msgs/cmake/export_op3_walking_module_msgs__rosidl_generator_cExport-noconfig.cmake
[56.620s] -- Installing: /home/certezas/robotis_ws/install/op3_walking_module_msgs/share/op3_walking_module_msgs/cmake/export_op3_walking_module_msgs__rosidl_typesupport_fastrtps_cExport.cmake
[56.620s] -- Installing: /home/certezas/robotis_ws/install/op3_walking_module_msgs/share/op3_walking_module_msgs/cmake/export_op3_walking_module_msgs__rosidl_typesupport_fastrtps_cExport-noconfig.cmake
[56.634s] -- Installing: /home/certezas/robotis_ws/install/op3_walking_module_msgs/share/op3_walking_module_msgs/cmake/op3_walking_module_msgs__rosidl_typesupport_introspection_cExport.cmake
[56.634s] -- Installing: /home/certezas/robotis_ws/install/op3_walking_module_msgs/share/op3_walking_module_msgs/cmake/op3_walking_module_msgs__rosidl_typesupport_introspection_cExport-noconfig.cmake
[56.653s] -- Installing: /home/certezas/robotis_ws/install/op3_walking_module_msgs/share/op3_walking_module_msgs/cmake/op3_walking_module_msgs__rosidl_typesupport_cExport.cmake
[56.653s] -- Installing: /home/certezas/robotis_ws/install/op3_walking_module_msgs/share/op3_walking_module_msgs/cmake/op3_walking_module_msgs__rosidl_typesupport_cExport-noconfig.cmake
[56.653s] -- Installing: /home/certezas/robotis_ws/install/op3_walking_module_msgs/share/op3_walking_module_msgs/cmake/export_op3_walking_module_msgs__rosidl_generator_cppExport.cmake
[56.654s] -- Installing: /home/certezas/robotis_ws/install/op3_walking_module_msgs/share/op3_walking_module_msgs/cmake/export_op3_walking_module_msgs__rosidl_typesupport_fastrtps_cppExport.cmake
[56.654s] -- Installing: /home/certezas/robotis_ws/install/op3_walking_module_msgs/share/op3_walking_module_msgs/cmake/export_op3_walking_module_msgs__rosidl_typesupport_fastrtps_cppExport-noconfig.cmake
[56.662s] -- Installing: /home/certezas/robotis_ws/install/op3_walking_module_msgs/share/op3_walking_module_msgs/cmake/op3_walking_module_msgs__rosidl_typesupport_introspection_cppExport.cmake
[56.662s] -- Installing: /home/certezas/robotis_ws/install/op3_walking_module_msgs/share/op3_walking_module_msgs/cmake/op3_walking_module_msgs__rosidl_typesupport_introspection_cppExport-noconfig.cmake
[56.664s] -- Installing: /home/certezas/robotis_ws/install/op3_walking_module_msgs/share/op3_walking_module_msgs/cmake/op3_walking_module_msgs__rosidl_typesupport_cppExport.cmake
[56.665s] -- Installing: /home/certezas/robotis_ws/install/op3_walking_module_msgs/share/op3_walking_module_msgs/cmake/op3_walking_module_msgs__rosidl_typesupport_cppExport-noconfig.cmake
[56.665s] -- Installing: /home/certezas/robotis_ws/install/op3_walking_module_msgs/share/op3_walking_module_msgs/cmake/export_op3_walking_module_msgs__rosidl_generator_pyExport.cmake
[56.667s] -- Installing: /home/certezas/robotis_ws/install/op3_walking_module_msgs/share/op3_walking_module_msgs/cmake/export_op3_walking_module_msgs__rosidl_generator_pyExport-noconfig.cmake
[56.667s] -- Installing: /home/certezas/robotis_ws/install/op3_walking_module_msgs/share/op3_walking_module_msgs/cmake/rosidl_cmake-extras.cmake
[56.667s] -- Installing: /home/certezas/robotis_ws/install/op3_walking_module_msgs/share/op3_walking_module_msgs/cmake/ament_cmake_export_dependencies-extras.cmake
[56.668s] -- Installing: /home/certezas/robotis_ws/install/op3_walking_module_msgs/share/op3_walking_module_msgs/cmake/ament_cmake_export_include_directories-extras.cmake
[56.668s] -- Installing: /home/certezas/robotis_ws/install/op3_walking_module_msgs/share/op3_walking_module_msgs/cmake/ament_cmake_export_libraries-extras.cmake
[56.668s] -- Installing: /home/certezas/robotis_ws/install/op3_walking_module_msgs/share/op3_walking_module_msgs/cmake/ament_cmake_export_targets-extras.cmake
[56.668s] -- Installing: /home/certezas/robotis_ws/install/op3_walking_module_msgs/share/op3_walking_module_msgs/cmake/rosidl_cmake_export_typesupport_targets-extras.cmake
[56.668s] -- Installing: /home/certezas/robotis_ws/install/op3_walking_module_msgs/share/op3_walking_module_msgs/cmake/rosidl_cmake_export_typesupport_libraries-extras.cmake
[56.668s] -- Installing: /home/certezas/robotis_ws/install/op3_walking_module_msgs/share/op3_walking_module_msgs/cmake/op3_walking_module_msgsConfig.cmake
[56.668s] -- Installing: /home/certezas/robotis_ws/install/op3_walking_module_msgs/share/op3_walking_module_msgs/cmake/op3_walking_module_msgsConfig-version.cmake
[56.668s] -- Installing: /home/certezas/robotis_ws/install/op3_walking_module_msgs/share/op3_walking_module_msgs/package.xml
[57.386s] Invoked command in '/home/certezas/robotis_ws/build/op3_walking_module_msgs' returned '0': CMAKE_PREFIX_PATH=${CMAKE_PREFIX_PATH}:/opt/ros/humble /usr/bin/cmake --install /home/certezas/robotis_ws/build/op3_walking_module_msgs
