[0.020s] Invoking command in '/home/certezas/robotis_ws/build/op3_kajita_walking_module': CMAKE_PREFIX_PATH=/home/certezas/robotis_ws/install/op3_kinematics_dynamics:/home/certezas/robotis_ws/install/robotis_math:/home/certezas/robotis_ws/install/op3_webots_ros2:/home/certezas/robotis_ws/install/op3_action_editor:/home/certezas/robotis_ws/install/ros_mpg321_player:/home/certezas/robotis_ws/install/op3_demo:/home/certezas/robotis_ws/install/ros_madplay_player:/home/certezas/robotis_ws/install/op3_read_write_demo:/home/certezas/robotis_ws/install/op3_bringup:/home/certezas/robotis_ws/install/op3_manager:/home/certezas/robotis_ws/install/open_cr_module:/home/certezas/robotis_ws/install/op3_walking_module:/home/certezas/robotis_ws/install/op3_tuning_module:/home/certezas/robotis_ws/install/op3_online_walking_module:/home/certezas/robotis_ws/install/op3_offset_tuner_server:/home/certezas/robotis_ws/install/op3_localization:/home/certezas/robotis_ws/install/op3_kajita_walking_module:/home/certezas/robotis_ws/install/op3_direct_control_module:/home/certezas/robotis_ws/install/op3_base_module:/home/certezas/robotis_ws/install/op3_head_control_module:/home/certezas/robotis_ws/install/op3_balance_control:/home/certezas/robotis_ws/install/robotis_controller:/home/certezas/robotis_ws/install/op3_action_module:/home/certezas/robotis_ws/install/robotis_framework_common:/home/certezas/robotis_ws/install/robotis_device:/home/certezas/robotis_ws/install/op3_gui_demo:/home/certezas/robotis_ws/install/robotis_controller_msgs:/home/certezas/robotis_ws/install/rf_gz_bridge:/home/certezas/robotis_ws/install/op3_web_setting_tool:/home/certezas/robotis_ws/install/op3_walking_module_msgs:/home/certezas/robotis_ws/install/op3_tuner_client:/home/certezas/robotis_ws/install/op3_tuning_module_msgs:/home/certezas/robotis_ws/install/op3_online_walking_module_msgs:/home/certezas/robotis_ws/install/op3_offset_tuner_client:/home/certezas/robotis_ws/install/op3_offset_tuner_msgs:/home/certezas/robotis_ws/install/op3_navigation:/home/certezas/robotis_ws/install/op3_gazebo_ros2:/home/certezas/robotis_ws/install/op3_description:/home/certezas/robotis_ws/install/op3_camera_setting_tool:/home/certezas/robotis_ws/install/op3_camera_setting_tool_msgs:/home/certezas/robotis_ws/install/op3_ball_detector_msgs:/home/certezas/robotis_ws/install/op3_action_module_msgs:/home/certezas/robotis_ws/install/dynamixel_sdk_examples:/home/certezas/robotis_ws/install/dynamixel_sdk_custom_interfaces:/home/certezas/robotis_ws/install/dynamixel_sdk:/opt/ros/humble LD_LIBRARY_PATH=/home/certezas/robotis_ws/install/op3_kinematics_dynamics/lib:/home/certezas/robotis_ws/install/open_cr_module/lib:/home/certezas/robotis_ws/install/op3_walking_module/lib:/home/certezas/robotis_ws/install/op3_tuning_module/lib:/home/certezas/robotis_ws/install/op3_online_walking_module/lib:/home/certezas/robotis_ws/install/op3_direct_control_module/lib:/home/certezas/robotis_ws/install/op3_base_module/lib:/home/certezas/robotis_ws/install/op3_head_control_module/lib:/home/certezas/robotis_ws/install/op3_balance_control/lib:/home/certezas/robotis_ws/install/robotis_math/lib:/home/certezas/robotis_ws/install/robotis_controller/lib:/home/certezas/robotis_ws/install/op3_action_module/lib:/home/certezas/robotis_ws/install/robotis_device/lib:/home/certezas/robotis_ws/install/robotis_controller_msgs/lib:/home/certezas/robotis_ws/install/op3_walking_module_msgs/lib:/home/certezas/robotis_ws/install/op3_tuning_module_msgs/lib:/home/certezas/robotis_ws/install/op3_online_walking_module_msgs/lib:/home/certezas/robotis_ws/install/op3_offset_tuner_msgs/lib:/home/certezas/robotis_ws/install/op3_camera_setting_tool_msgs/lib:/home/certezas/robotis_ws/install/op3_ball_detector_msgs/lib:/home/certezas/robotis_ws/install/op3_action_module_msgs/lib:/home/certezas/robotis_ws/install/dynamixel_sdk_custom_interfaces/lib:/home/certezas/robotis_ws/install/dynamixel_sdk/lib:/opt/ros/humble/opt/rviz_ogre_vendor/lib:/opt/ros/humble/lib/x86_64-linux-gnu:/opt/ros/humble/lib:/usr/local/webots/lib/controller /usr/bin/cmake --build /home/certezas/robotis_ws/build/op3_kajita_walking_module -- -j12 -l12
[0.074s] [35m[1mConsolidate compiler generated dependencies of target kajita_walking_node[0m
[0.096s] [ 33%] [32mBuilding CXX object CMakeFiles/kajita_walking_node.dir/src/kajita_walking_controller.cpp.o[0m
[3.524s] [01m[K/home/certezas/robotis_ws/src/ROBOTIS-OP3/op3_kajita_walking_module/src/kajita_walking_controller.cpp:[m[K In member function ‘[01m[Kvoid KajitaWalkingController::process()[m[K’:
[3.524s] [01m[K/home/certezas/robotis_ws/src/ROBOTIS-OP3/op3_kajita_walking_module/src/kajita_walking_controller.cpp:324:33:[m[K [01;31m[Kerror: [m[Kredeclaration of ‘[01m[KEigen::Matrix4d body_pose[m[K’
[3.524s]   324 |                 Eigen::Matrix4d [01;31m[Kbody_pose[m[K = kinematics_->op3_link_data_[ID_TORSO]->transformation_;
[3.524s]       |                                 [01;31m[K^~~~~~~~~[m[K
[3.524s] [01m[K/home/certezas/robotis_ws/src/ROBOTIS-OP3/op3_kajita_walking_module/src/kajita_walking_controller.cpp:291:33:[m[K [01;36m[Knote: [m[K‘[01m[KEigen::Matrix4d body_pose[m[K’ previously declared here
[3.524s]   291 |                 Eigen::Matrix4d [01;36m[Kbody_pose[m[K = Eigen::Matrix4d::Identity();
[3.524s]       |                                 [01;36m[K^~~~~~~~~[m[K
[3.524s] [01m[K/home/certezas/robotis_ws/src/ROBOTIS-OP3/op3_kajita_walking_module/src/kajita_walking_controller.cpp:325:33:[m[K [01;31m[Kerror: [m[Kredeclaration of ‘[01m[KEigen::Matrix4d body_pose_inv[m[K’
[3.524s]   325 |                 Eigen::Matrix4d [01;31m[Kbody_pose_inv[m[K = body_pose.inverse();
[3.524s]       |                                 [01;31m[K^~~~~~~~~~~~~[m[K
[3.524s] [01m[K/home/certezas/robotis_ws/src/ROBOTIS-OP3/op3_kajita_walking_module/src/kajita_walking_controller.cpp:297:33:[m[K [01;36m[Knote: [m[K‘[01m[KEigen::Matrix4d body_pose_inv[m[K’ previously declared here
[3.524s]   297 |                 Eigen::Matrix4d [01;36m[Kbody_pose_inv[m[K = body_pose.inverse();
[3.524s]       |                                 [01;36m[K^~~~~~~~~~~~~[m[K
[3.528s] [01m[K/home/certezas/robotis_ws/src/ROBOTIS-OP3/op3_kajita_walking_module/src/kajita_walking_controller.cpp:426:18:[m[K [01;31m[Kerror: [m[Kjump to case label
[3.528s]   426 |             case [01;31m[K3[m[K: // FASE 3: Manter a pose (Usando IK com alvo final)
[3.528s]       |                  [01;31m[K^[m[K
[3.529s] [01m[K/home/certezas/robotis_ws/src/ROBOTIS-OP3/op3_kajita_walking_module/src/kajita_walking_controller.cpp:407:22:[m[K [01;36m[Knote: [m[K  crosses initialization of ‘[01m[Kbool sucesso_ik_direita[m[K’
[3.529s]   407 |                 bool [01;36m[Ksucesso_ik_direita[m[K = kinematics_->calcInverseKinematicsForRightLeg(angulos_dir, 0, current_y_r, -z_offset_ + altura_pe_levantado, 0, 0, 0);
[3.529s]       |                      [01;36m[K^~~~~~~~~~~~~~~~~~[m[K
[3.529s] [01m[K/home/certezas/robotis_ws/src/ROBOTIS-OP3/op3_kajita_walking_module/src/kajita_walking_controller.cpp:406:22:[m[K [01;36m[Knote: [m[K  crosses initialization of ‘[01m[Kbool sucesso_ik_esquerda[m[K’
[3.529s]   406 |                 bool [01;36m[Ksucesso_ik_esquerda[m[K = kinematics_->calcInverseKinematicsForLeftLeg(angulos_esq, 0, current_y_l, -z_offset_, 0, 0, 0);
[3.529s]       |                      [01;36m[K^~~~~~~~~~~~~~~~~~~[m[K
[3.529s] [01m[K/home/certezas/robotis_ws/src/ROBOTIS-OP3/op3_kajita_walking_module/src/kajita_walking_controller.cpp:402:24:[m[K [01;36m[Knote: [m[K  crosses initialization of ‘[01m[Kdouble current_y_r[m[K’
[3.529s]   402 |                 double [01;36m[Kcurrent_y_r[m[K = target_y_r;
[3.529s]       |                        [01;36m[K^~~~~~~~~~~[m[K
[3.529s] [01m[K/home/certezas/robotis_ws/src/ROBOTIS-OP3/op3_kajita_walking_module/src/kajita_walking_controller.cpp:401:24:[m[K [01;36m[Knote: [m[K  crosses initialization of ‘[01m[Kdouble current_y_l[m[K’
[3.529s]   401 |                 double [01;36m[Kcurrent_y_l[m[K = target_y_l; // Pé esquerdo já deslocado
[3.529s]       |                        [01;36m[K^~~~~~~~~~~[m[K
[3.529s] [01m[K/home/certezas/robotis_ws/src/ROBOTIS-OP3/op3_kajita_walking_module/src/kajita_walking_controller.cpp:399:24:[m[K [01;36m[Knote: [m[K  crosses initialization of ‘[01m[Kdouble target_y_r[m[K’
[3.529s]   399 |                 double [01;36m[Ktarget_y_r[m[K = -y_offset_ * (1.0 + fator_deslocamento);
[3.529s]       |                        [01;36m[K^~~~~~~~~~[m[K
[3.529s] [01m[K/home/certezas/robotis_ws/src/ROBOTIS-OP3/op3_kajita_walking_module/src/kajita_walking_controller.cpp:398:24:[m[K [01;36m[Knote: [m[K  crosses initialization of ‘[01m[Kdouble target_y_l[m[K’
[3.530s]   398 |                 double [01;36m[Ktarget_y_l[m[K = y_offset_ * (1.0 - fator_deslocamento);
[3.530s]       |                        [01;36m[K^~~~~~~~~~[m[K
[3.530s] [01m[K/home/certezas/robotis_ws/src/ROBOTIS-OP3/op3_kajita_walking_module/src/kajita_walking_controller.cpp:397:24:[m[K [01;36m[Knote: [m[K  crosses initialization of ‘[01m[Kdouble fator_deslocamento[m[K’
[3.530s]   397 |                 double [01;36m[Kfator_deslocamento[m[K = 1.0;
[3.530s]       |                        [01;36m[K^~~~~~~~~~~~~~~~~~[m[K
[3.530s] [01m[K/home/certezas/robotis_ws/src/ROBOTIS-OP3/op3_kajita_walking_module/src/kajita_walking_controller.cpp:395:24:[m[K [01;36m[Knote: [m[K  crosses initialization of ‘[01m[Kdouble altura_pe_levantado[m[K’
[3.530s]   395 |                 double [01;36m[Kaltura_pe_levantado[m[K = 0.03 * ratio; // Levanta até 3 cm
[3.530s]       |                        [01;36m[K^~~~~~~~~~~~~~~~~~~[m[K
[3.530s] [01m[K/home/certezas/robotis_ws/src/ROBOTIS-OP3/op3_kajita_walking_module/src/kajita_walking_controller.cpp:392:24:[m[K [01;36m[Knote: [m[K  crosses initialization of ‘[01m[Kdouble ratio[m[K’
[3.530s]   392 |                 double [01;36m[Kratio[m[K = stress_test_phase_elapsed_time_ / lift_duration_sec_;
[3.530s]       |                        [01;36m[K^~~~~[m[K
[3.628s] [01m[K/home/certezas/robotis_ws/src/ROBOTIS-OP3/op3_kajita_walking_module/src/kajita_walking_controller.cpp:898:45:[m[K [01;31m[Kerror: [m[Kqualified-id in declaration before ‘[01m[K([m[K’ token
[3.628s]   898 | void KajitaWalkingController::cmdVelCallback[01;31m[K([m[Kconst geometry_msgs::msg::Twist::SharedPtr msg)
[3.628s]       |                                             [01;31m[K^[m[K
[3.628s] [01m[K/home/certezas/robotis_ws/src/ROBOTIS-OP3/op3_kajita_walking_module/src/kajita_walking_controller.cpp:904:44:[m[K [01;31m[Kerror: [m[Kqualified-id in declaration before ‘[01m[K([m[K’ token
[3.628s]   904 | MatrixXd KajitaWalkingController::solveDARE[01;31m[K([m[Kconst MatrixXd &A, const MatrixXd &B, const MatrixXd &Q, double R)
[3.628s]       |                                            [01;31m[K^[m[K
[3.628s] [01m[K/home/certezas/robotis_ws/src/ROBOTIS-OP3/op3_kajita_walking_module/src/kajita_walking_controller.cpp:922:84:[m[K [01;31m[Kerror: [m[Kqualified-id in declaration before ‘[01m[K([m[K’ token
[3.628s]   922 | :string, double> KajitaWalkingController::calculateGravityCompensation[01;31m[K([m[K
[3.629s]       |                                                                       [01;31m[K^[m[K
[3.629s] 
[3.629s] [01m[K/home/certezas/robotis_ws/src/ROBOTIS-OP3/op3_kajita_walking_module/src/kajita_walking_controller.cpp:990:49:[m[K [01;31m[Kerror: [m[Kqualified-id in declaration before ‘[01m[K([m[K’ token
[3.629s]   990 | void KajitaWalkingController::jointStateCallback[01;31m[K([m[Kconst sensor_msgs::msg::JointState::SharedPtr msg)
[3.629s]       |                                                 [01;31m[K^[m[K
[3.629s] [01m[K/home/certezas/robotis_ws/src/ROBOTIS-OP3/op3_kajita_walking_module/src/kajita_walking_controller.cpp:995:2:[m[K [01;31m[Kerror: [m[Kexpected ‘[01m[K}[m[K’ at end of input
[3.629s]   995 | }
[3.629s]       |  [01;31m[K^[m[K
[3.629s] [01m[K/home/certezas/robotis_ws/src/ROBOTIS-OP3/op3_kajita_walking_module/src/kajita_walking_controller.cpp:215:1:[m[K [01;36m[Knote: [m[Kto match this ‘[01m[K{[m[K’
[3.629s]   215 | [01;36m[K{[m[K
[3.629s]       | [01;36m[K^[m[K
[8.619s] gmake[2]: *** [CMakeFiles/kajita_walking_node.dir/build.make:90: CMakeFiles/kajita_walking_node.dir/src/kajita_walking_controller.cpp.o] Erro 1
[8.619s] gmake[1]: *** [CMakeFiles/Makefile2:137: CMakeFiles/kajita_walking_node.dir/all] Erro 2
[8.619s] gmake: *** [Makefile:146: all] Erro 2
[8.621s] Invoked command in '/home/certezas/robotis_ws/build/op3_kajita_walking_module' returned '2': CMAKE_PREFIX_PATH=/home/certezas/robotis_ws/install/op3_kinematics_dynamics:/home/certezas/robotis_ws/install/robotis_math:/home/certezas/robotis_ws/install/op3_webots_ros2:/home/certezas/robotis_ws/install/op3_action_editor:/home/certezas/robotis_ws/install/ros_mpg321_player:/home/certezas/robotis_ws/install/op3_demo:/home/certezas/robotis_ws/install/ros_madplay_player:/home/certezas/robotis_ws/install/op3_read_write_demo:/home/certezas/robotis_ws/install/op3_bringup:/home/certezas/robotis_ws/install/op3_manager:/home/certezas/robotis_ws/install/open_cr_module:/home/certezas/robotis_ws/install/op3_walking_module:/home/certezas/robotis_ws/install/op3_tuning_module:/home/certezas/robotis_ws/install/op3_online_walking_module:/home/certezas/robotis_ws/install/op3_offset_tuner_server:/home/certezas/robotis_ws/install/op3_localization:/home/certezas/robotis_ws/install/op3_kajita_walking_module:/home/certezas/robotis_ws/install/op3_direct_control_module:/home/certezas/robotis_ws/install/op3_base_module:/home/certezas/robotis_ws/install/op3_head_control_module:/home/certezas/robotis_ws/install/op3_balance_control:/home/certezas/robotis_ws/install/robotis_controller:/home/certezas/robotis_ws/install/op3_action_module:/home/certezas/robotis_ws/install/robotis_framework_common:/home/certezas/robotis_ws/install/robotis_device:/home/certezas/robotis_ws/install/op3_gui_demo:/home/certezas/robotis_ws/install/robotis_controller_msgs:/home/certezas/robotis_ws/install/rf_gz_bridge:/home/certezas/robotis_ws/install/op3_web_setting_tool:/home/certezas/robotis_ws/install/op3_walking_module_msgs:/home/certezas/robotis_ws/install/op3_tuner_client:/home/certezas/robotis_ws/install/op3_tuning_module_msgs:/home/certezas/robotis_ws/install/op3_online_walking_module_msgs:/home/certezas/robotis_ws/install/op3_offset_tuner_client:/home/certezas/robotis_ws/install/op3_offset_tuner_msgs:/home/certezas/robotis_ws/install/op3_navigation:/home/certezas/robotis_ws/install/op3_gazebo_ros2:/home/certezas/robotis_ws/install/op3_description:/home/certezas/robotis_ws/install/op3_camera_setting_tool:/home/certezas/robotis_ws/install/op3_camera_setting_tool_msgs:/home/certezas/robotis_ws/install/op3_ball_detector_msgs:/home/certezas/robotis_ws/install/op3_action_module_msgs:/home/certezas/robotis_ws/install/dynamixel_sdk_examples:/home/certezas/robotis_ws/install/dynamixel_sdk_custom_interfaces:/home/certezas/robotis_ws/install/dynamixel_sdk:/opt/ros/humble LD_LIBRARY_PATH=/home/certezas/robotis_ws/install/op3_kinematics_dynamics/lib:/home/certezas/robotis_ws/install/open_cr_module/lib:/home/certezas/robotis_ws/install/op3_walking_module/lib:/home/certezas/robotis_ws/install/op3_tuning_module/lib:/home/certezas/robotis_ws/install/op3_online_walking_module/lib:/home/certezas/robotis_ws/install/op3_direct_control_module/lib:/home/certezas/robotis_ws/install/op3_base_module/lib:/home/certezas/robotis_ws/install/op3_head_control_module/lib:/home/certezas/robotis_ws/install/op3_balance_control/lib:/home/certezas/robotis_ws/install/robotis_math/lib:/home/certezas/robotis_ws/install/robotis_controller/lib:/home/certezas/robotis_ws/install/op3_action_module/lib:/home/certezas/robotis_ws/install/robotis_device/lib:/home/certezas/robotis_ws/install/robotis_controller_msgs/lib:/home/certezas/robotis_ws/install/op3_walking_module_msgs/lib:/home/certezas/robotis_ws/install/op3_tuning_module_msgs/lib:/home/certezas/robotis_ws/install/op3_online_walking_module_msgs/lib:/home/certezas/robotis_ws/install/op3_offset_tuner_msgs/lib:/home/certezas/robotis_ws/install/op3_camera_setting_tool_msgs/lib:/home/certezas/robotis_ws/install/op3_ball_detector_msgs/lib:/home/certezas/robotis_ws/install/op3_action_module_msgs/lib:/home/certezas/robotis_ws/install/dynamixel_sdk_custom_interfaces/lib:/home/certezas/robotis_ws/install/dynamixel_sdk/lib:/opt/ros/humble/opt/rviz_ogre_vendor/lib:/opt/ros/humble/lib/x86_64-linux-gnu:/opt/ros/humble/lib:/usr/local/webots/lib/controller /usr/bin/cmake --build /home/certezas/robotis_ws/build/op3_kajita_walking_module -- -j12 -l12
