-- Found ament_cmake: 1.3.11 (/opt/ros/humble/share/ament_cmake/cmake)
-- Found ament_index_cpp: 1.4.0 (/opt/ros/humble/share/ament_index_cpp/cmake)
-- Found rclcpp: 16.0.12 (/opt/ros/humble/share/rclcpp/cmake)
-- Found rosidl_generator_c: 3.1.6 (/opt/ros/humble/share/rosidl_generator_c/cmake)
-- Found rosidl_adapter: 3.1.6 (/opt/ros/humble/share/rosidl_adapter/cmake)
-- Found rosidl_generator_cpp: 3.1.6 (/opt/ros/humble/share/rosidl_generator_cpp/cmake)
-- Using all available rosidl_typesupport_c: rosidl_typesupport_fastrtps_c;rosidl_typesupport_introspection_c
-- Using all available rosidl_typesupport_cpp: rosidl_typesupport_fastrtps_cpp;rosidl_typesupport_introspection_cpp
-- Found rmw_implementation_cmake: 6.1.2 (/opt/ros/humble/share/rmw_implementation_cmake/cmake)
-- Found rmw_fastrtps_cpp: 6.2.7 (/opt/ros/humble/share/rmw_fastrtps_cpp/cmake)
-- Using RMW implementation 'rmw_fastrtps_cpp' as default
-- Found op3_tuning_module_msgs: 0.0.1 (/home/certezas/robotis_ws/install/op3_tuning_module_msgs/share/op3_tuning_module_msgs/cmake)
-- Configuring done
-- Generating done
-- Build files have been written to: /home/certezas/robotis_ws/build/op3_tuner_client
[  9%] [34m[1mGenerating ui_main_window.h[0m
[ 18%] [34m[1mGenerating qrc_images.cpp[0m
[ 27%] [34m[1mGenerating include/op3_tuner_client/moc_qnode.cpp[0m
[ 36%] [34m[1mGenerating include/op3_tuner_client/moc_main_window.cpp[0m
[35m[1mConsolidate compiler generated dependencies of target op3_tuner_client[0m
[ 45%] [32mBuilding CXX object CMakeFiles/op3_tuner_client.dir/src/main.cpp.o[0m
[ 54%] [32mBuilding CXX object CMakeFiles/op3_tuner_client.dir/qrc_images.cpp.o[0m
[ 63%] [32mBuilding CXX object CMakeFiles/op3_tuner_client.dir/include/op3_tuner_client/moc_qnode.cpp.o[0m
[ 72%] [32mBuilding CXX object CMakeFiles/op3_tuner_client.dir/include/op3_tuner_client/moc_main_window.cpp.o[0m
[ 81%] [32mBuilding CXX object CMakeFiles/op3_tuner_client.dir/src/qnode.cpp.o[0m
[ 90%] [32mBuilding CXX object CMakeFiles/op3_tuner_client.dir/src/main_window.cpp.o[0m
[100%] [32m[1mLinking CXX executable op3_tuner_client[0m
[100%] Built target op3_tuner_client
-- Install configuration: ""
-- Installing: /home/certezas/robotis_ws/install/op3_tuner_client/lib/op3_tuner_client/op3_tuner_client
-- Set runtime path of "/home/certezas/robotis_ws/install/op3_tuner_client/lib/op3_tuner_client/op3_tuner_client" to ""
-- Up-to-date: /home/certezas/robotis_ws/install/op3_tuner_client/share/op3_tuner_client/resources
-- Installing: /home/certezas/robotis_ws/install/op3_tuner_client/share/op3_tuner_client/resources/images.qrc
-- Up-to-date: /home/certezas/robotis_ws/install/op3_tuner_client/share/op3_tuner_client/resources/images
-- Installing: /home/certezas/robotis_ws/install/op3_tuner_client/share/op3_tuner_client/resources/images/icon.png
-- Installing: /home/certezas/robotis_ws/install/op3_tuner_client/share/op3_tuner_client/resources/images/robotis_icon.png
-- Up-to-date: /home/certezas/robotis_ws/install/op3_tuner_client/share/op3_tuner_client/launch
-- Installing: /home/certezas/robotis_ws/install/op3_tuner_client/share/op3_tuner_client/launch/op3_tuner.launch.xml
-- Installing: /home/certezas/robotis_ws/install/op3_tuner_client/share/op3_tuner_client/launch/op3_tuner_client.launch.xml
-- Up-to-date: /home/certezas/robotis_ws/install/op3_tuner_client/share/op3_tuner_client/config
-- Installing: /home/certezas/robotis_ws/install/op3_tuner_client/share/op3_tuner_client/config/joint_data.yaml
-- Installing: /home/certezas/robotis_ws/install/op3_tuner_client/share/op3_tuner_client/config/r_ank_pitch.perspective
-- Installing: /home/certezas/robotis_ws/install/op3_tuner_client/share/ament_index/resource_index/package_run_dependencies/op3_tuner_client
-- Installing: /home/certezas/robotis_ws/install/op3_tuner_client/share/ament_index/resource_index/parent_prefix_path/op3_tuner_client
-- Installing: /home/certezas/robotis_ws/install/op3_tuner_client/share/op3_tuner_client/environment/ament_prefix_path.sh
-- Installing: /home/certezas/robotis_ws/install/op3_tuner_client/share/op3_tuner_client/environment/ament_prefix_path.dsv
-- Installing: /home/certezas/robotis_ws/install/op3_tuner_client/share/op3_tuner_client/environment/path.sh
-- Installing: /home/certezas/robotis_ws/install/op3_tuner_client/share/op3_tuner_client/environment/path.dsv
-- Installing: /home/certezas/robotis_ws/install/op3_tuner_client/share/op3_tuner_client/local_setup.bash
-- Installing: /home/certezas/robotis_ws/install/op3_tuner_client/share/op3_tuner_client/local_setup.sh
-- Installing: /home/certezas/robotis_ws/install/op3_tuner_client/share/op3_tuner_client/local_setup.zsh
-- Installing: /home/certezas/robotis_ws/install/op3_tuner_client/share/op3_tuner_client/local_setup.dsv
-- Installing: /home/certezas/robotis_ws/install/op3_tuner_client/share/op3_tuner_client/package.dsv
-- Installing: /home/certezas/robotis_ws/install/op3_tuner_client/share/ament_index/resource_index/packages/op3_tuner_client
-- Installing: /home/certezas/robotis_ws/install/op3_tuner_client/share/op3_tuner_client/cmake/op3_tuner_clientConfig.cmake
-- Installing: /home/certezas/robotis_ws/install/op3_tuner_client/share/op3_tuner_client/cmake/op3_tuner_clientConfig-version.cmake
-- Installing: /home/certezas/robotis_ws/install/op3_tuner_client/share/op3_tuner_client/package.xml
