[0.946s] Invoking command in '/home/certezas/robotis_ws/build/robotis_controller_msgs': CMAKE_PREFIX_PATH=${CMAKE_PREFIX_PATH}:/opt/ros/humble /usr/bin/cmake --build /home/certezas/robotis_ws/build/robotis_controller_msgs -- -j12 -l12
[2.887s] -- Found ament_cmake: 1.3.11 (/opt/ros/humble/share/ament_cmake/cmake)
[4.790s] -- Found std_msgs: 4.8.0 (/opt/ros/humble/share/std_msgs/cmake)
[6.812s] -- Found rosidl_generator_c: 3.1.6 (/opt/ros/humble/share/rosidl_generator_c/cmake)
[6.814s] -- Found rosidl_adapter: 3.1.6 (/opt/ros/humble/share/rosidl_adapter/cmake)
[6.945s] -- Found rosidl_generator_cpp: 3.1.6 (/opt/ros/humble/share/rosidl_generator_cpp/cmake)
[7.228s] -- Using all available rosidl_typesupport_c: rosidl_typesupport_fastrtps_c;rosidl_typesupport_introspection_c
[7.249s] -- Using all available rosidl_typesupport_cpp: rosidl_typesupport_fastrtps_cpp;rosidl_typesupport_introspection_cpp
[7.632s] -- Found sensor_msgs: 4.8.0 (/opt/ros/humble/share/sensor_msgs/cmake)
[8.180s] -- Found rosidl_default_generators: 1.2.0 (/opt/ros/humble/share/rosidl_default_generators/cmake)
[9.966s] -- Found ament_cmake_ros: 0.10.0 (/opt/ros/humble/share/ament_cmake_ros/cmake)
[12.075s] -- Using all available rosidl_typesupport_c: rosidl_typesupport_fastrtps_c;rosidl_typesupport_introspection_c
[12.380s] -- Using all available rosidl_typesupport_cpp: rosidl_typesupport_fastrtps_cpp;rosidl_typesupport_introspection_cpp
[12.407s] -- Found python_cmake_module: 0.10.0 (/opt/ros/humble/share/python_cmake_module/cmake)
[12.451s] -- Using PYTHON_EXECUTABLE: /usr/bin/python3
[12.453s] -- Using PYTHON_INCLUDE_DIRS: /usr/include/python3.10
[12.453s] -- Using PYTHON_LIBRARIES: /usr/lib/x86_64-linux-gnu/libpython3.10.so
[13.341s] -- Configuring done
[18.429s] -- Generating done
[18.595s] -- Build files have been written to: /home/certezas/robotis_ws/build/robotis_controller_msgs
[18.944s] [  1%] Built target robotis_controller_msgs__cpp
[20.485s] [35m[1mConsolidate compiler generated dependencies of target robotis_controller_msgs__rosidl_generator_c[0m
[20.520s] [  2%] [32mBuilding C object CMakeFiles/robotis_controller_msgs__rosidl_generator_c.dir/rosidl_generator_c/robotis_controller_msgs/msg/detail/sync_write_item__functions.c.o[0m
[20.525s] [  3%] [32mBuilding C object CMakeFiles/robotis_controller_msgs__rosidl_generator_c.dir/rosidl_generator_c/robotis_controller_msgs/msg/detail/joint_ctrl_module__functions.c.o[0m
[20.527s] [  4%] [32mBuilding C object CMakeFiles/robotis_controller_msgs__rosidl_generator_c.dir/rosidl_generator_c/robotis_controller_msgs/msg/detail/status_msg__functions.c.o[0m
[20.797s] [35m[1mConsolidate compiler generated dependencies of target robotis_controller_msgs__rosidl_typesupport_cpp[0m
[20.844s] [  5%] [32mBuilding CXX object CMakeFiles/robotis_controller_msgs__rosidl_typesupport_cpp.dir/rosidl_typesupport_cpp/robotis_controller_msgs/msg/sync_write_item__type_support.cpp.o[0m
[21.042s] [  5%] Built target ament_cmake_python_copy_robotis_controller_msgs
[21.085s] [  6%] [32mBuilding CXX object CMakeFiles/robotis_controller_msgs__rosidl_typesupport_cpp.dir/rosidl_typesupport_cpp/robotis_controller_msgs/msg/joint_ctrl_module__type_support.cpp.o[0m
[21.424s] [35m[1mConsolidate compiler generated dependencies of target robotis_controller_msgs__rosidl_typesupport_fastrtps_cpp[0m
[21.449s] [35m[1mConsolidate compiler generated dependencies of target robotis_controller_msgs__rosidl_typesupport_introspection_cpp[0m
[21.506s] [  8%] [32mBuilding CXX object CMakeFiles/robotis_controller_msgs__rosidl_typesupport_fastrtps_cpp.dir/rosidl_typesupport_fastrtps_cpp/robotis_controller_msgs/msg/detail/dds_fastrtps/sync_write_item__type_support.cpp.o[0m
[21.534s] [  9%] [32mBuilding CXX object CMakeFiles/robotis_controller_msgs__rosidl_typesupport_introspection_cpp.dir/rosidl_typesupport_introspection_cpp/robotis_controller_msgs/msg/detail/sync_write_item__type_support.cpp.o[0m
[22.276s] [ 10%] [32mBuilding CXX object CMakeFiles/robotis_controller_msgs__rosidl_typesupport_cpp.dir/rosidl_typesupport_cpp/robotis_controller_msgs/msg/status_msg__type_support.cpp.o[0m
[22.953s] [ 11%] [32mBuilding CXX object CMakeFiles/robotis_controller_msgs__rosidl_typesupport_introspection_cpp.dir/rosidl_typesupport_introspection_cpp/robotis_controller_msgs/msg/detail/joint_ctrl_module__type_support.cpp.o[0m
[22.954s] [ 12%] [32mBuilding CXX object CMakeFiles/robotis_controller_msgs__rosidl_typesupport_fastrtps_cpp.dir/rosidl_typesupport_fastrtps_cpp/robotis_controller_msgs/msg/detail/dds_fastrtps/joint_ctrl_module__type_support.cpp.o[0m
[23.221s] [ 13%] [32mBuilding CXX object CMakeFiles/robotis_controller_msgs__rosidl_typesupport_cpp.dir/rosidl_typesupport_cpp/robotis_controller_msgs/msg/write_control_table__type_support.cpp.o[0m
[23.817s] [ 14%] [32mBuilding CXX object CMakeFiles/robotis_controller_msgs__rosidl_typesupport_cpp.dir/rosidl_typesupport_cpp/robotis_controller_msgs/srv/get_joint_module__type_support.cpp.o[0m
[23.877s] [ 16%] [32mBuilding CXX object CMakeFiles/robotis_controller_msgs__rosidl_typesupport_fastrtps_cpp.dir/rosidl_typesupport_fastrtps_cpp/robotis_controller_msgs/msg/detail/dds_fastrtps/status_msg__type_support.cpp.o[0m
[23.899s] [ 17%] [32mBuilding CXX object CMakeFiles/robotis_controller_msgs__rosidl_typesupport_introspection_cpp.dir/rosidl_typesupport_introspection_cpp/robotis_controller_msgs/msg/detail/status_msg__type_support.cpp.o[0m
[24.468s] [ 18%] [32mBuilding CXX object CMakeFiles/robotis_controller_msgs__rosidl_typesupport_cpp.dir/rosidl_typesupport_cpp/robotis_controller_msgs/srv/set_joint_module__type_support.cpp.o[0m
[24.676s] [ 19%] [32mBuilding CXX object CMakeFiles/robotis_controller_msgs__rosidl_typesupport_introspection_cpp.dir/rosidl_typesupport_introspection_cpp/robotis_controller_msgs/msg/detail/write_control_table__type_support.cpp.o[0m
[24.676s] [ 20%] [32mBuilding CXX object CMakeFiles/robotis_controller_msgs__rosidl_typesupport_fastrtps_cpp.dir/rosidl_typesupport_fastrtps_cpp/robotis_controller_msgs/msg/detail/dds_fastrtps/write_control_table__type_support.cpp.o[0m
[25.055s] [ 21%] [32mBuilding CXX object CMakeFiles/robotis_controller_msgs__rosidl_typesupport_cpp.dir/rosidl_typesupport_cpp/robotis_controller_msgs/srv/set_module__type_support.cpp.o[0m
[25.473s] [ 22%] [32mBuilding C object CMakeFiles/robotis_controller_msgs__rosidl_generator_c.dir/rosidl_generator_c/robotis_controller_msgs/srv/detail/load_offset__functions.c.o[0m
[25.643s] [ 24%] [32mBuilding CXX object CMakeFiles/robotis_controller_msgs__rosidl_typesupport_cpp.dir/rosidl_typesupport_cpp/robotis_controller_msgs/srv/load_offset__type_support.cpp.o[0m
[25.808s] [ 25%] [32mBuilding C object CMakeFiles/robotis_controller_msgs__rosidl_generator_c.dir/rosidl_generator_c/robotis_controller_msgs/srv/detail/set_module__functions.c.o[0m
[26.019s] [ 26%] [32mBuilding CXX object CMakeFiles/robotis_controller_msgs__rosidl_typesupport_introspection_cpp.dir/rosidl_typesupport_introspection_cpp/robotis_controller_msgs/srv/detail/set_module__type_support.cpp.o[0m
[26.116s] [ 27%] [32mBuilding C object CMakeFiles/robotis_controller_msgs__rosidl_generator_c.dir/rosidl_generator_c/robotis_controller_msgs/srv/detail/set_joint_module__functions.c.o[0m
[26.177s] [ 28%] [32mBuilding CXX object CMakeFiles/robotis_controller_msgs__rosidl_typesupport_fastrtps_cpp.dir/rosidl_typesupport_fastrtps_cpp/robotis_controller_msgs/srv/detail/dds_fastrtps/set_joint_module__type_support.cpp.o[0m
[26.345s] [ 29%] [32mBuilding C object CMakeFiles/robotis_controller_msgs__rosidl_generator_c.dir/rosidl_generator_c/robotis_controller_msgs/srv/detail/get_joint_module__functions.c.o[0m
[26.524s] [ 31%] [32m[1mLinking CXX shared library librobotis_controller_msgs__rosidl_typesupport_cpp.so[0m
[26.606s] [ 32%] [32mBuilding C object CMakeFiles/robotis_controller_msgs__rosidl_generator_c.dir/rosidl_generator_c/robotis_controller_msgs/msg/detail/write_control_table__functions.c.o[0m
[26.760s] [ 33%] [32m[1mLinking C shared library librobotis_controller_msgs__rosidl_generator_c.so[0m
[27.037s] [ 34%] [32mBuilding CXX object CMakeFiles/robotis_controller_msgs__rosidl_typesupport_introspection_cpp.dir/rosidl_typesupport_introspection_cpp/robotis_controller_msgs/srv/detail/load_offset__type_support.cpp.o[0m
[27.122s] [ 35%] [32mBuilding CXX object CMakeFiles/robotis_controller_msgs__rosidl_typesupport_fastrtps_cpp.dir/rosidl_typesupport_fastrtps_cpp/robotis_controller_msgs/srv/detail/dds_fastrtps/load_offset__type_support.cpp.o[0m
[27.842s] [ 36%] Built target robotis_controller_msgs__rosidl_typesupport_cpp
[27.871s] [ 37%] [32mBuilding CXX object CMakeFiles/robotis_controller_msgs__rosidl_typesupport_fastrtps_cpp.dir/rosidl_typesupport_fastrtps_cpp/robotis_controller_msgs/srv/detail/dds_fastrtps/set_module__type_support.cpp.o[0m
[28.003s] [ 39%] Built target robotis_controller_msgs__rosidl_generator_c
[28.107s] [ 40%] [32mBuilding CXX object CMakeFiles/robotis_controller_msgs__rosidl_typesupport_introspection_cpp.dir/rosidl_typesupport_introspection_cpp/robotis_controller_msgs/srv/detail/set_joint_module__type_support.cpp.o[0m
[28.689s] [ 41%] [32mBuilding CXX object CMakeFiles/robotis_controller_msgs__rosidl_typesupport_fastrtps_cpp.dir/rosidl_typesupport_fastrtps_cpp/robotis_controller_msgs/srv/detail/dds_fastrtps/get_joint_module__type_support.cpp.o[0m
[28.892s] [ 42%] [32mBuilding CXX object CMakeFiles/robotis_controller_msgs__rosidl_typesupport_introspection_cpp.dir/rosidl_typesupport_introspection_cpp/robotis_controller_msgs/srv/detail/get_joint_module__type_support.cpp.o[0m
[29.602s] [ 43%] [32m[1mLinking CXX shared library librobotis_controller_msgs__rosidl_typesupport_fastrtps_cpp.so[0m
[29.662s] [ 44%] [32m[1mLinking CXX shared library librobotis_controller_msgs__rosidl_typesupport_introspection_cpp.so[0m
[30.109s] [ 45%] Built target robotis_controller_msgs__rosidl_typesupport_fastrtps_cpp
[30.260s] [ 47%] Built target robotis_controller_msgs__rosidl_typesupport_introspection_cpp
[30.473s] [35m[1mConsolidate compiler generated dependencies of target robotis_controller_msgs__rosidl_typesupport_c[0m
[30.510s] [ 48%] [32mBuilding CXX object CMakeFiles/robotis_controller_msgs__rosidl_typesupport_c.dir/rosidl_typesupport_c/robotis_controller_msgs/msg/sync_write_item__type_support.cpp.o[0m
[30.880s] [ 49%] [32mBuilding CXX object CMakeFiles/robotis_controller_msgs__rosidl_typesupport_c.dir/rosidl_typesupport_c/robotis_controller_msgs/srv/load_offset__type_support.cpp.o[0m
[31.071s] [ 50%] [32mBuilding CXX object CMakeFiles/robotis_controller_msgs__rosidl_typesupport_c.dir/rosidl_typesupport_c/robotis_controller_msgs/srv/set_module__type_support.cpp.o[0m
[31.198s] [ 51%] [32mBuilding CXX object CMakeFiles/robotis_controller_msgs__rosidl_typesupport_c.dir/rosidl_typesupport_c/robotis_controller_msgs/srv/set_joint_module__type_support.cpp.o[0m
[31.303s] [ 52%] [32mBuilding CXX object CMakeFiles/robotis_controller_msgs__rosidl_typesupport_c.dir/rosidl_typesupport_c/robotis_controller_msgs/srv/get_joint_module__type_support.cpp.o[0m
[31.435s] [ 54%] [32mBuilding CXX object CMakeFiles/robotis_controller_msgs__rosidl_typesupport_c.dir/rosidl_typesupport_c/robotis_controller_msgs/msg/write_control_table__type_support.cpp.o[0m
[31.525s] [ 55%] [32mBuilding CXX object CMakeFiles/robotis_controller_msgs__rosidl_typesupport_c.dir/rosidl_typesupport_c/robotis_controller_msgs/msg/status_msg__type_support.cpp.o[0m
[31.648s] [ 56%] [32mBuilding CXX object CMakeFiles/robotis_controller_msgs__rosidl_typesupport_c.dir/rosidl_typesupport_c/robotis_controller_msgs/msg/joint_ctrl_module__type_support.cpp.o[0m
[31.785s] [ 57%] [32m[1mLinking CXX shared library librobotis_controller_msgs__rosidl_typesupport_c.so[0m
[33.360s] [ 58%] Built target robotis_controller_msgs__rosidl_typesupport_c
[33.642s] [35m[1mConsolidate compiler generated dependencies of target robotis_controller_msgs__rosidl_typesupport_introspection_c[0m
[33.681s] [ 59%] [32mBuilding C object CMakeFiles/robotis_controller_msgs__rosidl_typesupport_introspection_c.dir/rosidl_typesupport_introspection_c/robotis_controller_msgs/msg/detail/sync_write_item__type_support.c.o[0m
[33.864s] [ 60%] [32mBuilding C object CMakeFiles/robotis_controller_msgs__rosidl_typesupport_introspection_c.dir/rosidl_typesupport_introspection_c/robotis_controller_msgs/srv/detail/load_offset__type_support.c.o[0m
[33.969s] [ 62%] [32mBuilding C object CMakeFiles/robotis_controller_msgs__rosidl_typesupport_introspection_c.dir/rosidl_typesupport_introspection_c/robotis_controller_msgs/srv/detail/set_module__type_support.c.o[0m
[34.073s] [ 63%] [32mBuilding C object CMakeFiles/robotis_controller_msgs__rosidl_typesupport_introspection_c.dir/rosidl_typesupport_introspection_c/robotis_controller_msgs/srv/detail/set_joint_module__type_support.c.o[0m
[34.234s] [ 64%] [32mBuilding C object CMakeFiles/robotis_controller_msgs__rosidl_typesupport_introspection_c.dir/rosidl_typesupport_introspection_c/robotis_controller_msgs/srv/detail/get_joint_module__type_support.c.o[0m
[34.398s] [ 65%] [32mBuilding C object CMakeFiles/robotis_controller_msgs__rosidl_typesupport_introspection_c.dir/rosidl_typesupport_introspection_c/robotis_controller_msgs/msg/detail/write_control_table__type_support.c.o[0m
[34.541s] [ 66%] [32mBuilding C object CMakeFiles/robotis_controller_msgs__rosidl_typesupport_introspection_c.dir/rosidl_typesupport_introspection_c/robotis_controller_msgs/msg/detail/status_msg__type_support.c.o[0m
[34.838s] [ 67%] [32mBuilding C object CMakeFiles/robotis_controller_msgs__rosidl_typesupport_introspection_c.dir/rosidl_typesupport_introspection_c/robotis_controller_msgs/msg/detail/joint_ctrl_module__type_support.c.o[0m
[34.925s] [ 68%] [32m[1mLinking C shared library librobotis_controller_msgs__rosidl_typesupport_introspection_c.so[0m
[35.169s] [ 70%] Built target robotis_controller_msgs__rosidl_typesupport_introspection_c
[36.317s] [35m[1mConsolidate compiler generated dependencies of target robotis_controller_msgs__rosidl_typesupport_fastrtps_c[0m
[36.366s] [ 71%] [32mBuilding CXX object CMakeFiles/robotis_controller_msgs__rosidl_typesupport_fastrtps_c.dir/rosidl_typesupport_fastrtps_c/robotis_controller_msgs/msg/detail/sync_write_item__type_support_c.cpp.o[0m
[37.126s] [ 72%] [32mBuilding CXX object CMakeFiles/robotis_controller_msgs__rosidl_typesupport_fastrtps_c.dir/rosidl_typesupport_fastrtps_c/robotis_controller_msgs/srv/detail/load_offset__type_support_c.cpp.o[0m
[37.939s] [ 73%] [32mBuilding CXX object CMakeFiles/robotis_controller_msgs__rosidl_typesupport_fastrtps_c.dir/rosidl_typesupport_fastrtps_c/robotis_controller_msgs/srv/detail/set_module__type_support_c.cpp.o[0m
[38.811s] [ 74%] [32mBuilding CXX object CMakeFiles/robotis_controller_msgs__rosidl_typesupport_fastrtps_c.dir/rosidl_typesupport_fastrtps_c/robotis_controller_msgs/srv/detail/set_joint_module__type_support_c.cpp.o[0m
[39.582s] [ 75%] [32mBuilding CXX object CMakeFiles/robotis_controller_msgs__rosidl_typesupport_fastrtps_c.dir/rosidl_typesupport_fastrtps_c/robotis_controller_msgs/srv/detail/get_joint_module__type_support_c.cpp.o[0m
[40.436s] [ 77%] [32mBuilding CXX object CMakeFiles/robotis_controller_msgs__rosidl_typesupport_fastrtps_c.dir/rosidl_typesupport_fastrtps_c/robotis_controller_msgs/msg/detail/write_control_table__type_support_c.cpp.o[0m
[41.327s] [ 78%] [32mBuilding CXX object CMakeFiles/robotis_controller_msgs__rosidl_typesupport_fastrtps_c.dir/rosidl_typesupport_fastrtps_c/robotis_controller_msgs/msg/detail/status_msg__type_support_c.cpp.o[0m
[42.211s] [ 79%] [32mBuilding CXX object CMakeFiles/robotis_controller_msgs__rosidl_typesupport_fastrtps_c.dir/rosidl_typesupport_fastrtps_c/robotis_controller_msgs/msg/detail/joint_ctrl_module__type_support_c.cpp.o[0m
[42.970s] [ 80%] [32m[1mLinking CXX shared library librobotis_controller_msgs__rosidl_typesupport_fastrtps_c.so[0m
[43.310s] [ 81%] Built target robotis_controller_msgs__rosidl_typesupport_fastrtps_c
[43.965s] running egg_info
[43.966s] writing robotis_controller_msgs.egg-info/PKG-INFO
[44.036s] writing dependency_links to robotis_controller_msgs.egg-info/dependency_links.txt
[44.036s] writing top-level names to robotis_controller_msgs.egg-info/top_level.txt
[44.042s] reading manifest file 'robotis_controller_msgs.egg-info/SOURCES.txt'
[44.044s] writing manifest file 'robotis_controller_msgs.egg-info/SOURCES.txt'
[44.195s] [ 81%] Built target ament_cmake_python_build_robotis_controller_msgs_egg
[44.380s] [ 81%] Built target robotis_controller_msgs
[44.735s] [ 82%] Built target robotis_controller_msgs__py
[45.872s] [35m[1mConsolidate compiler generated dependencies of target robotis_controller_msgs__rosidl_generator_py[0m
[45.919s] [ 83%] [32mBuilding C object CMakeFiles/robotis_controller_msgs__rosidl_generator_py.dir/rosidl_generator_py/robotis_controller_msgs/msg/_sync_write_item_s.c.o[0m
[46.101s] [ 85%] [32mBuilding C object CMakeFiles/robotis_controller_msgs__rosidl_generator_py.dir/rosidl_generator_py/robotis_controller_msgs/srv/_load_offset_s.c.o[0m
[46.334s] [ 86%] [32mBuilding C object CMakeFiles/robotis_controller_msgs__rosidl_generator_py.dir/rosidl_generator_py/robotis_controller_msgs/srv/_set_module_s.c.o[0m
[46.501s] [ 87%] [32mBuilding C object CMakeFiles/robotis_controller_msgs__rosidl_generator_py.dir/rosidl_generator_py/robotis_controller_msgs/srv/_set_joint_module_s.c.o[0m
[46.686s] [ 88%] [32mBuilding C object CMakeFiles/robotis_controller_msgs__rosidl_generator_py.dir/rosidl_generator_py/robotis_controller_msgs/srv/_get_joint_module_s.c.o[0m
[46.909s] [ 89%] [32mBuilding C object CMakeFiles/robotis_controller_msgs__rosidl_generator_py.dir/rosidl_generator_py/robotis_controller_msgs/msg/_write_control_table_s.c.o[0m
[47.435s] [ 90%] [32mBuilding C object CMakeFiles/robotis_controller_msgs__rosidl_generator_py.dir/rosidl_generator_py/robotis_controller_msgs/msg/_status_msg_s.c.o[0m
[47.868s] [ 91%] [32mBuilding C object CMakeFiles/robotis_controller_msgs__rosidl_generator_py.dir/rosidl_generator_py/robotis_controller_msgs/msg/_joint_ctrl_module_s.c.o[0m
[48.105s] [ 93%] [32m[1mLinking C shared library rosidl_generator_py/robotis_controller_msgs/librobotis_controller_msgs__rosidl_generator_py.so[0m
[48.877s] [ 93%] Built target robotis_controller_msgs__rosidl_generator_py
[49.050s] [35m[1mConsolidate compiler generated dependencies of target robotis_controller_msgs__rosidl_typesupport_fastrtps_c__pyext[0m
[49.090s] [ 94%] [32mBuilding C object CMakeFiles/robotis_controller_msgs__rosidl_typesupport_fastrtps_c__pyext.dir/rosidl_generator_py/robotis_controller_msgs/_robotis_controller_msgs_s.ep.rosidl_typesupport_fastrtps_c.c.o[0m
[49.305s] [ 95%] [32m[1mLinking C shared library rosidl_generator_py/robotis_controller_msgs/robotis_controller_msgs_s__rosidl_typesupport_fastrtps_c.cpython-310-x86_64-linux-gnu.so[0m
[49.417s] [ 95%] Built target robotis_controller_msgs__rosidl_typesupport_fastrtps_c__pyext
[49.537s] [35m[1mConsolidate compiler generated dependencies of target robotis_controller_msgs__rosidl_typesupport_c__pyext[0m
[49.664s] [ 96%] [32mBuilding C object CMakeFiles/robotis_controller_msgs__rosidl_typesupport_c__pyext.dir/rosidl_generator_py/robotis_controller_msgs/_robotis_controller_msgs_s.ep.rosidl_typesupport_c.c.o[0m
[49.902s] [ 97%] [32m[1mLinking C shared library rosidl_generator_py/robotis_controller_msgs/robotis_controller_msgs_s__rosidl_typesupport_c.cpython-310-x86_64-linux-gnu.so[0m
[49.991s] [ 97%] Built target robotis_controller_msgs__rosidl_typesupport_c__pyext
[50.086s] [35m[1mConsolidate compiler generated dependencies of target robotis_controller_msgs__rosidl_typesupport_introspection_c__pyext[0m
[50.113s] [ 98%] [32mBuilding C object CMakeFiles/robotis_controller_msgs__rosidl_typesupport_introspection_c__pyext.dir/rosidl_generator_py/robotis_controller_msgs/_robotis_controller_msgs_s.ep.rosidl_typesupport_introspection_c.c.o[0m
[50.325s] [100%] [32m[1mLinking C shared library rosidl_generator_py/robotis_controller_msgs/robotis_controller_msgs_s__rosidl_typesupport_introspection_c.cpython-310-x86_64-linux-gnu.so[0m
[50.376s] [100%] Built target robotis_controller_msgs__rosidl_typesupport_introspection_c__pyext
[50.395s] Invoked command in '/home/certezas/robotis_ws/build/robotis_controller_msgs' returned '0': CMAKE_PREFIX_PATH=${CMAKE_PREFIX_PATH}:/opt/ros/humble /usr/bin/cmake --build /home/certezas/robotis_ws/build/robotis_controller_msgs -- -j12 -l12
[50.517s] Invoking command in '/home/certezas/robotis_ws/build/robotis_controller_msgs': CMAKE_PREFIX_PATH=${CMAKE_PREFIX_PATH}:/opt/ros/humble /usr/bin/cmake --install /home/certezas/robotis_ws/build/robotis_controller_msgs
[54.941s] -- Install configuration: ""
[54.941s] -- Installing: /home/certezas/robotis_ws/install/robotis_controller_msgs/share/ament_index/resource_index/rosidl_interfaces/robotis_controller_msgs
[54.941s] -- Up-to-date: /home/certezas/robotis_ws/install/robotis_controller_msgs/include/robotis_controller_msgs/robotis_controller_msgs
[54.941s] -- Up-to-date: /home/certezas/robotis_ws/install/robotis_controller_msgs/include/robotis_controller_msgs/robotis_controller_msgs/srv
[54.942s] -- Installing: /home/certezas/robotis_ws/install/robotis_controller_msgs/include/robotis_controller_msgs/robotis_controller_msgs/srv/set_module.h
[54.942s] -- Installing: /home/certezas/robotis_ws/install/robotis_controller_msgs/include/robotis_controller_msgs/robotis_controller_msgs/srv/load_offset.h
[54.942s] -- Installing: /home/certezas/robotis_ws/install/robotis_controller_msgs/include/robotis_controller_msgs/robotis_controller_msgs/srv/get_joint_module.h
[54.942s] -- Up-to-date: /home/certezas/robotis_ws/install/robotis_controller_msgs/include/robotis_controller_msgs/robotis_controller_msgs/srv/detail
[54.942s] -- Installing: /home/certezas/robotis_ws/install/robotis_controller_msgs/include/robotis_controller_msgs/robotis_controller_msgs/srv/detail/get_joint_module__struct.h
[54.942s] -- Installing: /home/certezas/robotis_ws/install/robotis_controller_msgs/include/robotis_controller_msgs/robotis_controller_msgs/srv/detail/set_module__functions.c
[54.942s] -- Installing: /home/certezas/robotis_ws/install/robotis_controller_msgs/include/robotis_controller_msgs/robotis_controller_msgs/srv/detail/get_joint_module__type_support.h
[54.942s] -- Installing: /home/certezas/robotis_ws/install/robotis_controller_msgs/include/robotis_controller_msgs/robotis_controller_msgs/srv/detail/set_joint_module__functions.c
[54.942s] -- Installing: /home/certezas/robotis_ws/install/robotis_controller_msgs/include/robotis_controller_msgs/robotis_controller_msgs/srv/detail/set_module__type_support.h
[54.942s] -- Installing: /home/certezas/robotis_ws/install/robotis_controller_msgs/include/robotis_controller_msgs/robotis_controller_msgs/srv/detail/get_joint_module__functions.c
[54.942s] -- Installing: /home/certezas/robotis_ws/install/robotis_controller_msgs/include/robotis_controller_msgs/robotis_controller_msgs/srv/detail/set_joint_module__type_support.h
[54.942s] -- Installing: /home/certezas/robotis_ws/install/robotis_controller_msgs/include/robotis_controller_msgs/robotis_controller_msgs/srv/detail/load_offset__type_support.h
[54.943s] -- Installing: /home/certezas/robotis_ws/install/robotis_controller_msgs/include/robotis_controller_msgs/robotis_controller_msgs/srv/detail/load_offset__functions.c
[54.943s] -- Installing: /home/certezas/robotis_ws/install/robotis_controller_msgs/include/robotis_controller_msgs/robotis_controller_msgs/srv/detail/set_module__functions.h
[54.943s] -- Installing: /home/certezas/robotis_ws/install/robotis_controller_msgs/include/robotis_controller_msgs/robotis_controller_msgs/srv/detail/set_joint_module__struct.h
[54.943s] -- Installing: /home/certezas/robotis_ws/install/robotis_controller_msgs/include/robotis_controller_msgs/robotis_controller_msgs/srv/detail/load_offset__functions.h
[54.943s] -- Installing: /home/certezas/robotis_ws/install/robotis_controller_msgs/include/robotis_controller_msgs/robotis_controller_msgs/srv/detail/load_offset__struct.h
[54.943s] -- Installing: /home/certezas/robotis_ws/install/robotis_controller_msgs/include/robotis_controller_msgs/robotis_controller_msgs/srv/detail/get_joint_module__functions.h
[54.943s] -- Installing: /home/certezas/robotis_ws/install/robotis_controller_msgs/include/robotis_controller_msgs/robotis_controller_msgs/srv/detail/set_module__struct.h
[54.943s] -- Installing: /home/certezas/robotis_ws/install/robotis_controller_msgs/include/robotis_controller_msgs/robotis_controller_msgs/srv/detail/set_joint_module__functions.h
[54.943s] -- Installing: /home/certezas/robotis_ws/install/robotis_controller_msgs/include/robotis_controller_msgs/robotis_controller_msgs/srv/set_joint_module.h
[54.943s] -- Up-to-date: /home/certezas/robotis_ws/install/robotis_controller_msgs/include/robotis_controller_msgs/robotis_controller_msgs/msg
[54.943s] -- Installing: /home/certezas/robotis_ws/install/robotis_controller_msgs/include/robotis_controller_msgs/robotis_controller_msgs/msg/rosidl_generator_c__visibility_control.h
[54.943s] -- Installing: /home/certezas/robotis_ws/install/robotis_controller_msgs/include/robotis_controller_msgs/robotis_controller_msgs/msg/write_control_table.h
[54.944s] -- Installing: /home/certezas/robotis_ws/install/robotis_controller_msgs/include/robotis_controller_msgs/robotis_controller_msgs/msg/joint_ctrl_module.h
[54.944s] -- Installing: /home/certezas/robotis_ws/install/robotis_controller_msgs/include/robotis_controller_msgs/robotis_controller_msgs/msg/status_msg.h
[54.944s] -- Installing: /home/certezas/robotis_ws/install/robotis_controller_msgs/include/robotis_controller_msgs/robotis_controller_msgs/msg/sync_write_item.h
[54.944s] -- Up-to-date: /home/certezas/robotis_ws/install/robotis_controller_msgs/include/robotis_controller_msgs/robotis_controller_msgs/msg/detail
[54.944s] -- Installing: /home/certezas/robotis_ws/install/robotis_controller_msgs/include/robotis_controller_msgs/robotis_controller_msgs/msg/detail/joint_ctrl_module__functions.c
[54.944s] -- Installing: /home/certezas/robotis_ws/install/robotis_controller_msgs/include/robotis_controller_msgs/robotis_controller_msgs/msg/detail/sync_write_item__type_support.h
[54.944s] -- Installing: /home/certezas/robotis_ws/install/robotis_controller_msgs/include/robotis_controller_msgs/robotis_controller_msgs/msg/detail/write_control_table__struct.h
[54.944s] -- Installing: /home/certezas/robotis_ws/install/robotis_controller_msgs/include/robotis_controller_msgs/robotis_controller_msgs/msg/detail/sync_write_item__struct.h
[54.944s] -- Installing: /home/certezas/robotis_ws/install/robotis_controller_msgs/include/robotis_controller_msgs/robotis_controller_msgs/msg/detail/sync_write_item__functions.h
[54.944s] -- Installing: /home/certezas/robotis_ws/install/robotis_controller_msgs/include/robotis_controller_msgs/robotis_controller_msgs/msg/detail/status_msg__functions.h
[54.944s] -- Installing: /home/certezas/robotis_ws/install/robotis_controller_msgs/include/robotis_controller_msgs/robotis_controller_msgs/msg/detail/sync_write_item__functions.c
[54.944s] -- Installing: /home/certezas/robotis_ws/install/robotis_controller_msgs/include/robotis_controller_msgs/robotis_controller_msgs/msg/detail/joint_ctrl_module__functions.h
[54.944s] -- Installing: /home/certezas/robotis_ws/install/robotis_controller_msgs/include/robotis_controller_msgs/robotis_controller_msgs/msg/detail/joint_ctrl_module__struct.h
[54.945s] -- Installing: /home/certezas/robotis_ws/install/robotis_controller_msgs/include/robotis_controller_msgs/robotis_controller_msgs/msg/detail/status_msg__struct.h
[54.945s] -- Installing: /home/certezas/robotis_ws/install/robotis_controller_msgs/include/robotis_controller_msgs/robotis_controller_msgs/msg/detail/write_control_table__functions.h
[54.945s] -- Installing: /home/certezas/robotis_ws/install/robotis_controller_msgs/include/robotis_controller_msgs/robotis_controller_msgs/msg/detail/write_control_table__functions.c
[54.945s] -- Installing: /home/certezas/robotis_ws/install/robotis_controller_msgs/include/robotis_controller_msgs/robotis_controller_msgs/msg/detail/write_control_table__type_support.h
[54.945s] -- Installing: /home/certezas/robotis_ws/install/robotis_controller_msgs/include/robotis_controller_msgs/robotis_controller_msgs/msg/detail/status_msg__type_support.h
[54.945s] -- Installing: /home/certezas/robotis_ws/install/robotis_controller_msgs/include/robotis_controller_msgs/robotis_controller_msgs/msg/detail/joint_ctrl_module__type_support.h
[54.945s] -- Installing: /home/certezas/robotis_ws/install/robotis_controller_msgs/include/robotis_controller_msgs/robotis_controller_msgs/msg/detail/status_msg__functions.c
[54.945s] -- Installing: /home/certezas/robotis_ws/install/robotis_controller_msgs/share/robotis_controller_msgs/environment/library_path.sh
[54.945s] -- Installing: /home/certezas/robotis_ws/install/robotis_controller_msgs/share/robotis_controller_msgs/environment/library_path.dsv
[54.945s] -- Installing: /home/certezas/robotis_ws/install/robotis_controller_msgs/lib/librobotis_controller_msgs__rosidl_generator_c.so
[54.945s] -- Set runtime path of "/home/certezas/robotis_ws/install/robotis_controller_msgs/lib/librobotis_controller_msgs__rosidl_generator_c.so" to ""
[54.945s] -- Up-to-date: /home/certezas/robotis_ws/install/robotis_controller_msgs/include/robotis_controller_msgs/robotis_controller_msgs
[54.946s] -- Up-to-date: /home/certezas/robotis_ws/install/robotis_controller_msgs/include/robotis_controller_msgs/robotis_controller_msgs/srv
[54.946s] -- Up-to-date: /home/certezas/robotis_ws/install/robotis_controller_msgs/include/robotis_controller_msgs/robotis_controller_msgs/srv/detail
[54.946s] -- Installing: /home/certezas/robotis_ws/install/robotis_controller_msgs/include/robotis_controller_msgs/robotis_controller_msgs/srv/detail/set_module__rosidl_typesupport_fastrtps_c.h
[54.946s] -- Installing: /home/certezas/robotis_ws/install/robotis_controller_msgs/include/robotis_controller_msgs/robotis_controller_msgs/srv/detail/load_offset__rosidl_typesupport_fastrtps_c.h
[54.946s] -- Installing: /home/certezas/robotis_ws/install/robotis_controller_msgs/include/robotis_controller_msgs/robotis_controller_msgs/srv/detail/set_joint_module__rosidl_typesupport_fastrtps_c.h
[54.946s] -- Installing: /home/certezas/robotis_ws/install/robotis_controller_msgs/include/robotis_controller_msgs/robotis_controller_msgs/srv/detail/get_joint_module__rosidl_typesupport_fastrtps_c.h
[54.946s] -- Up-to-date: /home/certezas/robotis_ws/install/robotis_controller_msgs/include/robotis_controller_msgs/robotis_controller_msgs/msg
[54.946s] -- Up-to-date: /home/certezas/robotis_ws/install/robotis_controller_msgs/include/robotis_controller_msgs/robotis_controller_msgs/msg/detail
[54.946s] -- Installing: /home/certezas/robotis_ws/install/robotis_controller_msgs/include/robotis_controller_msgs/robotis_controller_msgs/msg/detail/write_control_table__rosidl_typesupport_fastrtps_c.h
[54.946s] -- Installing: /home/certezas/robotis_ws/install/robotis_controller_msgs/include/robotis_controller_msgs/robotis_controller_msgs/msg/detail/status_msg__rosidl_typesupport_fastrtps_c.h
[54.946s] -- Installing: /home/certezas/robotis_ws/install/robotis_controller_msgs/include/robotis_controller_msgs/robotis_controller_msgs/msg/detail/joint_ctrl_module__rosidl_typesupport_fastrtps_c.h
[54.946s] -- Installing: /home/certezas/robotis_ws/install/robotis_controller_msgs/include/robotis_controller_msgs/robotis_controller_msgs/msg/detail/sync_write_item__rosidl_typesupport_fastrtps_c.h
[54.947s] -- Installing: /home/certezas/robotis_ws/install/robotis_controller_msgs/include/robotis_controller_msgs/robotis_controller_msgs/msg/rosidl_typesupport_fastrtps_c__visibility_control.h
[54.947s] -- Installing: /home/certezas/robotis_ws/install/robotis_controller_msgs/lib/librobotis_controller_msgs__rosidl_typesupport_fastrtps_c.so
[54.947s] -- Set runtime path of "/home/certezas/robotis_ws/install/robotis_controller_msgs/lib/librobotis_controller_msgs__rosidl_typesupport_fastrtps_c.so" to ""
[54.947s] -- Up-to-date: /home/certezas/robotis_ws/install/robotis_controller_msgs/include/robotis_controller_msgs/robotis_controller_msgs
[54.947s] -- Up-to-date: /home/certezas/robotis_ws/install/robotis_controller_msgs/include/robotis_controller_msgs/robotis_controller_msgs/srv
[54.947s] -- Installing: /home/certezas/robotis_ws/install/robotis_controller_msgs/include/robotis_controller_msgs/robotis_controller_msgs/srv/set_module.hpp
[54.947s] -- Installing: /home/certezas/robotis_ws/install/robotis_controller_msgs/include/robotis_controller_msgs/robotis_controller_msgs/srv/load_offset.hpp
[54.947s] -- Up-to-date: /home/certezas/robotis_ws/install/robotis_controller_msgs/include/robotis_controller_msgs/robotis_controller_msgs/srv/detail
[54.947s] -- Installing: /home/certezas/robotis_ws/install/robotis_controller_msgs/include/robotis_controller_msgs/robotis_controller_msgs/srv/detail/set_module__traits.hpp
[54.947s] -- Installing: /home/certezas/robotis_ws/install/robotis_controller_msgs/include/robotis_controller_msgs/robotis_controller_msgs/srv/detail/get_joint_module__struct.hpp
[54.947s] -- Installing: /home/certezas/robotis_ws/install/robotis_controller_msgs/include/robotis_controller_msgs/robotis_controller_msgs/srv/detail/set_joint_module__traits.hpp
[54.947s] -- Installing: /home/certezas/robotis_ws/install/robotis_controller_msgs/include/robotis_controller_msgs/robotis_controller_msgs/srv/detail/set_module__struct.hpp
[54.948s] -- Installing: /home/certezas/robotis_ws/install/robotis_controller_msgs/include/robotis_controller_msgs/robotis_controller_msgs/srv/detail/get_joint_module__traits.hpp
[54.948s] -- Installing: /home/certezas/robotis_ws/install/robotis_controller_msgs/include/robotis_controller_msgs/robotis_controller_msgs/srv/detail/get_joint_module__builder.hpp
[54.948s] -- Installing: /home/certezas/robotis_ws/install/robotis_controller_msgs/include/robotis_controller_msgs/robotis_controller_msgs/srv/detail/set_module__builder.hpp
[54.948s] -- Installing: /home/certezas/robotis_ws/install/robotis_controller_msgs/include/robotis_controller_msgs/robotis_controller_msgs/srv/detail/set_joint_module__builder.hpp
[54.948s] -- Installing: /home/certezas/robotis_ws/install/robotis_controller_msgs/include/robotis_controller_msgs/robotis_controller_msgs/srv/detail/set_joint_module__type_support.hpp
[54.948s] -- Installing: /home/certezas/robotis_ws/install/robotis_controller_msgs/include/robotis_controller_msgs/robotis_controller_msgs/srv/detail/load_offset__traits.hpp
[54.948s] -- Installing: /home/certezas/robotis_ws/install/robotis_controller_msgs/include/robotis_controller_msgs/robotis_controller_msgs/srv/detail/load_offset__builder.hpp
[54.948s] -- Installing: /home/certezas/robotis_ws/install/robotis_controller_msgs/include/robotis_controller_msgs/robotis_controller_msgs/srv/detail/load_offset__type_support.hpp
[54.949s] -- Installing: /home/certezas/robotis_ws/install/robotis_controller_msgs/include/robotis_controller_msgs/robotis_controller_msgs/srv/detail/set_module__type_support.hpp
[54.949s] -- Installing: /home/certezas/robotis_ws/install/robotis_controller_msgs/include/robotis_controller_msgs/robotis_controller_msgs/srv/detail/set_joint_module__struct.hpp
[54.949s] -- Installing: /home/certezas/robotis_ws/install/robotis_controller_msgs/include/robotis_controller_msgs/robotis_controller_msgs/srv/detail/get_joint_module__type_support.hpp
[54.949s] -- Installing: /home/certezas/robotis_ws/install/robotis_controller_msgs/include/robotis_controller_msgs/robotis_controller_msgs/srv/detail/load_offset__struct.hpp
[54.949s] -- Installing: /home/certezas/robotis_ws/install/robotis_controller_msgs/include/robotis_controller_msgs/robotis_controller_msgs/srv/get_joint_module.hpp
[54.949s] -- Installing: /home/certezas/robotis_ws/install/robotis_controller_msgs/include/robotis_controller_msgs/robotis_controller_msgs/srv/set_joint_module.hpp
[54.949s] -- Up-to-date: /home/certezas/robotis_ws/install/robotis_controller_msgs/include/robotis_controller_msgs/robotis_controller_msgs/msg
[54.949s] -- Installing: /home/certezas/robotis_ws/install/robotis_controller_msgs/include/robotis_controller_msgs/robotis_controller_msgs/msg/write_control_table.hpp
[54.949s] -- Installing: /home/certezas/robotis_ws/install/robotis_controller_msgs/include/robotis_controller_msgs/robotis_controller_msgs/msg/joint_ctrl_module.hpp
[54.949s] -- Installing: /home/certezas/robotis_ws/install/robotis_controller_msgs/include/robotis_controller_msgs/robotis_controller_msgs/msg/status_msg.hpp
[54.949s] -- Installing: /home/certezas/robotis_ws/install/robotis_controller_msgs/include/robotis_controller_msgs/robotis_controller_msgs/msg/rosidl_generator_cpp__visibility_control.hpp
[54.949s] -- Installing: /home/certezas/robotis_ws/install/robotis_controller_msgs/include/robotis_controller_msgs/robotis_controller_msgs/msg/sync_write_item.hpp
[54.950s] -- Up-to-date: /home/certezas/robotis_ws/install/robotis_controller_msgs/include/robotis_controller_msgs/robotis_controller_msgs/msg/detail
[54.950s] -- Installing: /home/certezas/robotis_ws/install/robotis_controller_msgs/include/robotis_controller_msgs/robotis_controller_msgs/msg/detail/joint_ctrl_module__builder.hpp
[54.950s] -- Installing: /home/certezas/robotis_ws/install/robotis_controller_msgs/include/robotis_controller_msgs/robotis_controller_msgs/msg/detail/sync_write_item__traits.hpp
[54.950s] -- Installing: /home/certezas/robotis_ws/install/robotis_controller_msgs/include/robotis_controller_msgs/robotis_controller_msgs/msg/detail/joint_ctrl_module__struct.hpp
[54.950s] -- Installing: /home/certezas/robotis_ws/install/robotis_controller_msgs/include/robotis_controller_msgs/robotis_controller_msgs/msg/detail/write_control_table__traits.hpp
[54.950s] -- Installing: /home/certezas/robotis_ws/install/robotis_controller_msgs/include/robotis_controller_msgs/robotis_controller_msgs/msg/detail/sync_write_item__type_support.hpp
[54.950s] -- Installing: /home/certezas/robotis_ws/install/robotis_controller_msgs/include/robotis_controller_msgs/robotis_controller_msgs/msg/detail/joint_ctrl_module__traits.hpp
[54.950s] -- Installing: /home/certezas/robotis_ws/install/robotis_controller_msgs/include/robotis_controller_msgs/robotis_controller_msgs/msg/detail/status_msg__type_support.hpp
[54.950s] -- Installing: /home/certezas/robotis_ws/install/robotis_controller_msgs/include/robotis_controller_msgs/robotis_controller_msgs/msg/detail/status_msg__traits.hpp
[54.950s] -- Installing: /home/certezas/robotis_ws/install/robotis_controller_msgs/include/robotis_controller_msgs/robotis_controller_msgs/msg/detail/write_control_table__type_support.hpp
[54.950s] -- Installing: /home/certezas/robotis_ws/install/robotis_controller_msgs/include/robotis_controller_msgs/robotis_controller_msgs/msg/detail/write_control_table__struct.hpp
[54.951s] -- Installing: /home/certezas/robotis_ws/install/robotis_controller_msgs/include/robotis_controller_msgs/robotis_controller_msgs/msg/detail/status_msg__builder.hpp
[54.951s] -- Installing: /home/certezas/robotis_ws/install/robotis_controller_msgs/include/robotis_controller_msgs/robotis_controller_msgs/msg/detail/sync_write_item__builder.hpp
[54.951s] -- Installing: /home/certezas/robotis_ws/install/robotis_controller_msgs/include/robotis_controller_msgs/robotis_controller_msgs/msg/detail/joint_ctrl_module__type_support.hpp
[55.015s] -- Installing: /home/certezas/robotis_ws/install/robotis_controller_msgs/include/robotis_controller_msgs/robotis_controller_msgs/msg/detail/status_msg__struct.hpp
[55.015s] -- Installing: /home/certezas/robotis_ws/install/robotis_controller_msgs/include/robotis_controller_msgs/robotis_controller_msgs/msg/detail/sync_write_item__struct.hpp
[55.015s] -- Installing: /home/certezas/robotis_ws/install/robotis_controller_msgs/include/robotis_controller_msgs/robotis_controller_msgs/msg/detail/write_control_table__builder.hpp
[55.059s] -- Up-to-date: /home/certezas/robotis_ws/install/robotis_controller_msgs/include/robotis_controller_msgs/robotis_controller_msgs
[55.059s] -- Up-to-date: /home/certezas/robotis_ws/install/robotis_controller_msgs/include/robotis_controller_msgs/robotis_controller_msgs/srv
[55.059s] -- Up-to-date: /home/certezas/robotis_ws/install/robotis_controller_msgs/include/robotis_controller_msgs/robotis_controller_msgs/srv/detail
[55.059s] -- Up-to-date: /home/certezas/robotis_ws/install/robotis_controller_msgs/include/robotis_controller_msgs/robotis_controller_msgs/srv/detail/dds_fastrtps
[55.059s] -- Installing: /home/certezas/robotis_ws/install/robotis_controller_msgs/include/robotis_controller_msgs/robotis_controller_msgs/srv/detail/set_joint_module__rosidl_typesupport_fastrtps_cpp.hpp
[55.059s] -- Installing: /home/certezas/robotis_ws/install/robotis_controller_msgs/include/robotis_controller_msgs/robotis_controller_msgs/srv/detail/load_offset__rosidl_typesupport_fastrtps_cpp.hpp
[55.059s] -- Installing: /home/certezas/robotis_ws/install/robotis_controller_msgs/include/robotis_controller_msgs/robotis_controller_msgs/srv/detail/set_module__rosidl_typesupport_fastrtps_cpp.hpp
[55.059s] -- Installing: /home/certezas/robotis_ws/install/robotis_controller_msgs/include/robotis_controller_msgs/robotis_controller_msgs/srv/detail/get_joint_module__rosidl_typesupport_fastrtps_cpp.hpp
[55.059s] -- Up-to-date: /home/certezas/robotis_ws/install/robotis_controller_msgs/include/robotis_controller_msgs/robotis_controller_msgs/msg
[55.060s] -- Installing: /home/certezas/robotis_ws/install/robotis_controller_msgs/include/robotis_controller_msgs/robotis_controller_msgs/msg/rosidl_typesupport_fastrtps_cpp__visibility_control.h
[55.060s] -- Up-to-date: /home/certezas/robotis_ws/install/robotis_controller_msgs/include/robotis_controller_msgs/robotis_controller_msgs/msg/detail
[55.060s] -- Installing: /home/certezas/robotis_ws/install/robotis_controller_msgs/include/robotis_controller_msgs/robotis_controller_msgs/msg/detail/joint_ctrl_module__rosidl_typesupport_fastrtps_cpp.hpp
[55.060s] -- Up-to-date: /home/certezas/robotis_ws/install/robotis_controller_msgs/include/robotis_controller_msgs/robotis_controller_msgs/msg/detail/dds_fastrtps
[55.060s] -- Installing: /home/certezas/robotis_ws/install/robotis_controller_msgs/include/robotis_controller_msgs/robotis_controller_msgs/msg/detail/status_msg__rosidl_typesupport_fastrtps_cpp.hpp
[55.060s] -- Installing: /home/certezas/robotis_ws/install/robotis_controller_msgs/include/robotis_controller_msgs/robotis_controller_msgs/msg/detail/write_control_table__rosidl_typesupport_fastrtps_cpp.hpp
[55.060s] -- Installing: /home/certezas/robotis_ws/install/robotis_controller_msgs/include/robotis_controller_msgs/robotis_controller_msgs/msg/detail/sync_write_item__rosidl_typesupport_fastrtps_cpp.hpp
[55.169s] -- Installing: /home/certezas/robotis_ws/install/robotis_controller_msgs/lib/librobotis_controller_msgs__rosidl_typesupport_fastrtps_cpp.so
[55.169s] -- Set runtime path of "/home/certezas/robotis_ws/install/robotis_controller_msgs/lib/librobotis_controller_msgs__rosidl_typesupport_fastrtps_cpp.so" to ""
[55.169s] -- Up-to-date: /home/certezas/robotis_ws/install/robotis_controller_msgs/include/robotis_controller_msgs/robotis_controller_msgs
[55.169s] -- Up-to-date: /home/certezas/robotis_ws/install/robotis_controller_msgs/include/robotis_controller_msgs/robotis_controller_msgs/srv
[55.169s] -- Up-to-date: /home/certezas/robotis_ws/install/robotis_controller_msgs/include/robotis_controller_msgs/robotis_controller_msgs/srv/detail
[55.169s] -- Installing: /home/certezas/robotis_ws/install/robotis_controller_msgs/include/robotis_controller_msgs/robotis_controller_msgs/srv/detail/set_joint_module__type_support.c
[55.169s] -- Installing: /home/certezas/robotis_ws/install/robotis_controller_msgs/include/robotis_controller_msgs/robotis_controller_msgs/srv/detail/get_joint_module__type_support.c
[55.170s] -- Installing: /home/certezas/robotis_ws/install/robotis_controller_msgs/include/robotis_controller_msgs/robotis_controller_msgs/srv/detail/set_module__type_support.c
[55.170s] -- Installing: /home/certezas/robotis_ws/install/robotis_controller_msgs/include/robotis_controller_msgs/robotis_controller_msgs/srv/detail/get_joint_module__rosidl_typesupport_introspection_c.h
[55.170s] -- Installing: /home/certezas/robotis_ws/install/robotis_controller_msgs/include/robotis_controller_msgs/robotis_controller_msgs/srv/detail/set_joint_module__rosidl_typesupport_introspection_c.h
[55.170s] -- Installing: /home/certezas/robotis_ws/install/robotis_controller_msgs/include/robotis_controller_msgs/robotis_controller_msgs/srv/detail/load_offset__type_support.c
[55.170s] -- Installing: /home/certezas/robotis_ws/install/robotis_controller_msgs/include/robotis_controller_msgs/robotis_controller_msgs/srv/detail/set_module__rosidl_typesupport_introspection_c.h
[55.170s] -- Installing: /home/certezas/robotis_ws/install/robotis_controller_msgs/include/robotis_controller_msgs/robotis_controller_msgs/srv/detail/load_offset__rosidl_typesupport_introspection_c.h
[55.171s] -- Up-to-date: /home/certezas/robotis_ws/install/robotis_controller_msgs/include/robotis_controller_msgs/robotis_controller_msgs/msg
[55.171s] -- Installing: /home/certezas/robotis_ws/install/robotis_controller_msgs/include/robotis_controller_msgs/robotis_controller_msgs/msg/rosidl_typesupport_introspection_c__visibility_control.h
[55.171s] -- Up-to-date: /home/certezas/robotis_ws/install/robotis_controller_msgs/include/robotis_controller_msgs/robotis_controller_msgs/msg/detail
[55.171s] -- Installing: /home/certezas/robotis_ws/install/robotis_controller_msgs/include/robotis_controller_msgs/robotis_controller_msgs/msg/detail/status_msg__rosidl_typesupport_introspection_c.h
[55.171s] -- Installing: /home/certezas/robotis_ws/install/robotis_controller_msgs/include/robotis_controller_msgs/robotis_controller_msgs/msg/detail/write_control_table__type_support.c
[55.171s] -- Installing: /home/certezas/robotis_ws/install/robotis_controller_msgs/include/robotis_controller_msgs/robotis_controller_msgs/msg/detail/sync_write_item__type_support.c
[55.171s] -- Installing: /home/certezas/robotis_ws/install/robotis_controller_msgs/include/robotis_controller_msgs/robotis_controller_msgs/msg/detail/joint_ctrl_module__rosidl_typesupport_introspection_c.h
[55.171s] -- Installing: /home/certezas/robotis_ws/install/robotis_controller_msgs/include/robotis_controller_msgs/robotis_controller_msgs/msg/detail/sync_write_item__rosidl_typesupport_introspection_c.h
[55.171s] -- Installing: /home/certezas/robotis_ws/install/robotis_controller_msgs/include/robotis_controller_msgs/robotis_controller_msgs/msg/detail/status_msg__type_support.c
[55.172s] -- Installing: /home/certezas/robotis_ws/install/robotis_controller_msgs/include/robotis_controller_msgs/robotis_controller_msgs/msg/detail/joint_ctrl_module__type_support.c
[55.172s] -- Installing: /home/certezas/robotis_ws/install/robotis_controller_msgs/include/robotis_controller_msgs/robotis_controller_msgs/msg/detail/write_control_table__rosidl_typesupport_introspection_c.h
[55.248s] -- Installing: /home/certezas/robotis_ws/install/robotis_controller_msgs/lib/librobotis_controller_msgs__rosidl_typesupport_introspection_c.so
[55.249s] -- Set runtime path of "/home/certezas/robotis_ws/install/robotis_controller_msgs/lib/librobotis_controller_msgs__rosidl_typesupport_introspection_c.so" to ""
[55.687s] -- Installing: /home/certezas/robotis_ws/install/robotis_controller_msgs/lib/librobotis_controller_msgs__rosidl_typesupport_c.so
[55.687s] -- Set runtime path of "/home/certezas/robotis_ws/install/robotis_controller_msgs/lib/librobotis_controller_msgs__rosidl_typesupport_c.so" to ""
[55.687s] -- Up-to-date: /home/certezas/robotis_ws/install/robotis_controller_msgs/include/robotis_controller_msgs/robotis_controller_msgs
[55.687s] -- Up-to-date: /home/certezas/robotis_ws/install/robotis_controller_msgs/include/robotis_controller_msgs/robotis_controller_msgs/srv
[55.687s] -- Up-to-date: /home/certezas/robotis_ws/install/robotis_controller_msgs/include/robotis_controller_msgs/robotis_controller_msgs/srv/detail
[55.688s] -- Installing: /home/certezas/robotis_ws/install/robotis_controller_msgs/include/robotis_controller_msgs/robotis_controller_msgs/srv/detail/set_module__rosidl_typesupport_introspection_cpp.hpp
[55.825s] -- Installing: /home/certezas/robotis_ws/install/robotis_controller_msgs/include/robotis_controller_msgs/robotis_controller_msgs/srv/detail/set_joint_module__rosidl_typesupport_introspection_cpp.hpp
[55.825s] -- Installing: /home/certezas/robotis_ws/install/robotis_controller_msgs/include/robotis_controller_msgs/robotis_controller_msgs/srv/detail/get_joint_module__type_support.cpp
[55.825s] -- Installing: /home/certezas/robotis_ws/install/robotis_controller_msgs/include/robotis_controller_msgs/robotis_controller_msgs/srv/detail/get_joint_module__rosidl_typesupport_introspection_cpp.hpp
[55.825s] -- Installing: /home/certezas/robotis_ws/install/robotis_controller_msgs/include/robotis_controller_msgs/robotis_controller_msgs/srv/detail/load_offset__rosidl_typesupport_introspection_cpp.hpp
[55.826s] -- Installing: /home/certezas/robotis_ws/install/robotis_controller_msgs/include/robotis_controller_msgs/robotis_controller_msgs/srv/detail/set_joint_module__type_support.cpp
[55.826s] -- Installing: /home/certezas/robotis_ws/install/robotis_controller_msgs/include/robotis_controller_msgs/robotis_controller_msgs/srv/detail/load_offset__type_support.cpp
[55.826s] -- Installing: /home/certezas/robotis_ws/install/robotis_controller_msgs/include/robotis_controller_msgs/robotis_controller_msgs/srv/detail/set_module__type_support.cpp
[55.826s] -- Up-to-date: /home/certezas/robotis_ws/install/robotis_controller_msgs/include/robotis_controller_msgs/robotis_controller_msgs/msg
[55.826s] -- Up-to-date: /home/certezas/robotis_ws/install/robotis_controller_msgs/include/robotis_controller_msgs/robotis_controller_msgs/msg/detail
[55.826s] -- Installing: /home/certezas/robotis_ws/install/robotis_controller_msgs/include/robotis_controller_msgs/robotis_controller_msgs/msg/detail/write_control_table__type_support.cpp
[55.826s] -- Installing: /home/certezas/robotis_ws/install/robotis_controller_msgs/include/robotis_controller_msgs/robotis_controller_msgs/msg/detail/write_control_table__rosidl_typesupport_introspection_cpp.hpp
[55.827s] -- Installing: /home/certezas/robotis_ws/install/robotis_controller_msgs/include/robotis_controller_msgs/robotis_controller_msgs/msg/detail/joint_ctrl_module__rosidl_typesupport_introspection_cpp.hpp
[55.827s] -- Installing: /home/certezas/robotis_ws/install/robotis_controller_msgs/include/robotis_controller_msgs/robotis_controller_msgs/msg/detail/sync_write_item__type_support.cpp
[55.827s] -- Installing: /home/certezas/robotis_ws/install/robotis_controller_msgs/include/robotis_controller_msgs/robotis_controller_msgs/msg/detail/status_msg__rosidl_typesupport_introspection_cpp.hpp
[55.827s] -- Installing: /home/certezas/robotis_ws/install/robotis_controller_msgs/include/robotis_controller_msgs/robotis_controller_msgs/msg/detail/sync_write_item__rosidl_typesupport_introspection_cpp.hpp
[55.828s] -- Installing: /home/certezas/robotis_ws/install/robotis_controller_msgs/include/robotis_controller_msgs/robotis_controller_msgs/msg/detail/status_msg__type_support.cpp
[55.828s] -- Installing: /home/certezas/robotis_ws/install/robotis_controller_msgs/include/robotis_controller_msgs/robotis_controller_msgs/msg/detail/joint_ctrl_module__type_support.cpp
[55.984s] -- Installing: /home/certezas/robotis_ws/install/robotis_controller_msgs/lib/librobotis_controller_msgs__rosidl_typesupport_introspection_cpp.so
[55.984s] -- Set runtime path of "/home/certezas/robotis_ws/install/robotis_controller_msgs/lib/librobotis_controller_msgs__rosidl_typesupport_introspection_cpp.so" to ""
[56.004s] -- Installing: /home/certezas/robotis_ws/install/robotis_controller_msgs/lib/librobotis_controller_msgs__rosidl_typesupport_cpp.so
[56.004s] -- Set runtime path of "/home/certezas/robotis_ws/install/robotis_controller_msgs/lib/librobotis_controller_msgs__rosidl_typesupport_cpp.so" to ""
[56.004s] -- Installing: /home/certezas/robotis_ws/install/robotis_controller_msgs/share/robotis_controller_msgs/environment/pythonpath.sh
[56.004s] -- Installing: /home/certezas/robotis_ws/install/robotis_controller_msgs/share/robotis_controller_msgs/environment/pythonpath.dsv
[56.004s] -- Up-to-date: /home/certezas/robotis_ws/install/robotis_controller_msgs/local/lib/python3.10/dist-packages/robotis_controller_msgs-0.1.4-py3.10.egg-info
[56.004s] -- Installing: /home/certezas/robotis_ws/install/robotis_controller_msgs/local/lib/python3.10/dist-packages/robotis_controller_msgs-0.1.4-py3.10.egg-info/PKG-INFO
[56.005s] -- Installing: /home/certezas/robotis_ws/install/robotis_controller_msgs/local/lib/python3.10/dist-packages/robotis_controller_msgs-0.1.4-py3.10.egg-info/dependency_links.txt
[56.005s] -- Installing: /home/certezas/robotis_ws/install/robotis_controller_msgs/local/lib/python3.10/dist-packages/robotis_controller_msgs-0.1.4-py3.10.egg-info/top_level.txt
[56.005s] -- Installing: /home/certezas/robotis_ws/install/robotis_controller_msgs/local/lib/python3.10/dist-packages/robotis_controller_msgs-0.1.4-py3.10.egg-info/SOURCES.txt
[56.005s] -- Up-to-date: /home/certezas/robotis_ws/install/robotis_controller_msgs/local/lib/python3.10/dist-packages/robotis_controller_msgs
[56.005s] -- Installing: /home/certezas/robotis_ws/install/robotis_controller_msgs/local/lib/python3.10/dist-packages/robotis_controller_msgs/_robotis_controller_msgs_s.ep.rosidl_typesupport_introspection_c.c
[56.005s] -- Installing: /home/certezas/robotis_ws/install/robotis_controller_msgs/local/lib/python3.10/dist-packages/robotis_controller_msgs/robotis_controller_msgs_s__rosidl_typesupport_fastrtps_c.cpython-310-x86_64-linux-gnu.so
[56.005s] -- Installing: /home/certezas/robotis_ws/install/robotis_controller_msgs/local/lib/python3.10/dist-packages/robotis_controller_msgs/__init__.py
[56.005s] -- Installing: /home/certezas/robotis_ws/install/robotis_controller_msgs/local/lib/python3.10/dist-packages/robotis_controller_msgs/_robotis_controller_msgs_s.ep.rosidl_typesupport_c.c
[56.005s] -- Up-to-date: /home/certezas/robotis_ws/install/robotis_controller_msgs/local/lib/python3.10/dist-packages/robotis_controller_msgs/srv
[56.005s] -- Installing: /home/certezas/robotis_ws/install/robotis_controller_msgs/local/lib/python3.10/dist-packages/robotis_controller_msgs/srv/_set_module_s.c
[56.005s] -- Installing: /home/certezas/robotis_ws/install/robotis_controller_msgs/local/lib/python3.10/dist-packages/robotis_controller_msgs/srv/_load_offset.py
[56.006s] -- Installing: /home/certezas/robotis_ws/install/robotis_controller_msgs/local/lib/python3.10/dist-packages/robotis_controller_msgs/srv/_get_joint_module_s.c
[56.006s] -- Installing: /home/certezas/robotis_ws/install/robotis_controller_msgs/local/lib/python3.10/dist-packages/robotis_controller_msgs/srv/_set_joint_module_s.c
[56.006s] -- Installing: /home/certezas/robotis_ws/install/robotis_controller_msgs/local/lib/python3.10/dist-packages/robotis_controller_msgs/srv/_set_joint_module.py
[56.006s] -- Installing: /home/certezas/robotis_ws/install/robotis_controller_msgs/local/lib/python3.10/dist-packages/robotis_controller_msgs/srv/__init__.py
[56.006s] -- Installing: /home/certezas/robotis_ws/install/robotis_controller_msgs/local/lib/python3.10/dist-packages/robotis_controller_msgs/srv/_load_offset_s.c
[56.006s] -- Installing: /home/certezas/robotis_ws/install/robotis_controller_msgs/local/lib/python3.10/dist-packages/robotis_controller_msgs/srv/_get_joint_module.py
[56.006s] -- Installing: /home/certezas/robotis_ws/install/robotis_controller_msgs/local/lib/python3.10/dist-packages/robotis_controller_msgs/srv/_set_module.py
[56.006s] -- Installing: /home/certezas/robotis_ws/install/robotis_controller_msgs/local/lib/python3.10/dist-packages/robotis_controller_msgs/robotis_controller_msgs_s__rosidl_typesupport_introspection_c.cpython-310-x86_64-linux-gnu.so
[56.006s] -- Installing: /home/certezas/robotis_ws/install/robotis_controller_msgs/local/lib/python3.10/dist-packages/robotis_controller_msgs/_robotis_controller_msgs_s.ep.rosidl_typesupport_fastrtps_c.c
[56.007s] -- Up-to-date: /home/certezas/robotis_ws/install/robotis_controller_msgs/local/lib/python3.10/dist-packages/robotis_controller_msgs/msg
[56.007s] -- Installing: /home/certezas/robotis_ws/install/robotis_controller_msgs/local/lib/python3.10/dist-packages/robotis_controller_msgs/msg/_status_msg.py
[56.007s] -- Installing: /home/certezas/robotis_ws/install/robotis_controller_msgs/local/lib/python3.10/dist-packages/robotis_controller_msgs/msg/_write_control_table_s.c
[56.007s] -- Installing: /home/certezas/robotis_ws/install/robotis_controller_msgs/local/lib/python3.10/dist-packages/robotis_controller_msgs/msg/__init__.py
[56.007s] -- Installing: /home/certezas/robotis_ws/install/robotis_controller_msgs/local/lib/python3.10/dist-packages/robotis_controller_msgs/msg/_status_msg_s.c
[56.007s] -- Installing: /home/certezas/robotis_ws/install/robotis_controller_msgs/local/lib/python3.10/dist-packages/robotis_controller_msgs/msg/_joint_ctrl_module_s.c
[56.007s] -- Installing: /home/certezas/robotis_ws/install/robotis_controller_msgs/local/lib/python3.10/dist-packages/robotis_controller_msgs/msg/_sync_write_item.py
[56.007s] -- Installing: /home/certezas/robotis_ws/install/robotis_controller_msgs/local/lib/python3.10/dist-packages/robotis_controller_msgs/msg/_joint_ctrl_module.py
[56.007s] -- Installing: /home/certezas/robotis_ws/install/robotis_controller_msgs/local/lib/python3.10/dist-packages/robotis_controller_msgs/msg/_sync_write_item_s.c
[56.007s] -- Installing: /home/certezas/robotis_ws/install/robotis_controller_msgs/local/lib/python3.10/dist-packages/robotis_controller_msgs/msg/_write_control_table.py
[56.007s] -- Installing: /home/certezas/robotis_ws/install/robotis_controller_msgs/local/lib/python3.10/dist-packages/robotis_controller_msgs/librobotis_controller_msgs__rosidl_generator_py.so
[56.008s] -- Installing: /home/certezas/robotis_ws/install/robotis_controller_msgs/local/lib/python3.10/dist-packages/robotis_controller_msgs/robotis_controller_msgs_s__rosidl_typesupport_c.cpython-310-x86_64-linux-gnu.so
[56.269s] Listing '/home/certezas/robotis_ws/install/robotis_controller_msgs/local/lib/python3.10/dist-packages/robotis_controller_msgs'...
[56.269s] Compiling '/home/certezas/robotis_ws/install/robotis_controller_msgs/local/lib/python3.10/dist-packages/robotis_controller_msgs/__init__.py'...
[56.269s] Listing '/home/certezas/robotis_ws/install/robotis_controller_msgs/local/lib/python3.10/dist-packages/robotis_controller_msgs/msg'...
[56.270s] Compiling '/home/certezas/robotis_ws/install/robotis_controller_msgs/local/lib/python3.10/dist-packages/robotis_controller_msgs/msg/__init__.py'...
[56.270s] Compiling '/home/certezas/robotis_ws/install/robotis_controller_msgs/local/lib/python3.10/dist-packages/robotis_controller_msgs/msg/_joint_ctrl_module.py'...
[56.270s] Compiling '/home/certezas/robotis_ws/install/robotis_controller_msgs/local/lib/python3.10/dist-packages/robotis_controller_msgs/msg/_status_msg.py'...
[56.270s] Compiling '/home/certezas/robotis_ws/install/robotis_controller_msgs/local/lib/python3.10/dist-packages/robotis_controller_msgs/msg/_sync_write_item.py'...
[56.270s] Compiling '/home/certezas/robotis_ws/install/robotis_controller_msgs/local/lib/python3.10/dist-packages/robotis_controller_msgs/msg/_write_control_table.py'...
[56.270s] Listing '/home/certezas/robotis_ws/install/robotis_controller_msgs/local/lib/python3.10/dist-packages/robotis_controller_msgs/srv'...
[56.270s] Compiling '/home/certezas/robotis_ws/install/robotis_controller_msgs/local/lib/python3.10/dist-packages/robotis_controller_msgs/srv/__init__.py'...
[56.270s] Compiling '/home/certezas/robotis_ws/install/robotis_controller_msgs/local/lib/python3.10/dist-packages/robotis_controller_msgs/srv/_get_joint_module.py'...
[56.271s] Compiling '/home/certezas/robotis_ws/install/robotis_controller_msgs/local/lib/python3.10/dist-packages/robotis_controller_msgs/srv/_load_offset.py'...
[56.271s] Compiling '/home/certezas/robotis_ws/install/robotis_controller_msgs/local/lib/python3.10/dist-packages/robotis_controller_msgs/srv/_set_joint_module.py'...
[56.271s] Compiling '/home/certezas/robotis_ws/install/robotis_controller_msgs/local/lib/python3.10/dist-packages/robotis_controller_msgs/srv/_set_module.py'...
[56.281s] -- Installing: /home/certezas/robotis_ws/install/robotis_controller_msgs/local/lib/python3.10/dist-packages/robotis_controller_msgs/robotis_controller_msgs_s__rosidl_typesupport_fastrtps_c.cpython-310-x86_64-linux-gnu.so
[56.281s] -- Set runtime path of "/home/certezas/robotis_ws/install/robotis_controller_msgs/local/lib/python3.10/dist-packages/robotis_controller_msgs/robotis_controller_msgs_s__rosidl_typesupport_fastrtps_c.cpython-310-x86_64-linux-gnu.so" to ""
[56.282s] -- Installing: /home/certezas/robotis_ws/install/robotis_controller_msgs/local/lib/python3.10/dist-packages/robotis_controller_msgs/robotis_controller_msgs_s__rosidl_typesupport_introspection_c.cpython-310-x86_64-linux-gnu.so
[56.282s] -- Set runtime path of "/home/certezas/robotis_ws/install/robotis_controller_msgs/local/lib/python3.10/dist-packages/robotis_controller_msgs/robotis_controller_msgs_s__rosidl_typesupport_introspection_c.cpython-310-x86_64-linux-gnu.so" to ""
[56.282s] -- Installing: /home/certezas/robotis_ws/install/robotis_controller_msgs/local/lib/python3.10/dist-packages/robotis_controller_msgs/robotis_controller_msgs_s__rosidl_typesupport_c.cpython-310-x86_64-linux-gnu.so
[56.283s] -- Set runtime path of "/home/certezas/robotis_ws/install/robotis_controller_msgs/local/lib/python3.10/dist-packages/robotis_controller_msgs/robotis_controller_msgs_s__rosidl_typesupport_c.cpython-310-x86_64-linux-gnu.so" to ""
[56.484s] -- Installing: /home/certezas/robotis_ws/install/robotis_controller_msgs/lib/librobotis_controller_msgs__rosidl_generator_py.so
[56.484s] -- Set runtime path of "/home/certezas/robotis_ws/install/robotis_controller_msgs/lib/librobotis_controller_msgs__rosidl_generator_py.so" to ""
[56.548s] -- Installing: /home/certezas/robotis_ws/install/robotis_controller_msgs/share/robotis_controller_msgs/msg/SyncWriteItem.idl
[56.548s] -- Installing: /home/certezas/robotis_ws/install/robotis_controller_msgs/share/robotis_controller_msgs/msg/JointCtrlModule.idl
[56.548s] -- Installing: /home/certezas/robotis_ws/install/robotis_controller_msgs/share/robotis_controller_msgs/msg/StatusMsg.idl
[56.548s] -- Installing: /home/certezas/robotis_ws/install/robotis_controller_msgs/share/robotis_controller_msgs/msg/WriteControlTable.idl
[56.561s] -- Installing: /home/certezas/robotis_ws/install/robotis_controller_msgs/share/robotis_controller_msgs/srv/GetJointModule.idl
[56.561s] -- Installing: /home/certezas/robotis_ws/install/robotis_controller_msgs/share/robotis_controller_msgs/srv/SetJointModule.idl
[56.561s] -- Installing: /home/certezas/robotis_ws/install/robotis_controller_msgs/share/robotis_controller_msgs/srv/SetModule.idl
[56.561s] -- Installing: /home/certezas/robotis_ws/install/robotis_controller_msgs/share/robotis_controller_msgs/srv/LoadOffset.idl
[56.562s] -- Installing: /home/certezas/robotis_ws/install/robotis_controller_msgs/share/robotis_controller_msgs/msg/SyncWriteItem.msg
[56.562s] -- Installing: /home/certezas/robotis_ws/install/robotis_controller_msgs/share/robotis_controller_msgs/msg/JointCtrlModule.msg
[56.562s] -- Installing: /home/certezas/robotis_ws/install/robotis_controller_msgs/share/robotis_controller_msgs/msg/StatusMsg.msg
[56.562s] -- Installing: /home/certezas/robotis_ws/install/robotis_controller_msgs/share/robotis_controller_msgs/msg/WriteControlTable.msg
[56.562s] -- Installing: /home/certezas/robotis_ws/install/robotis_controller_msgs/share/robotis_controller_msgs/srv/GetJointModule.srv
[56.562s] -- Installing: /home/certezas/robotis_ws/install/robotis_controller_msgs/share/robotis_controller_msgs/srv/GetJointModule_Request.msg
[56.562s] -- Installing: /home/certezas/robotis_ws/install/robotis_controller_msgs/share/robotis_controller_msgs/srv/GetJointModule_Response.msg
[56.563s] -- Installing: /home/certezas/robotis_ws/install/robotis_controller_msgs/share/robotis_controller_msgs/srv/SetJointModule.srv
[56.563s] -- Installing: /home/certezas/robotis_ws/install/robotis_controller_msgs/share/robotis_controller_msgs/srv/SetJointModule_Request.msg
[56.563s] -- Installing: /home/certezas/robotis_ws/install/robotis_controller_msgs/share/robotis_controller_msgs/srv/SetJointModule_Response.msg
[56.563s] -- Installing: /home/certezas/robotis_ws/install/robotis_controller_msgs/share/robotis_controller_msgs/srv/SetModule.srv
[56.563s] -- Installing: /home/certezas/robotis_ws/install/robotis_controller_msgs/share/robotis_controller_msgs/srv/SetModule_Request.msg
[56.564s] -- Installing: /home/certezas/robotis_ws/install/robotis_controller_msgs/share/robotis_controller_msgs/srv/SetModule_Response.msg
[56.564s] -- Installing: /home/certezas/robotis_ws/install/robotis_controller_msgs/share/robotis_controller_msgs/srv/LoadOffset.srv
[56.564s] -- Installing: /home/certezas/robotis_ws/install/robotis_controller_msgs/share/robotis_controller_msgs/srv/LoadOffset_Request.msg
[56.564s] -- Installing: /home/certezas/robotis_ws/install/robotis_controller_msgs/share/robotis_controller_msgs/srv/LoadOffset_Response.msg
[56.565s] -- Installing: /home/certezas/robotis_ws/install/robotis_controller_msgs/share/ament_index/resource_index/package_run_dependencies/robotis_controller_msgs
[56.574s] -- Installing: /home/certezas/robotis_ws/install/robotis_controller_msgs/share/ament_index/resource_index/parent_prefix_path/robotis_controller_msgs
[56.574s] -- Installing: /home/certezas/robotis_ws/install/robotis_controller_msgs/share/robotis_controller_msgs/environment/ament_prefix_path.sh
[56.575s] -- Installing: /home/certezas/robotis_ws/install/robotis_controller_msgs/share/robotis_controller_msgs/environment/ament_prefix_path.dsv
[56.575s] -- Installing: /home/certezas/robotis_ws/install/robotis_controller_msgs/share/robotis_controller_msgs/environment/path.sh
[56.575s] -- Installing: /home/certezas/robotis_ws/install/robotis_controller_msgs/share/robotis_controller_msgs/environment/path.dsv
[56.575s] -- Installing: /home/certezas/robotis_ws/install/robotis_controller_msgs/share/robotis_controller_msgs/local_setup.bash
[56.576s] -- Installing: /home/certezas/robotis_ws/install/robotis_controller_msgs/share/robotis_controller_msgs/local_setup.sh
[56.576s] -- Installing: /home/certezas/robotis_ws/install/robotis_controller_msgs/share/robotis_controller_msgs/local_setup.zsh
[56.576s] -- Installing: /home/certezas/robotis_ws/install/robotis_controller_msgs/share/robotis_controller_msgs/local_setup.dsv
[56.576s] -- Installing: /home/certezas/robotis_ws/install/robotis_controller_msgs/share/robotis_controller_msgs/package.dsv
[56.582s] -- Installing: /home/certezas/robotis_ws/install/robotis_controller_msgs/share/ament_index/resource_index/packages/robotis_controller_msgs
[56.608s] -- Installing: /home/certezas/robotis_ws/install/robotis_controller_msgs/share/robotis_controller_msgs/cmake/export_robotis_controller_msgs__rosidl_generator_cExport.cmake
[56.609s] -- Installing: /home/certezas/robotis_ws/install/robotis_controller_msgs/share/robotis_controller_msgs/cmake/export_robotis_controller_msgs__rosidl_generator_cExport-noconfig.cmake
[56.613s] -- Installing: /home/certezas/robotis_ws/install/robotis_controller_msgs/share/robotis_controller_msgs/cmake/export_robotis_controller_msgs__rosidl_typesupport_fastrtps_cExport.cmake
[56.613s] -- Installing: /home/certezas/robotis_ws/install/robotis_controller_msgs/share/robotis_controller_msgs/cmake/export_robotis_controller_msgs__rosidl_typesupport_fastrtps_cExport-noconfig.cmake
[56.616s] -- Installing: /home/certezas/robotis_ws/install/robotis_controller_msgs/share/robotis_controller_msgs/cmake/export_robotis_controller_msgs__rosidl_generator_cppExport.cmake
[56.617s] -- Installing: /home/certezas/robotis_ws/install/robotis_controller_msgs/share/robotis_controller_msgs/cmake/export_robotis_controller_msgs__rosidl_typesupport_fastrtps_cppExport.cmake
[56.617s] -- Installing: /home/certezas/robotis_ws/install/robotis_controller_msgs/share/robotis_controller_msgs/cmake/export_robotis_controller_msgs__rosidl_typesupport_fastrtps_cppExport-noconfig.cmake
[56.618s] -- Installing: /home/certezas/robotis_ws/install/robotis_controller_msgs/share/robotis_controller_msgs/cmake/robotis_controller_msgs__rosidl_typesupport_introspection_cExport.cmake
[56.618s] -- Installing: /home/certezas/robotis_ws/install/robotis_controller_msgs/share/robotis_controller_msgs/cmake/robotis_controller_msgs__rosidl_typesupport_introspection_cExport-noconfig.cmake
[56.619s] -- Installing: /home/certezas/robotis_ws/install/robotis_controller_msgs/share/robotis_controller_msgs/cmake/robotis_controller_msgs__rosidl_typesupport_cExport.cmake
[56.619s] -- Installing: /home/certezas/robotis_ws/install/robotis_controller_msgs/share/robotis_controller_msgs/cmake/robotis_controller_msgs__rosidl_typesupport_cExport-noconfig.cmake
[56.698s] -- Installing: /home/certezas/robotis_ws/install/robotis_controller_msgs/share/robotis_controller_msgs/cmake/robotis_controller_msgs__rosidl_typesupport_introspection_cppExport.cmake
[56.699s] -- Installing: /home/certezas/robotis_ws/install/robotis_controller_msgs/share/robotis_controller_msgs/cmake/robotis_controller_msgs__rosidl_typesupport_introspection_cppExport-noconfig.cmake
[56.699s] -- Installing: /home/certezas/robotis_ws/install/robotis_controller_msgs/share/robotis_controller_msgs/cmake/robotis_controller_msgs__rosidl_typesupport_cppExport.cmake
[56.699s] -- Installing: /home/certezas/robotis_ws/install/robotis_controller_msgs/share/robotis_controller_msgs/cmake/robotis_controller_msgs__rosidl_typesupport_cppExport-noconfig.cmake
[56.699s] -- Installing: /home/certezas/robotis_ws/install/robotis_controller_msgs/share/robotis_controller_msgs/cmake/export_robotis_controller_msgs__rosidl_generator_pyExport.cmake
[56.700s] -- Installing: /home/certezas/robotis_ws/install/robotis_controller_msgs/share/robotis_controller_msgs/cmake/export_robotis_controller_msgs__rosidl_generator_pyExport-noconfig.cmake
[56.700s] -- Installing: /home/certezas/robotis_ws/install/robotis_controller_msgs/share/robotis_controller_msgs/cmake/rosidl_cmake-extras.cmake
[56.700s] -- Installing: /home/certezas/robotis_ws/install/robotis_controller_msgs/share/robotis_controller_msgs/cmake/ament_cmake_export_dependencies-extras.cmake
[56.700s] -- Installing: /home/certezas/robotis_ws/install/robotis_controller_msgs/share/robotis_controller_msgs/cmake/ament_cmake_export_include_directories-extras.cmake
[56.701s] -- Installing: /home/certezas/robotis_ws/install/robotis_controller_msgs/share/robotis_controller_msgs/cmake/ament_cmake_export_libraries-extras.cmake
[56.701s] -- Installing: /home/certezas/robotis_ws/install/robotis_controller_msgs/share/robotis_controller_msgs/cmake/ament_cmake_export_targets-extras.cmake
[56.701s] -- Installing: /home/certezas/robotis_ws/install/robotis_controller_msgs/share/robotis_controller_msgs/cmake/rosidl_cmake_export_typesupport_targets-extras.cmake
[56.701s] -- Installing: /home/certezas/robotis_ws/install/robotis_controller_msgs/share/robotis_controller_msgs/cmake/rosidl_cmake_export_typesupport_libraries-extras.cmake
[56.701s] -- Installing: /home/certezas/robotis_ws/install/robotis_controller_msgs/share/robotis_controller_msgs/cmake/robotis_controller_msgsConfig.cmake
[56.702s] -- Installing: /home/certezas/robotis_ws/install/robotis_controller_msgs/share/robotis_controller_msgs/cmake/robotis_controller_msgsConfig-version.cmake
[56.702s] -- Installing: /home/certezas/robotis_ws/install/robotis_controller_msgs/share/robotis_controller_msgs/package.xml
[56.720s] Invoked command in '/home/certezas/robotis_ws/build/robotis_controller_msgs' returned '0': CMAKE_PREFIX_PATH=${CMAKE_PREFIX_PATH}:/opt/ros/humble /usr/bin/cmake --install /home/certezas/robotis_ws/build/robotis_controller_msgs
