-- Found ament_cmake: 1.3.11 (/opt/ros/humble/share/ament_cmake/cmake)
-- Found rclcpp: 16.0.12 (/opt/ros/humble/share/rclcpp/cmake)
-- Found rosidl_generator_c: 3.1.6 (/opt/ros/humble/share/rosidl_generator_c/cmake)
-- Found rosidl_adapter: 3.1.6 (/opt/ros/humble/share/rosidl_adapter/cmake)
-- Found rosidl_generator_cpp: 3.1.6 (/opt/ros/humble/share/rosidl_generator_cpp/cmake)
-- Using all available rosidl_typesupport_c: rosidl_typesupport_fastrtps_c;rosidl_typesupport_introspection_c
-- Using all available rosidl_typesupport_cpp: rosidl_typesupport_fastrtps_cpp;rosidl_typesupport_introspection_cpp
-- Found rmw_implementation_cmake: 6.1.2 (/opt/ros/humble/share/rmw_implementation_cmake/cmake)
-- Found rmw_fastrtps_cpp: 6.2.7 (/opt/ros/humble/share/rmw_fastrtps_cpp/cmake)
-- Using RMW implementation 'rmw_fastrtps_cpp' as default
-- Found robotis_math: 0.2.6 (/home/certezas/robotis_ws/install/robotis_math/share/robotis_math/cmake)
-- Configuring done
-- Generating done
-- Build files have been written to: /home/certezas/robotis_ws/build/op3_kinematics_dynamics
[35m[1mConsolidate compiler generated dependencies of target op3_kinematics_dynamics[0m
[ 33%] [32mBuilding CXX object CMakeFiles/op3_kinematics_dynamics.dir/src/link_data.cpp.o[0m
[ 66%] [32mBuilding CXX object CMakeFiles/op3_kinematics_dynamics.dir/src/op3_kinematics_dynamics.cpp.o[0m
[100%] [32m[1mLinking CXX shared library libop3_kinematics_dynamics.so[0m
[100%] Built target op3_kinematics_dynamics
-- Install configuration: ""
-- Installing: /home/certezas/robotis_ws/install/op3_kinematics_dynamics/lib/libop3_kinematics_dynamics.so
-- Set runtime path of "/home/certezas/robotis_ws/install/op3_kinematics_dynamics/lib/libop3_kinematics_dynamics.so" to ""
-- Up-to-date: /home/certezas/robotis_ws/install/op3_kinematics_dynamics/include/op3_kinematics_dynamics
-- Installing: /home/certezas/robotis_ws/install/op3_kinematics_dynamics/include/op3_kinematics_dynamics/link_data.h
-- Installing: /home/certezas/robotis_ws/install/op3_kinematics_dynamics/include/op3_kinematics_dynamics/op3_kinematics_dynamics.h
-- Installing: /home/certezas/robotis_ws/install/op3_kinematics_dynamics/include/op3_kinematics_dynamics/op3_kinematics_dynamics_define.h
-- Installing: /home/certezas/robotis_ws/install/op3_kinematics_dynamics/share/op3_kinematics_dynamics/environment/library_path.sh
-- Installing: /home/certezas/robotis_ws/install/op3_kinematics_dynamics/share/op3_kinematics_dynamics/environment/library_path.dsv
-- Installing: /home/certezas/robotis_ws/install/op3_kinematics_dynamics/share/ament_index/resource_index/package_run_dependencies/op3_kinematics_dynamics
-- Installing: /home/certezas/robotis_ws/install/op3_kinematics_dynamics/share/ament_index/resource_index/parent_prefix_path/op3_kinematics_dynamics
-- Installing: /home/certezas/robotis_ws/install/op3_kinematics_dynamics/share/op3_kinematics_dynamics/environment/ament_prefix_path.sh
-- Installing: /home/certezas/robotis_ws/install/op3_kinematics_dynamics/share/op3_kinematics_dynamics/environment/ament_prefix_path.dsv
-- Installing: /home/certezas/robotis_ws/install/op3_kinematics_dynamics/share/op3_kinematics_dynamics/environment/path.sh
-- Installing: /home/certezas/robotis_ws/install/op3_kinematics_dynamics/share/op3_kinematics_dynamics/environment/path.dsv
-- Installing: /home/certezas/robotis_ws/install/op3_kinematics_dynamics/share/op3_kinematics_dynamics/local_setup.bash
-- Installing: /home/certezas/robotis_ws/install/op3_kinematics_dynamics/share/op3_kinematics_dynamics/local_setup.sh
-- Installing: /home/certezas/robotis_ws/install/op3_kinematics_dynamics/share/op3_kinematics_dynamics/local_setup.zsh
-- Installing: /home/certezas/robotis_ws/install/op3_kinematics_dynamics/share/op3_kinematics_dynamics/local_setup.dsv
-- Installing: /home/certezas/robotis_ws/install/op3_kinematics_dynamics/share/op3_kinematics_dynamics/package.dsv
-- Installing: /home/certezas/robotis_ws/install/op3_kinematics_dynamics/share/ament_index/resource_index/packages/op3_kinematics_dynamics
-- Installing: /home/certezas/robotis_ws/install/op3_kinematics_dynamics/share/op3_kinematics_dynamics/cmake/ament_cmake_export_include_directories-extras.cmake
-- Installing: /home/certezas/robotis_ws/install/op3_kinematics_dynamics/share/op3_kinematics_dynamics/cmake/ament_cmake_export_libraries-extras.cmake
-- Installing: /home/certezas/robotis_ws/install/op3_kinematics_dynamics/share/op3_kinematics_dynamics/cmake/ament_cmake_export_dependencies-extras.cmake
-- Installing: /home/certezas/robotis_ws/install/op3_kinematics_dynamics/share/op3_kinematics_dynamics/cmake/op3_kinematics_dynamicsConfig.cmake
-- Installing: /home/certezas/robotis_ws/install/op3_kinematics_dynamics/share/op3_kinematics_dynamics/cmake/op3_kinematics_dynamicsConfig-version.cmake
-- Installing: /home/certezas/robotis_ws/install/op3_kinematics_dynamics/share/op3_kinematics_dynamics/package.xml
