-- Found ament_cmake: 1.3.11 (/opt/ros/humble/share/ament_cmake/cmake)
-- Found rclcpp: 16.0.12 (/opt/ros/humble/share/rclcpp/cmake)
-- Found rosidl_generator_c: 3.1.6 (/opt/ros/humble/share/rosidl_generator_c/cmake)
-- Found rosidl_adapter: 3.1.6 (/opt/ros/humble/share/rosidl_adapter/cmake)
-- Found rosidl_generator_cpp: 3.1.6 (/opt/ros/humble/share/rosidl_generator_cpp/cmake)
-- Using all available rosidl_typesupport_c: rosidl_typesupport_fastrtps_c;rosidl_typesupport_introspection_c
-- Using all available rosidl_typesupport_cpp: rosidl_typesupport_fastrtps_cpp;rosidl_typesupport_introspection_cpp
-- Found rmw_implementation_cmake: 6.1.2 (/opt/ros/humble/share/rmw_implementation_cmake/cmake)
-- Found rmw_fastrtps_cpp: 6.2.7 (/opt/ros/humble/share/rmw_fastrtps_cpp/cmake)
-- Using RMW implementation 'rmw_fastrtps_cpp' as default
-- Found robotis_device: 0.2.9 (/home/certezas/robotis_ws/install/robotis_device/share/robotis_device/cmake)
-- Configuring done
-- Generating done
-- Build files have been written to: /home/certezas/robotis_ws/build/robotis_framework_common
[100%] Built target robotis_framework_common
-- Install configuration: ""
-- Installing: /home/certezas/robotis_ws/install/robotis_framework_common/lib/librobotis_framework_common.a
-- Up-to-date: /home/certezas/robotis_ws/install/robotis_framework_common/include/robotis_framework_common
-- Installing: /home/certezas/robotis_ws/install/robotis_framework_common/include/robotis_framework_common/singleton.h
-- Installing: /home/certezas/robotis_ws/install/robotis_framework_common/include/robotis_framework_common/sensor_module.h
-- Installing: /home/certezas/robotis_ws/install/robotis_framework_common/include/robotis_framework_common/motion_module.h
-- Installing: /home/certezas/robotis_ws/install/robotis_framework_common/share/ament_index/resource_index/package_run_dependencies/robotis_framework_common
-- Installing: /home/certezas/robotis_ws/install/robotis_framework_common/share/ament_index/resource_index/parent_prefix_path/robotis_framework_common
-- Installing: /home/certezas/robotis_ws/install/robotis_framework_common/share/robotis_framework_common/environment/ament_prefix_path.sh
-- Installing: /home/certezas/robotis_ws/install/robotis_framework_common/share/robotis_framework_common/environment/ament_prefix_path.dsv
-- Installing: /home/certezas/robotis_ws/install/robotis_framework_common/share/robotis_framework_common/environment/path.sh
-- Installing: /home/certezas/robotis_ws/install/robotis_framework_common/share/robotis_framework_common/environment/path.dsv
-- Installing: /home/certezas/robotis_ws/install/robotis_framework_common/share/robotis_framework_common/local_setup.bash
-- Installing: /home/certezas/robotis_ws/install/robotis_framework_common/share/robotis_framework_common/local_setup.sh
-- Installing: /home/certezas/robotis_ws/install/robotis_framework_common/share/robotis_framework_common/local_setup.zsh
-- Installing: /home/certezas/robotis_ws/install/robotis_framework_common/share/robotis_framework_common/local_setup.dsv
-- Installing: /home/certezas/robotis_ws/install/robotis_framework_common/share/robotis_framework_common/package.dsv
-- Installing: /home/certezas/robotis_ws/install/robotis_framework_common/share/ament_index/resource_index/packages/robotis_framework_common
-- Installing: /home/certezas/robotis_ws/install/robotis_framework_common/share/robotis_framework_common/cmake/ament_cmake_export_include_directories-extras.cmake
-- Installing: /home/certezas/robotis_ws/install/robotis_framework_common/share/robotis_framework_common/cmake/robotis_framework_commonConfig.cmake
-- Installing: /home/certezas/robotis_ws/install/robotis_framework_common/share/robotis_framework_common/cmake/robotis_framework_commonConfig-version.cmake
-- Installing: /home/certezas/robotis_ws/install/robotis_framework_common/share/robotis_framework_common/package.xml
