-- Found ament_cmake: 1.3.11 (/opt/ros/humble/share/ament_cmake/cmake)
-- Found ament_index_cpp: 1.4.0 (/opt/ros/humble/share/ament_index_cpp/cmake)
-- Found rclcpp: 16.0.12 (/opt/ros/humble/share/rclcpp/cmake)
-- Found rosidl_generator_c: 3.1.6 (/opt/ros/humble/share/rosidl_generator_c/cmake)
-- Found rosidl_adapter: 3.1.6 (/opt/ros/humble/share/rosidl_adapter/cmake)
-- Found rosidl_generator_cpp: 3.1.6 (/opt/ros/humble/share/rosidl_generator_cpp/cmake)
-- Using all available rosidl_typesupport_c: rosidl_typesupport_fastrtps_c;rosidl_typesupport_introspection_c
-- Using all available rosidl_typesupport_cpp: rosidl_typesupport_fastrtps_cpp;rosidl_typesupport_introspection_cpp
-- Found rmw_implementation_cmake: 6.1.2 (/opt/ros/humble/share/rmw_implementation_cmake/cmake)
-- Found rmw_fastrtps_cpp: 6.2.7 (/opt/ros/humble/share/rmw_fastrtps_cpp/cmake)
-- Using RMW implementation 'rmw_fastrtps_cpp' as default
-- Found sensor_msgs: 4.8.0 (/opt/ros/humble/share/sensor_msgs/cmake)
-- Found visualization_msgs: 4.8.0 (/opt/ros/humble/share/visualization_msgs/cmake)
-- Found robotis_controller_msgs: 0.1.4 (/home/certezas/robotis_ws/install/robotis_controller_msgs/share/robotis_controller_msgs/cmake)
-- Found op3_walking_module_msgs: 0.1.1 (/home/certezas/robotis_ws/install/op3_walking_module_msgs/share/op3_walking_module_msgs/cmake)
-- Found op3_online_walking_module_msgs: 0.1.1 (/home/certezas/robotis_ws/install/op3_online_walking_module_msgs/share/op3_online_walking_module_msgs/cmake)
-- Found interactive_markers: 2.3.2 (/opt/ros/humble/share/interactive_markers/cmake)
-- Found tf2_geometry_msgs: 0.25.12 (/opt/ros/humble/share/tf2_geometry_msgs/cmake)
-- Found eigen3_cmake_module: 0.1.1 (/opt/ros/humble/share/eigen3_cmake_module/cmake)
-- Ensuring Eigen3 include directory is part of orocos-kdl CMake target
-- Configuring done
-- Generating done
-- Build files have been written to: /home/certezas/robotis_ws/build/op3_gui_demo
[  5%] [34m[1mGenerating ui_preview_walking_form.h[0m
[ 11%] [34m[1mGenerating ui_main_window.h[0m
[ 17%] [34m[1mGenerating qrc_images.cpp[0m
[ 23%] [34m[1mGenerating include/op3_gui_demo/moc_qnode.cpp[0m
[ 29%] [34m[1mGenerating include/op3_gui_demo/moc_preview_walking_form.cpp[0m
[ 35%] [34m[1mGenerating include/op3_gui_demo/moc_main_window.cpp[0m
[35m[1mConsolidate compiler generated dependencies of target op3_gui_demo[0m
[ 41%] [32mBuilding CXX object CMakeFiles/op3_gui_demo.dir/src/main.cpp.o[0m
[ 47%] [32mBuilding CXX object CMakeFiles/op3_gui_demo.dir/qrc_images.cpp.o[0m
[ 52%] [32mBuilding CXX object CMakeFiles/op3_gui_demo.dir/include/op3_gui_demo/moc_qnode.cpp.o[0m
[ 58%] [32mBuilding CXX object CMakeFiles/op3_gui_demo.dir/include/op3_gui_demo/moc_preview_walking_form.cpp.o[0m
[ 64%] [32mBuilding CXX object CMakeFiles/op3_gui_demo.dir/include/op3_gui_demo/moc_main_window.cpp.o[0m
[ 70%] [32mBuilding CXX object CMakeFiles/op3_gui_demo.dir/src/qnode_preview_walking.cpp.o[0m
[ 76%] [32mBuilding CXX object CMakeFiles/op3_gui_demo.dir/src/preview_walking_form.cpp.o[0m
[ 82%] [32mBuilding CXX object CMakeFiles/op3_gui_demo.dir/src/qnode_default_demo.cpp.o[0m
[ 88%] [32mBuilding CXX object CMakeFiles/op3_gui_demo.dir/src/main_window.cpp.o[0m
[ 94%] [32mBuilding CXX object CMakeFiles/op3_gui_demo.dir/src/qnode.cpp.o[0m
[100%] [32m[1mLinking CXX executable op3_gui_demo[0m
[100%] Built target op3_gui_demo
-- Install configuration: ""
-- Installing: /home/certezas/robotis_ws/install/op3_gui_demo/lib/op3_gui_demo/op3_gui_demo
-- Set runtime path of "/home/certezas/robotis_ws/install/op3_gui_demo/lib/op3_gui_demo/op3_gui_demo" to ""
-- Up-to-date: /home/certezas/robotis_ws/install/op3_gui_demo/share/op3_gui_demo/resources
-- Installing: /home/certezas/robotis_ws/install/op3_gui_demo/share/op3_gui_demo/resources/images.qrc
-- Up-to-date: /home/certezas/robotis_ws/install/op3_gui_demo/share/op3_gui_demo/resources/images
-- Installing: /home/certezas/robotis_ws/install/op3_gui_demo/share/op3_gui_demo/resources/images/icon.png
-- Up-to-date: /home/certezas/robotis_ws/install/op3_gui_demo/share/op3_gui_demo/launch
-- Installing: /home/certezas/robotis_ws/install/op3_gui_demo/share/op3_gui_demo/launch/op3_demo.launch.py
-- Up-to-date: /home/certezas/robotis_ws/install/op3_gui_demo/share/op3_gui_demo/config
-- Installing: /home/certezas/robotis_ws/install/op3_gui_demo/share/op3_gui_demo/config/init_pose.yaml
-- Installing: /home/certezas/robotis_ws/install/op3_gui_demo/share/op3_gui_demo/config/gui_motion.yaml
-- Installing: /home/certezas/robotis_ws/install/op3_gui_demo/share/op3_gui_demo/config/zero_pose.yaml
-- Installing: /home/certezas/robotis_ws/install/op3_gui_demo/share/op3_gui_demo/config/gui_config.yaml
-- Installing: /home/certezas/robotis_ws/install/op3_gui_demo/share/ament_index/resource_index/package_run_dependencies/op3_gui_demo
-- Installing: /home/certezas/robotis_ws/install/op3_gui_demo/share/ament_index/resource_index/parent_prefix_path/op3_gui_demo
-- Installing: /home/certezas/robotis_ws/install/op3_gui_demo/share/op3_gui_demo/environment/ament_prefix_path.sh
-- Installing: /home/certezas/robotis_ws/install/op3_gui_demo/share/op3_gui_demo/environment/ament_prefix_path.dsv
-- Installing: /home/certezas/robotis_ws/install/op3_gui_demo/share/op3_gui_demo/environment/path.sh
-- Installing: /home/certezas/robotis_ws/install/op3_gui_demo/share/op3_gui_demo/environment/path.dsv
-- Installing: /home/certezas/robotis_ws/install/op3_gui_demo/share/op3_gui_demo/local_setup.bash
-- Installing: /home/certezas/robotis_ws/install/op3_gui_demo/share/op3_gui_demo/local_setup.sh
-- Installing: /home/certezas/robotis_ws/install/op3_gui_demo/share/op3_gui_demo/local_setup.zsh
-- Installing: /home/certezas/robotis_ws/install/op3_gui_demo/share/op3_gui_demo/local_setup.dsv
-- Installing: /home/certezas/robotis_ws/install/op3_gui_demo/share/op3_gui_demo/package.dsv
-- Installing: /home/certezas/robotis_ws/install/op3_gui_demo/share/ament_index/resource_index/packages/op3_gui_demo
-- Installing: /home/certezas/robotis_ws/install/op3_gui_demo/share/op3_gui_demo/cmake/op3_gui_demoConfig.cmake
-- Installing: /home/certezas/robotis_ws/install/op3_gui_demo/share/op3_gui_demo/cmake/op3_gui_demoConfig-version.cmake
-- Installing: /home/certezas/robotis_ws/install/op3_gui_demo/share/op3_gui_demo/package.xml
