-- Found ament_cmake: 1.3.11 (/opt/ros/humble/share/ament_cmake/cmake)
-- Found ament_index_cpp: 1.4.0 (/opt/ros/humble/share/ament_index_cpp/cmake)
-- Found rclcpp: 16.0.12 (/opt/ros/humble/share/rclcpp/cmake)
-- Found rosidl_generator_c: 3.1.6 (/opt/ros/humble/share/rosidl_generator_c/cmake)
-- Found rosidl_adapter: 3.1.6 (/opt/ros/humble/share/rosidl_adapter/cmake)
-- Found rosidl_generator_cpp: 3.1.6 (/opt/ros/humble/share/rosidl_generator_cpp/cmake)
-- Using all available rosidl_typesupport_c: rosidl_typesupport_fastrtps_c;rosidl_typesupport_introspection_c
-- Using all available rosidl_typesupport_cpp: rosidl_typesupport_fastrtps_cpp;rosidl_typesupport_introspection_cpp
-- Found rmw_implementation_cmake: 6.1.2 (/opt/ros/humble/share/rmw_implementation_cmake/cmake)
-- Found rmw_fastrtps_cpp: 6.2.7 (/opt/ros/humble/share/rmw_fastrtps_cpp/cmake)
-- Using RMW implementation 'rmw_fastrtps_cpp' as default
-- Found sensor_msgs: 4.8.0 (/opt/ros/humble/share/sensor_msgs/cmake)
-- Found webots_ros2_driver: 2025.0.0 (/opt/ros/humble/share/webots_ros2_driver/cmake)
-- Found eigen3_cmake_module: 0.1.1 (/opt/ros/humble/share/eigen3_cmake_module/cmake)
-- Ensuring Eigen3 include directory is part of orocos-kdl CMake target
-- Configuring done
-- Generating done
-- Build files have been written to: /home/certezas/robotis_ws/build/op3_webots_ros2
[35m[1mConsolidate compiler generated dependencies of target op3_extern_controller[0m
[ 33%] [32mBuilding CXX object CMakeFiles/op3_extern_controller.dir/src/op3_extern_controller.cpp.o[0m
[ 66%] [32mBuilding CXX object CMakeFiles/op3_extern_controller.dir/src/extern_controller_main.cpp.o[0m
[100%] [32m[1mLinking CXX executable op3_extern_controller[0m
[100%] Built target op3_extern_controller
-- Install configuration: ""
-- Installing: /home/certezas/robotis_ws/install/op3_webots_ros2/lib/op3_webots_ros2/op3_extern_controller
-- Set runtime path of "/home/certezas/robotis_ws/install/op3_webots_ros2/lib/op3_webots_ros2/op3_extern_controller" to ""
-- Up-to-date: /home/certezas/robotis_ws/install/op3_webots_ros2/include/op3_webots_ros2
-- Installing: /home/certezas/robotis_ws/install/op3_webots_ros2/include/op3_webots_ros2/op3_extern_controller.hpp
-- Up-to-date: /home/certezas/robotis_ws/install/op3_webots_ros2/share/op3_webots_ros2//launch
-- Installing: /home/certezas/robotis_ws/install/op3_webots_ros2/share/op3_webots_ros2//launch/robot_launch.py
-- Up-to-date: /home/certezas/robotis_ws/install/op3_webots_ros2/share/op3_webots_ros2//resource
-- Installing: /home/certezas/robotis_ws/install/op3_webots_ros2/share/op3_webots_ros2//resource/op3_pid_gain_default.yaml
-- Up-to-date: /home/certezas/robotis_ws/install/op3_webots_ros2/share/op3_webots_ros2//images
-- Installing: /home/certezas/robotis_ws/install/op3_webots_ros2/share/op3_webots_ros2//images/grid.png
-- Up-to-date: /home/certezas/robotis_ws/install/op3_webots_ros2/share/op3_webots_ros2//protos
-- Installing: /home/certezas/robotis_ws/install/op3_webots_ros2/share/op3_webots_ros2//protos/RobotisOp3.proto
-- Up-to-date: /home/certezas/robotis_ws/install/op3_webots_ros2/share/op3_webots_ros2//worlds
-- Installing: /home/certezas/robotis_ws/install/op3_webots_ros2/share/op3_webots_ros2//worlds/robotis_op3_extern.wbt
-- Installing: /home/certezas/robotis_ws/install/op3_webots_ros2/share/op3_webots_ros2//worlds/.robotis_op3_extern.wbproj
-- Installing: /home/certezas/robotis_ws/install/op3_webots_ros2/share/op3_webots_ros2//worlds/.robotis_op3_extern.jpg
-- Installing: /home/certezas/robotis_ws/install/op3_webots_ros2/share/op3_webots_ros2//worlds/my_world.wbt
-- Installing: /home/certezas/robotis_ws/install/op3_webots_ros2/share/ament_index/resource_index/package_run_dependencies/op3_webots_ros2
-- Installing: /home/certezas/robotis_ws/install/op3_webots_ros2/share/ament_index/resource_index/parent_prefix_path/op3_webots_ros2
-- Installing: /home/certezas/robotis_ws/install/op3_webots_ros2/share/op3_webots_ros2/environment/ament_prefix_path.sh
-- Installing: /home/certezas/robotis_ws/install/op3_webots_ros2/share/op3_webots_ros2/environment/ament_prefix_path.dsv
-- Installing: /home/certezas/robotis_ws/install/op3_webots_ros2/share/op3_webots_ros2/environment/path.sh
-- Installing: /home/certezas/robotis_ws/install/op3_webots_ros2/share/op3_webots_ros2/environment/path.dsv
-- Installing: /home/certezas/robotis_ws/install/op3_webots_ros2/share/op3_webots_ros2/local_setup.bash
-- Installing: /home/certezas/robotis_ws/install/op3_webots_ros2/share/op3_webots_ros2/local_setup.sh
-- Installing: /home/certezas/robotis_ws/install/op3_webots_ros2/share/op3_webots_ros2/local_setup.zsh
-- Installing: /home/certezas/robotis_ws/install/op3_webots_ros2/share/op3_webots_ros2/local_setup.dsv
-- Installing: /home/certezas/robotis_ws/install/op3_webots_ros2/share/op3_webots_ros2/package.dsv
-- Installing: /home/certezas/robotis_ws/install/op3_webots_ros2/share/ament_index/resource_index/packages/op3_webots_ros2
-- Installing: /home/certezas/robotis_ws/install/op3_webots_ros2/share/op3_webots_ros2/cmake/op3_webots_ros2Config.cmake
-- Installing: /home/certezas/robotis_ws/install/op3_webots_ros2/share/op3_webots_ros2/cmake/op3_webots_ros2Config-version.cmake
-- Installing: /home/certezas/robotis_ws/install/op3_webots_ros2/share/op3_webots_ros2/package.xml
