-- Found ament_cmake: 1.3.11 (/opt/ros/humble/share/ament_cmake/cmake)
-- Found rclcpp: 16.0.12 (/opt/ros/humble/share/rclcpp/cmake)
-- Found rosidl_generator_c: 3.1.6 (/opt/ros/humble/share/rosidl_generator_c/cmake)
-- Found rosidl_adapter: 3.1.6 (/opt/ros/humble/share/rosidl_adapter/cmake)
-- Found rosidl_generator_cpp: 3.1.6 (/opt/ros/humble/share/rosidl_generator_cpp/cmake)
-- Using all available rosidl_typesupport_c: rosidl_typesupport_fastrtps_c;rosidl_typesupport_introspection_c
-- Using all available rosidl_typesupport_cpp: rosidl_typesupport_fastrtps_cpp;rosidl_typesupport_introspection_cpp
-- Found rmw_implementation_cmake: 6.1.2 (/opt/ros/humble/share/rmw_implementation_cmake/cmake)
-- Found rmw_fastrtps_cpp: 6.2.7 (/opt/ros/humble/share/rmw_fastrtps_cpp/cmake)
-- Using RMW implementation 'rmw_fastrtps_cpp' as default
-- Found sensor_msgs: 4.8.0 (/opt/ros/humble/share/sensor_msgs/cmake)
-- Found robotis_controller_msgs: 0.1.4 (/home/certezas/robotis_ws/install/robotis_controller_msgs/share/robotis_controller_msgs/cmake)
-- Configuring done
-- Generating done
-- Build files have been written to: /home/certezas/robotis_ws/build/op3_read_write_demo
[35m[1mConsolidate compiler generated dependencies of target read_write[0m
[ 50%] [32mBuilding CXX object CMakeFiles/read_write.dir/src/read_write.cpp.o[0m
[100%] [32m[1mLinking CXX executable read_write[0m
[100%] Built target read_write
-- Install configuration: ""
-- Installing: /home/certezas/robotis_ws/install/op3_read_write_demo/lib/op3_read_write_demo/read_write
-- Set runtime path of "/home/certezas/robotis_ws/install/op3_read_write_demo/lib/op3_read_write_demo/read_write" to ""
-- Up-to-date: /home/certezas/robotis_ws/install/op3_read_write_demo/share/op3_read_write_demo/launch
-- Installing: /home/certezas/robotis_ws/install/op3_read_write_demo/share/op3_read_write_demo/launch/op3_read_write.launch.xml
-- Installing: /home/certezas/robotis_ws/install/op3_read_write_demo/share/ament_index/resource_index/package_run_dependencies/op3_read_write_demo
-- Installing: /home/certezas/robotis_ws/install/op3_read_write_demo/share/ament_index/resource_index/parent_prefix_path/op3_read_write_demo
-- Installing: /home/certezas/robotis_ws/install/op3_read_write_demo/share/op3_read_write_demo/environment/ament_prefix_path.sh
-- Installing: /home/certezas/robotis_ws/install/op3_read_write_demo/share/op3_read_write_demo/environment/ament_prefix_path.dsv
-- Installing: /home/certezas/robotis_ws/install/op3_read_write_demo/share/op3_read_write_demo/environment/path.sh
-- Installing: /home/certezas/robotis_ws/install/op3_read_write_demo/share/op3_read_write_demo/environment/path.dsv
-- Installing: /home/certezas/robotis_ws/install/op3_read_write_demo/share/op3_read_write_demo/local_setup.bash
-- Installing: /home/certezas/robotis_ws/install/op3_read_write_demo/share/op3_read_write_demo/local_setup.sh
-- Installing: /home/certezas/robotis_ws/install/op3_read_write_demo/share/op3_read_write_demo/local_setup.zsh
-- Installing: /home/certezas/robotis_ws/install/op3_read_write_demo/share/op3_read_write_demo/local_setup.dsv
-- Installing: /home/certezas/robotis_ws/install/op3_read_write_demo/share/op3_read_write_demo/package.dsv
-- Installing: /home/certezas/robotis_ws/install/op3_read_write_demo/share/ament_index/resource_index/packages/op3_read_write_demo
-- Installing: /home/certezas/robotis_ws/install/op3_read_write_demo/share/op3_read_write_demo/cmake/op3_read_write_demoConfig.cmake
-- Installing: /home/certezas/robotis_ws/install/op3_read_write_demo/share/op3_read_write_demo/cmake/op3_read_write_demoConfig-version.cmake
-- Installing: /home/certezas/robotis_ws/install/op3_read_write_demo/share/op3_read_write_demo/package.xml
